===== 2026-05-27 22:05:58 =====
[mounted] /dev/nvme0n1 -> /nvme/media
Filesystem      Size  Used Avail Use% Mounted on
/dev/nvme0n1    916G  544G  326G  63% /nvme/media
SOURCE       TARGET      FSTYPE OPTIONS
/dev/nvme0n1 /nvme/media ext4   rw,noatime,nodiratime,stripe=32

===== 2026-05-27 22:06:08 =====
[mounted] /dev/nvme0n1 -> /nvme/media
Filesystem      Size  Used Avail Use% Mounted on
/dev/nvme0n1    916G  549G  321G  64% /nvme/media
SOURCE       TARGET      FSTYPE OPTIONS
/dev/nvme0n1 /nvme/media ext4   rw,noatime,nodiratime,stripe=32

===== 2026-05-27 22:06:18 =====
[mounted] /dev/nvme0n1 -> /nvme/media
Filesystem      Size  Used Avail Use% Mounted on
/dev/nvme0n1    916G  553G  317G  64% /nvme/media
SOURCE       TARGET      FSTYPE OPTIONS
/dev/nvme0n1 /nvme/media ext4   rw,noatime,nodiratime,stripe=32

===== 2026-05-27 22:06:28 =====
[mounted] /dev/nvme0n1 -> /nvme/media
Filesystem      Size  Used Avail Use% Mounted on
/dev/nvme0n1    916G  558G  312G  65% /nvme/media
SOURCE       TARGET      FSTYPE OPTIONS
/dev/nvme0n1 /nvme/media ext4   rw,noatime,nodiratime,stripe=32

===== 2026-05-27 22:06:38 =====
[mounted] /dev/nvme0n1 -> /nvme/media
Filesystem      Size  Used Avail Use% Mounted on
/dev/nvme0n1    916G  562G  308G  65% /nvme/media
SOURCE       TARGET      FSTYPE OPTIONS
/dev/nvme0n1 /nvme/media ext4   rw,noatime,nodiratime,stripe=32

===== 2026-05-27 22:06:48 =====
[mounted] /dev/nvme0n1 -> /nvme/media
Filesystem      Size  Used Avail Use% Mounted on
/dev/nvme0n1    916G  567G  303G  66% /nvme/media
SOURCE       TARGET      FSTYPE OPTIONS
/dev/nvme0n1 /nvme/media ext4   rw,noatime,nodiratime,stripe=32

===== 2026-05-27 22:06:58 =====
[mounted] /dev/nvme0n1 -> /nvme/media
Filesystem      Size  Used Avail Use% Mounted on
/dev/nvme0n1    916G  571G  299G  66% /nvme/media
SOURCE       TARGET      FSTYPE OPTIONS
/dev/nvme0n1 /nvme/media ext4   rw,noatime,nodiratime,stripe=32

===== 2026-05-27 22:07:08 =====
[mounted] /dev/nvme0n1 -> /nvme/media
Filesystem      Size  Used Avail Use% Mounted on
/dev/nvme0n1    916G  576G  294G  67% /nvme/media
SOURCE       TARGET      FSTYPE OPTIONS
/dev/nvme0n1 /nvme/media ext4   rw,noatime,nodiratime,stripe=32

===== 2026-05-27 22:07:18 =====
[mounted] /dev/nvme0n1 -> /nvme/media
Filesystem      Size  Used Avail Use% Mounted on
/dev/nvme0n1    916G  581G  290G  67% /nvme/media
SOURCE       TARGET      FSTYPE OPTIONS
/dev/nvme0n1 /nvme/media ext4   rw,noatime,nodiratime,stripe=32

===== 2026-05-27 22:07:28 =====
[mounted] /dev/nvme0n1 -> /nvme/media
Filesystem      Size  Used Avail Use% Mounted on
/dev/nvme0n1    916G  585G  285G  68% /nvme/media
SOURCE       TARGET      FSTYPE OPTIONS
/dev/nvme0n1 /nvme/media ext4   rw,noatime,nodiratime,stripe=32

===== 2026-05-27 22:07:39 =====
[mounted] /dev/nvme0n1 -> /nvme/media
Filesystem      Size  Used Avail Use% Mounted on
/dev/nvme0n1    916G  590G  280G  68% /nvme/media
SOURCE       TARGET      FSTYPE OPTIONS
/dev/nvme0n1 /nvme/media ext4   rw,noatime,nodiratime,stripe=32

===== 2026-05-27 22:07:49 =====
[mounted] /dev/nvme0n1 -> /nvme/media
Filesystem      Size  Used Avail Use% Mounted on
/dev/nvme0n1    916G  594G  276G  69% /nvme/media
SOURCE       TARGET      FSTYPE OPTIONS
/dev/nvme0n1 /nvme/media ext4   rw,noatime,nodiratime,stripe=32

===== 2026-05-27 22:07:59 =====
[mounted] /dev/nvme0n1 -> /nvme/media
Filesystem      Size  Used Avail Use% Mounted on
/dev/nvme0n1    916G  599G  272G  69% /nvme/media
SOURCE       TARGET      FSTYPE OPTIONS
/dev/nvme0n1 /nvme/media ext4   rw,noatime,nodiratime,stripe=32

===== 2026-05-27 22:08:09 =====
[mounted] /dev/nvme0n1 -> /nvme/media
Filesystem      Size  Used Avail Use% Mounted on
/dev/nvme0n1    916G  603G  267G  70% /nvme/media
SOURCE       TARGET      FSTYPE OPTIONS
/dev/nvme0n1 /nvme/media ext4   rw,noatime,nodiratime,stripe=32

===== 2026-05-27 22:08:19 =====
[mounted] /dev/nvme0n1 -> /nvme/media
Filesystem      Size  Used Avail Use% Mounted on
/dev/nvme0n1    916G  608G  263G  70% /nvme/media
SOURCE       TARGET      FSTYPE OPTIONS
/dev/nvme0n1 /nvme/media ext4   rw,noatime,nodiratime,stripe=32

===== 2026-05-27 22:08:29 =====
[mounted] /dev/nvme0n1 -> /nvme/media
Filesystem      Size  Used Avail Use% Mounted on
/dev/nvme0n1    916G  612G  258G  71% /nvme/media
SOURCE       TARGET      FSTYPE OPTIONS
/dev/nvme0n1 /nvme/media ext4   rw,noatime,nodiratime,stripe=32

===== 2026-05-27 22:08:39 =====
[mounted] /dev/nvme0n1 -> /nvme/media
Filesystem      Size  Used Avail Use% Mounted on
/dev/nvme0n1    916G  616G  254G  71% /nvme/media
SOURCE       TARGET      FSTYPE OPTIONS
/dev/nvme0n1 /nvme/media ext4   rw,noatime,nodiratime,stripe=32

===== 2026-05-27 22:08:49 =====
[mounted] /dev/nvme0n1 -> /nvme/media
Filesystem      Size  Used Avail Use% Mounted on
/dev/nvme0n1    916G  621G  249G  72% /nvme/media
SOURCE       TARGET      FSTYPE OPTIONS
/dev/nvme0n1 /nvme/media ext4   rw,noatime,nodiratime,stripe=32

===== 2026-05-27 22:08:59 =====
[mounted] /dev/nvme0n1 -> /nvme/media
Filesystem      Size  Used Avail Use% Mounted on
/dev/nvme0n1    916G  625G  245G  72% /nvme/media
SOURCE       TARGET      FSTYPE OPTIONS
/dev/nvme0n1 /nvme/media ext4   rw,noatime,nodiratime,stripe=32

===== 2026-05-27 22:09:09 =====
[mounted] /dev/nvme0n1 -> /nvme/media
Filesystem      Size  Used Avail Use% Mounted on
/dev/nvme0n1    916G  630G  240G  73% /nvme/media
SOURCE       TARGET      FSTYPE OPTIONS
/dev/nvme0n1 /nvme/media ext4   rw,noatime,nodiratime,stripe=32

===== 2026-05-27 22:09:19 =====
[mounted] /dev/nvme0n1 -> /nvme/media
Filesystem      Size  Used Avail Use% Mounted on
/dev/nvme0n1    916G  634G  236G  73% /nvme/media
SOURCE       TARGET      FSTYPE OPTIONS
/dev/nvme0n1 /nvme/media ext4   rw,noatime,nodiratime,stripe=32

===== 2026-05-27 22:09:29 =====
[mounted] /dev/nvme0n1 -> /nvme/media
Filesystem      Size  Used Avail Use% Mounted on
/dev/nvme0n1    916G  639G  231G  74% /nvme/media
SOURCE       TARGET      FSTYPE OPTIONS
/dev/nvme0n1 /nvme/media ext4   rw,noatime,nodiratime,stripe=32

===== 2026-05-27 22:09:39 =====
[mounted] /dev/nvme0n1 -> /nvme/media
Filesystem      Size  Used Avail Use% Mounted on
/dev/nvme0n1    916G  643G  227G  74% /nvme/media
SOURCE       TARGET      FSTYPE OPTIONS
/dev/nvme0n1 /nvme/media ext4   rw,noatime,nodiratime,stripe=32

===== 2026-05-27 22:09:49 =====
[mounted] /dev/nvme0n1 -> /nvme/media
Filesystem      Size  Used Avail Use% Mounted on
/dev/nvme0n1    916G  648G  222G  75% /nvme/media
SOURCE       TARGET      FSTYPE OPTIONS
/dev/nvme0n1 /nvme/media ext4   rw,noatime,nodiratime,stripe=32

===== 2026-05-27 22:09:59 =====
[mounted] /dev/nvme0n1 -> /nvme/media
Filesystem      Size  Used Avail Use% Mounted on
/dev/nvme0n1    916G  652G  218G  75% /nvme/media
SOURCE       TARGET      FSTYPE OPTIONS
/dev/nvme0n1 /nvme/media ext4   rw,noatime,nodiratime,stripe=32

===== 2026-05-27 22:10:09 =====
[mounted] /dev/nvme0n1 -> /nvme/media
Filesystem      Size  Used Avail Use% Mounted on
/dev/nvme0n1    916G  657G  213G  76% /nvme/media
SOURCE       TARGET      FSTYPE OPTIONS
/dev/nvme0n1 /nvme/media ext4   rw,noatime,nodiratime,stripe=32

===== 2026-05-27 22:10:19 =====
[mounted] /dev/nvme0n1 -> /nvme/media
Filesystem      Size  Used Avail Use% Mounted on
/dev/nvme0n1    916G  661G  209G  77% /nvme/media
SOURCE       TARGET      FSTYPE OPTIONS
/dev/nvme0n1 /nvme/media ext4   rw,noatime,nodiratime,stripe=32

===== 2026-05-27 22:10:29 =====
[mounted] /dev/nvme0n1 -> /nvme/media
Filesystem      Size  Used Avail Use% Mounted on
/dev/nvme0n1    916G  666G  204G  77% /nvme/media
SOURCE       TARGET      FSTYPE OPTIONS
/dev/nvme0n1 /nvme/media ext4   rw,noatime,nodiratime,stripe=32

===== 2026-05-27 22:10:39 =====
[mounted] /dev/nvme0n1 -> /nvme/media
Filesystem      Size  Used Avail Use% Mounted on
/dev/nvme0n1    916G  670G  200G  78% /nvme/media
SOURCE       TARGET      FSTYPE OPTIONS
/dev/nvme0n1 /nvme/media ext4   rw,noatime,nodiratime,stripe=32

===== 2026-05-27 22:10:49 =====
[mounted] /dev/nvme0n1 -> /nvme/media
Filesystem      Size  Used Avail Use% Mounted on
/dev/nvme0n1    916G  675G  195G  78% /nvme/media
SOURCE       TARGET      FSTYPE OPTIONS
/dev/nvme0n1 /nvme/media ext4   rw,noatime,nodiratime,stripe=32

===== 2026-05-27 22:10:59 =====
[mounted] /dev/nvme0n1 -> /nvme/media
Filesystem      Size  Used Avail Use% Mounted on
/dev/nvme0n1    916G  679G  191G  79% /nvme/media
SOURCE       TARGET      FSTYPE OPTIONS
/dev/nvme0n1 /nvme/media ext4   rw,noatime,nodiratime,stripe=32

===== 2026-05-27 22:11:09 =====
[mounted] /dev/nvme0n1 -> /nvme/media
Filesystem      Size  Used Avail Use% Mounted on
/dev/nvme0n1    916G  684G  186G  79% /nvme/media
SOURCE       TARGET      FSTYPE OPTIONS
/dev/nvme0n1 /nvme/media ext4   rw,noatime,nodiratime,stripe=32

===== 2026-05-27 22:11:19 =====
[mounted] /dev/nvme0n1 -> /nvme/media
Filesystem      Size  Used Avail Use% Mounted on
/dev/nvme0n1    916G  689G  181G  80% /nvme/media
SOURCE       TARGET      FSTYPE OPTIONS
/dev/nvme0n1 /nvme/media ext4   rw,noatime,nodiratime,stripe=32

===== 2026-05-27 22:11:29 =====
[mounted] /dev/nvme0n1 -> /nvme/media
Filesystem      Size  Used Avail Use% Mounted on
/dev/nvme0n1    916G  694G  176G  80% /nvme/media
SOURCE       TARGET      FSTYPE OPTIONS
/dev/nvme0n1 /nvme/media ext4   rw,noatime,nodiratime,stripe=32

===== 2026-05-27 22:11:39 =====
[mounted] /dev/nvme0n1 -> /nvme/media
Filesystem      Size  Used Avail Use% Mounted on
/dev/nvme0n1    916G  700G  171G  81% /nvme/media
SOURCE       TARGET      FSTYPE OPTIONS
/dev/nvme0n1 /nvme/media ext4   rw,noatime,nodiratime,stripe=32

===== 2026-05-27 22:11:49 =====
[mounted] /dev/nvme0n1 -> /nvme/media
Filesystem      Size  Used Avail Use% Mounted on
/dev/nvme0n1    916G  705G  165G  82% /nvme/media
SOURCE       TARGET      FSTYPE OPTIONS
/dev/nvme0n1 /nvme/media ext4   rw,noatime,nodiratime,stripe=32

===== 2026-05-27 22:11:59 =====
[mounted] /dev/nvme0n1 -> /nvme/media
Filesystem      Size  Used Avail Use% Mounted on
/dev/nvme0n1    916G  710G  160G  82% /nvme/media
SOURCE       TARGET      FSTYPE OPTIONS
/dev/nvme0n1 /nvme/media ext4   rw,noatime,nodiratime,stripe=32

===== 2026-05-27 22:12:09 =====
[mounted] /dev/nvme0n1 -> /nvme/media
Filesystem      Size  Used Avail Use% Mounted on
/dev/nvme0n1    916G  716G  155G  83% /nvme/media
SOURCE       TARGET      FSTYPE OPTIONS
/dev/nvme0n1 /nvme/media ext4   rw,noatime,nodiratime,stripe=32

===== 2026-05-27 22:12:19 =====
[mounted] /dev/nvme0n1 -> /nvme/media
Filesystem      Size  Used Avail Use% Mounted on
/dev/nvme0n1    916G  721G  150G  83% /nvme/media
SOURCE       TARGET      FSTYPE OPTIONS
/dev/nvme0n1 /nvme/media ext4   rw,noatime,nodiratime,stripe=32

===== 2026-05-27 22:12:29 =====
[mounted] /dev/nvme0n1 -> /nvme/media
Filesystem      Size  Used Avail Use% Mounted on
/dev/nvme0n1    916G  726G  144G  84% /nvme/media
SOURCE       TARGET      FSTYPE OPTIONS
/dev/nvme0n1 /nvme/media ext4   rw,noatime,nodiratime,stripe=32

===== 2026-05-27 22:12:39 =====
[mounted] /dev/nvme0n1 -> /nvme/media
Filesystem      Size  Used Avail Use% Mounted on
/dev/nvme0n1    916G  732G  139G  85% /nvme/media
SOURCE       TARGET      FSTYPE OPTIONS
/dev/nvme0n1 /nvme/media ext4   rw,noatime,nodiratime,stripe=32

===== 2026-05-27 22:12:49 =====
[mounted] /dev/nvme0n1 -> /nvme/media
Filesystem      Size  Used Avail Use% Mounted on
/dev/nvme0n1    916G  736G  134G  85% /nvme/media
SOURCE       TARGET      FSTYPE OPTIONS
/dev/nvme0n1 /nvme/media ext4   rw,noatime,nodiratime,stripe=32

===== 2026-05-27 22:12:59 =====
[mounted] /dev/nvme0n1 -> /nvme/media
Filesystem      Size  Used Avail Use% Mounted on
/dev/nvme0n1    916G  742G  129G  86% /nvme/media
SOURCE       TARGET      FSTYPE OPTIONS
/dev/nvme0n1 /nvme/media ext4   rw,noatime,nodiratime,stripe=32

===== 2026-05-27 22:13:09 =====
[mounted] /dev/nvme0n1 -> /nvme/media
Filesystem      Size  Used Avail Use% Mounted on
/dev/nvme0n1    916G  746G  124G  86% /nvme/media
SOURCE       TARGET      FSTYPE OPTIONS
/dev/nvme0n1 /nvme/media ext4   rw,noatime,nodiratime,stripe=32

===== 2026-05-27 22:13:19 =====
[mounted] /dev/nvme0n1 -> /nvme/media
Filesystem      Size  Used Avail Use% Mounted on
/dev/nvme0n1    916G  750G  121G  87% /nvme/media
SOURCE       TARGET      FSTYPE OPTIONS
/dev/nvme0n1 /nvme/media ext4   rw,noatime,nodiratime,stripe=32

===== 2026-05-27 22:13:29 =====
[mounted] /dev/nvme0n1 -> /nvme/media
Filesystem      Size  Used Avail Use% Mounted on
/dev/nvme0n1    916G  749G  121G  87% /nvme/media
SOURCE       TARGET      FSTYPE OPTIONS
/dev/nvme0n1 /nvme/media ext4   rw,noatime,nodiratime,stripe=32

===== 2026-05-27 22:13:39 =====
[mounted] /dev/nvme0n1 -> /nvme/media
Filesystem      Size  Used Avail Use% Mounted on
/dev/nvme0n1    916G  748G  122G  86% /nvme/media
SOURCE       TARGET      FSTYPE OPTIONS
/dev/nvme0n1 /nvme/media ext4   rw,noatime,nodiratime,stripe=32

===== 2026-05-27 22:13:49 =====
[mounted] /dev/nvme0n1 -> /nvme/media
Filesystem      Size  Used Avail Use% Mounted on
/dev/nvme0n1    916G  747G  123G  86% /nvme/media
SOURCE       TARGET      FSTYPE OPTIONS
/dev/nvme0n1 /nvme/media ext4   rw,noatime,nodiratime,stripe=32

===== 2026-05-27 22:13:59 =====
[mounted] /dev/nvme0n1 -> /nvme/media
Filesystem      Size  Used Avail Use% Mounted on
/dev/nvme0n1    916G  746G  124G  86% /nvme/media
SOURCE       TARGET      FSTYPE OPTIONS
/dev/nvme0n1 /nvme/media ext4   rw,noatime,nodiratime,stripe=32

===== 2026-05-27 22:14:09 =====
[mounted] /dev/nvme0n1 -> /nvme/media
Filesystem      Size  Used Avail Use% Mounted on
/dev/nvme0n1    916G  745G  125G  86% /nvme/media
SOURCE       TARGET      FSTYPE OPTIONS
/dev/nvme0n1 /nvme/media ext4   rw,noatime,nodiratime,stripe=32

===== 2026-05-27 22:14:19 =====
[mounted] /dev/nvme0n1 -> /nvme/media
Filesystem      Size  Used Avail Use% Mounted on
/dev/nvme0n1    916G  744G  126G  86% /nvme/media
SOURCE       TARGET      FSTYPE OPTIONS
/dev/nvme0n1 /nvme/media ext4   rw,noatime,nodiratime,stripe=32

===== 2026-05-27 22:14:29 =====
[mounted] /dev/nvme0n1 -> /nvme/media
Filesystem      Size  Used Avail Use% Mounted on
/dev/nvme0n1    916G  743G  127G  86% /nvme/media
SOURCE       TARGET      FSTYPE OPTIONS
/dev/nvme0n1 /nvme/media ext4   rw,noatime,nodiratime,stripe=32

===== 2026-05-27 22:14:39 =====
[mounted] /dev/nvme0n1 -> /nvme/media
Filesystem      Size  Used Avail Use% Mounted on
/dev/nvme0n1    916G  742G  128G  86% /nvme/media
SOURCE       TARGET      FSTYPE OPTIONS
/dev/nvme0n1 /nvme/media ext4   rw,noatime,nodiratime,stripe=32

===== 2026-05-27 22:14:49 =====
[mounted] /dev/nvme0n1 -> /nvme/media
Filesystem      Size  Used Avail Use% Mounted on
/dev/nvme0n1    916G  741G  129G  86% /nvme/media
SOURCE       TARGET      FSTYPE OPTIONS
/dev/nvme0n1 /nvme/media ext4   rw,noatime,nodiratime,stripe=32

===== 2026-05-27 22:14:59 =====
[mounted] /dev/nvme0n1 -> /nvme/media
Filesystem      Size  Used Avail Use% Mounted on
/dev/nvme0n1    916G  740G  130G  86% /nvme/media
SOURCE       TARGET      FSTYPE OPTIONS
/dev/nvme0n1 /nvme/media ext4   rw,noatime,nodiratime,stripe=32

===== 2026-05-27 22:15:09 =====
[mounted] /dev/nvme0n1 -> /nvme/media
Filesystem      Size  Used Avail Use% Mounted on
/dev/nvme0n1    916G  739G  131G  85% /nvme/media
SOURCE       TARGET      FSTYPE OPTIONS
/dev/nvme0n1 /nvme/media ext4   rw,noatime,nodiratime,stripe=32

===== 2026-05-27 22:15:19 =====
[mounted] /dev/nvme0n1 -> /nvme/media
Filesystem      Size  Used Avail Use% Mounted on
/dev/nvme0n1    916G  738G  132G  85% /nvme/media
SOURCE       TARGET      FSTYPE OPTIONS
/dev/nvme0n1 /nvme/media ext4   rw,noatime,nodiratime,stripe=32

===== 2026-05-27 22:15:29 =====
[mounted] /dev/nvme0n1 -> /nvme/media
Filesystem      Size  Used Avail Use% Mounted on
/dev/nvme0n1    916G  737G  133G  85% /nvme/media
SOURCE       TARGET      FSTYPE OPTIONS
/dev/nvme0n1 /nvme/media ext4   rw,noatime,nodiratime,stripe=32

===== 2026-05-27 22:15:39 =====
[mounted] /dev/nvme0n1 -> /nvme/media
Filesystem      Size  Used Avail Use% Mounted on
/dev/nvme0n1    916G  736G  134G  85% /nvme/media
SOURCE       TARGET      FSTYPE OPTIONS
/dev/nvme0n1 /nvme/media ext4   rw,noatime,nodiratime,stripe=32

===== 2026-05-27 22:15:49 =====
[mounted] /dev/nvme0n1 -> /nvme/media
Filesystem      Size  Used Avail Use% Mounted on
/dev/nvme0n1    916G  735G  135G  85% /nvme/media
SOURCE       TARGET      FSTYPE OPTIONS
/dev/nvme0n1 /nvme/media ext4   rw,noatime,nodiratime,stripe=32

===== 2026-05-27 22:15:59 =====
[mounted] /dev/nvme0n1 -> /nvme/media
Filesystem      Size  Used Avail Use% Mounted on
/dev/nvme0n1    916G  734G  136G  85% /nvme/media
SOURCE       TARGET      FSTYPE OPTIONS
/dev/nvme0n1 /nvme/media ext4   rw,noatime,nodiratime,stripe=32

===== 2026-05-27 22:16:09 =====
[mounted] /dev/nvme0n1 -> /nvme/media
Filesystem      Size  Used Avail Use% Mounted on
/dev/nvme0n1    916G  733G  137G  85% /nvme/media
SOURCE       TARGET      FSTYPE OPTIONS
/dev/nvme0n1 /nvme/media ext4   rw,noatime,nodiratime,stripe=32

===== 2026-05-27 22:16:20 =====
[mounted] /dev/nvme0n1 -> /nvme/media
Filesystem      Size  Used Avail Use% Mounted on
/dev/nvme0n1    916G  732G  138G  85% /nvme/media
SOURCE       TARGET      FSTYPE OPTIONS
/dev/nvme0n1 /nvme/media ext4   rw,noatime,nodiratime,stripe=32

===== 2026-05-27 22:16:30 =====
[mounted] /dev/nvme0n1 -> /nvme/media
Filesystem      Size  Used Avail Use% Mounted on
/dev/nvme0n1    916G  731G  139G  85% /nvme/media
SOURCE       TARGET      FSTYPE OPTIONS
/dev/nvme0n1 /nvme/media ext4   rw,noatime,nodiratime,stripe=32

===== 2026-05-27 22:16:40 =====
[mounted] /dev/nvme0n1 -> /nvme/media
Filesystem      Size  Used Avail Use% Mounted on
/dev/nvme0n1    916G  730G  140G  84% /nvme/media
SOURCE       TARGET      FSTYPE OPTIONS
/dev/nvme0n1 /nvme/media ext4   rw,noatime,nodiratime,stripe=32

===== 2026-05-27 22:16:50 =====
[mounted] /dev/nvme0n1 -> /nvme/media
Filesystem      Size  Used Avail Use% Mounted on
/dev/nvme0n1    916G  729G  141G  84% /nvme/media
SOURCE       TARGET      FSTYPE OPTIONS
/dev/nvme0n1 /nvme/media ext4   rw,noatime,nodiratime,stripe=32

===== 2026-05-27 22:17:00 =====
[mounted] /dev/nvme0n1 -> /nvme/media
Filesystem      Size  Used Avail Use% Mounted on
/dev/nvme0n1    916G  728G  142G  84% /nvme/media
SOURCE       TARGET      FSTYPE OPTIONS
/dev/nvme0n1 /nvme/media ext4   rw,noatime,nodiratime,stripe=32

===== 2026-05-27 22:17:10 =====
[mounted] /dev/nvme0n1 -> /nvme/media
Filesystem      Size  Used Avail Use% Mounted on
/dev/nvme0n1    916G  727G  143G  84% /nvme/media
SOURCE       TARGET      FSTYPE OPTIONS
/dev/nvme0n1 /nvme/media ext4   rw,noatime,nodiratime,stripe=32

===== 2026-05-27 22:17:20 =====
[mounted] /dev/nvme0n1 -> /nvme/media
Filesystem      Size  Used Avail Use% Mounted on
/dev/nvme0n1    916G  726G  144G  84% /nvme/media
SOURCE       TARGET      FSTYPE OPTIONS
/dev/nvme0n1 /nvme/media ext4   rw,noatime,nodiratime,stripe=32

===== 2026-05-27 22:17:30 =====
[mounted] /dev/nvme0n1 -> /nvme/media
Filesystem      Size  Used Avail Use% Mounted on
/dev/nvme0n1    916G  725G  145G  84% /nvme/media
SOURCE       TARGET      FSTYPE OPTIONS
/dev/nvme0n1 /nvme/media ext4   rw,noatime,nodiratime,stripe=32

===== 2026-05-27 22:17:40 =====
[mounted] /dev/nvme0n1 -> /nvme/media
Filesystem      Size  Used Avail Use% Mounted on
/dev/nvme0n1    916G  724G  146G  84% /nvme/media
SOURCE       TARGET      FSTYPE OPTIONS
/dev/nvme0n1 /nvme/media ext4   rw,noatime,nodiratime,stripe=32

===== 2026-05-27 22:17:50 =====
[mounted] /dev/nvme0n1 -> /nvme/media
Filesystem      Size  Used Avail Use% Mounted on
/dev/nvme0n1    916G  723G  147G  84% /nvme/media
SOURCE       TARGET      FSTYPE OPTIONS
/dev/nvme0n1 /nvme/media ext4   rw,noatime,nodiratime,stripe=32

===== 2026-05-27 22:18:00 =====
[mounted] /dev/nvme0n1 -> /nvme/media
Filesystem      Size  Used Avail Use% Mounted on
/dev/nvme0n1    916G  722G  148G  84% /nvme/media
SOURCE       TARGET      FSTYPE OPTIONS
/dev/nvme0n1 /nvme/media ext4   rw,noatime,nodiratime,stripe=32

===== 2026-05-27 22:18:10 =====
[mounted] /dev/nvme0n1 -> /nvme/media
Filesystem      Size  Used Avail Use% Mounted on
/dev/nvme0n1    916G  721G  149G  83% /nvme/media
SOURCE       TARGET      FSTYPE OPTIONS
/dev/nvme0n1 /nvme/media ext4   rw,noatime,nodiratime,stripe=32

===== 2026-05-27 22:18:20 =====
[mounted] /dev/nvme0n1 -> /nvme/media
Filesystem      Size  Used Avail Use% Mounted on
/dev/nvme0n1    916G  720G  150G  83% /nvme/media
SOURCE       TARGET      FSTYPE OPTIONS
/dev/nvme0n1 /nvme/media ext4   rw,noatime,nodiratime,stripe=32

===== 2026-05-27 22:18:30 =====
[mounted] /dev/nvme0n1 -> /nvme/media
Filesystem      Size  Used Avail Use% Mounted on
/dev/nvme0n1    916G  719G  151G  83% /nvme/media
SOURCE       TARGET      FSTYPE OPTIONS
/dev/nvme0n1 /nvme/media ext4   rw,noatime,nodiratime,stripe=32

===== 2026-05-27 22:18:40 =====
[mounted] /dev/nvme0n1 -> /nvme/media
Filesystem      Size  Used Avail Use% Mounted on
/dev/nvme0n1    916G  718G  152G  83% /nvme/media
SOURCE       TARGET      FSTYPE OPTIONS
/dev/nvme0n1 /nvme/media ext4   rw,noatime,nodiratime,stripe=32

===== 2026-05-27 22:18:50 =====
[mounted] /dev/nvme0n1 -> /nvme/media
Filesystem      Size  Used Avail Use% Mounted on
/dev/nvme0n1    916G  717G  153G  83% /nvme/media
SOURCE       TARGET      FSTYPE OPTIONS
/dev/nvme0n1 /nvme/media ext4   rw,noatime,nodiratime,stripe=32

===== 2026-05-27 22:19:00 =====
[mounted] /dev/nvme0n1 -> /nvme/media
Filesystem      Size  Used Avail Use% Mounted on
/dev/nvme0n1    916G  717G  154G  83% /nvme/media
SOURCE       TARGET      FSTYPE OPTIONS
/dev/nvme0n1 /nvme/media ext4   rw,noatime,nodiratime,stripe=32

===== 2026-05-27 22:19:10 =====
[mounted] /dev/nvme0n1 -> /nvme/media
Filesystem      Size  Used Avail Use% Mounted on
/dev/nvme0n1    916G  715G  155G  83% /nvme/media
SOURCE       TARGET      FSTYPE OPTIONS
/dev/nvme0n1 /nvme/media ext4   rw,noatime,nodiratime,stripe=32

===== 2026-05-27 22:19:20 =====
[mounted] /dev/nvme0n1 -> /nvme/media
Filesystem      Size  Used Avail Use% Mounted on
/dev/nvme0n1    916G  715G  156G  83% /nvme/media
SOURCE       TARGET      FSTYPE OPTIONS
/dev/nvme0n1 /nvme/media ext4   rw,noatime,nodiratime,stripe=32

===== 2026-05-27 22:19:30 =====
[mounted] /dev/nvme0n1 -> /nvme/media
Filesystem      Size  Used Avail Use% Mounted on
/dev/nvme0n1    916G  714G  157G  83% /nvme/media
SOURCE       TARGET      FSTYPE OPTIONS
/dev/nvme0n1 /nvme/media ext4   rw,noatime,nodiratime,stripe=32

===== 2026-05-27 22:19:40 =====
[mounted] /dev/nvme0n1 -> /nvme/media
Filesystem      Size  Used Avail Use% Mounted on
/dev/nvme0n1    916G  713G  158G  82% /nvme/media
SOURCE       TARGET      FSTYPE OPTIONS
/dev/nvme0n1 /nvme/media ext4   rw,noatime,nodiratime,stripe=32

===== 2026-05-27 22:19:50 =====
[mounted] /dev/nvme0n1 -> /nvme/media
Filesystem      Size  Used Avail Use% Mounted on
/dev/nvme0n1    916G  712G  159G  82% /nvme/media
SOURCE       TARGET      FSTYPE OPTIONS
/dev/nvme0n1 /nvme/media ext4   rw,noatime,nodiratime,stripe=32

===== 2026-05-27 22:20:00 =====
[mounted] /dev/nvme0n1 -> /nvme/media
Filesystem      Size  Used Avail Use% Mounted on
/dev/nvme0n1    916G  711G  160G  82% /nvme/media
SOURCE       TARGET      FSTYPE OPTIONS
/dev/nvme0n1 /nvme/media ext4   rw,noatime,nodiratime,stripe=32

===== 2026-05-27 22:20:10 =====
[mounted] /dev/nvme0n1 -> /nvme/media
Filesystem      Size  Used Avail Use% Mounted on
/dev/nvme0n1    916G  710G  161G  82% /nvme/media
SOURCE       TARGET      FSTYPE OPTIONS
/dev/nvme0n1 /nvme/media ext4   rw,noatime,nodiratime,stripe=32

===== 2026-05-27 22:20:20 =====
[mounted] /dev/nvme0n1 -> /nvme/media
Filesystem      Size  Used Avail Use% Mounted on
/dev/nvme0n1    916G  709G  162G  82% /nvme/media
SOURCE       TARGET      FSTYPE OPTIONS
/dev/nvme0n1 /nvme/media ext4   rw,noatime,nodiratime,stripe=32

===== 2026-05-27 22:20:30 =====
[mounted] /dev/nvme0n1 -> /nvme/media
Filesystem      Size  Used Avail Use% Mounted on
/dev/nvme0n1    916G  708G  163G  82% /nvme/media
SOURCE       TARGET      FSTYPE OPTIONS
/dev/nvme0n1 /nvme/media ext4   rw,noatime,nodiratime,stripe=32

===== 2026-05-27 22:20:40 =====
[mounted] /dev/nvme0n1 -> /nvme/media
Filesystem      Size  Used Avail Use% Mounted on
/dev/nvme0n1    916G  707G  164G  82% /nvme/media
SOURCE       TARGET      FSTYPE OPTIONS
/dev/nvme0n1 /nvme/media ext4   rw,noatime,nodiratime,stripe=32

===== 2026-05-27 22:20:50 =====
[mounted] /dev/nvme0n1 -> /nvme/media
Filesystem      Size  Used Avail Use% Mounted on
/dev/nvme0n1    916G  706G  165G  82% /nvme/media
SOURCE       TARGET      FSTYPE OPTIONS
/dev/nvme0n1 /nvme/media ext4   rw,noatime,nodiratime,stripe=32

===== 2026-05-27 22:21:00 =====
[mounted] /dev/nvme0n1 -> /nvme/media
Filesystem      Size  Used Avail Use% Mounted on
/dev/nvme0n1    916G  705G  166G  82% /nvme/media
SOURCE       TARGET      FSTYPE OPTIONS
/dev/nvme0n1 /nvme/media ext4   rw,noatime,nodiratime,stripe=32

===== 2026-05-27 22:21:10 =====
[mounted] /dev/nvme0n1 -> /nvme/media
Filesystem      Size  Used Avail Use% Mounted on
/dev/nvme0n1    916G  704G  167G  81% /nvme/media
SOURCE       TARGET      FSTYPE OPTIONS
/dev/nvme0n1 /nvme/media ext4   rw,noatime,nodiratime,stripe=32

===== 2026-05-27 22:21:20 =====
[mounted] /dev/nvme0n1 -> /nvme/media
Filesystem      Size  Used Avail Use% Mounted on
/dev/nvme0n1    916G  703G  168G  81% /nvme/media
SOURCE       TARGET      FSTYPE OPTIONS
/dev/nvme0n1 /nvme/media ext4   rw,noatime,nodiratime,stripe=32

===== 2026-05-27 22:21:30 =====
[mounted] /dev/nvme0n1 -> /nvme/media
Filesystem      Size  Used Avail Use% Mounted on
/dev/nvme0n1    916G  702G  169G  81% /nvme/media
SOURCE       TARGET      FSTYPE OPTIONS
/dev/nvme0n1 /nvme/media ext4   rw,noatime,nodiratime,stripe=32

===== 2026-05-27 22:21:40 =====
[mounted] /dev/nvme0n1 -> /nvme/media
Filesystem      Size  Used Avail Use% Mounted on
/dev/nvme0n1    916G  701G  170G  81% /nvme/media
SOURCE       TARGET      FSTYPE OPTIONS
/dev/nvme0n1 /nvme/media ext4   rw,noatime,nodiratime,stripe=32

===== 2026-05-27 22:21:50 =====
[mounted] /dev/nvme0n1 -> /nvme/media
Filesystem      Size  Used Avail Use% Mounted on
/dev/nvme0n1    916G  700G  171G  81% /nvme/media
SOURCE       TARGET      FSTYPE OPTIONS
/dev/nvme0n1 /nvme/media ext4   rw,noatime,nodiratime,stripe=32

===== 2026-05-27 22:22:01 =====
[mounted] /dev/nvme0n1 -> /nvme/media
Filesystem      Size  Used Avail Use% Mounted on
/dev/nvme0n1    916G  699G  172G  81% /nvme/media
SOURCE       TARGET      FSTYPE OPTIONS
/dev/nvme0n1 /nvme/media ext4   rw,noatime,nodiratime,stripe=32

===== 2026-05-27 22:22:11 =====
[mounted] /dev/nvme0n1 -> /nvme/media
Filesystem      Size  Used Avail Use% Mounted on
/dev/nvme0n1    916G  698G  173G  81% /nvme/media
SOURCE       TARGET      FSTYPE OPTIONS
/dev/nvme0n1 /nvme/media ext4   rw,noatime,nodiratime,stripe=32

===== 2026-05-27 22:22:21 =====
[mounted] /dev/nvme0n1 -> /nvme/media
Filesystem      Size  Used Avail Use% Mounted on
/dev/nvme0n1    916G  697G  174G  81% /nvme/media
SOURCE       TARGET      FSTYPE OPTIONS
/dev/nvme0n1 /nvme/media ext4   rw,noatime,nodiratime,stripe=32

===== 2026-05-27 22:22:31 =====
[mounted] /dev/nvme0n1 -> /nvme/media
Filesystem      Size  Used Avail Use% Mounted on
/dev/nvme0n1    916G  696G  175G  80% /nvme/media
SOURCE       TARGET      FSTYPE OPTIONS
/dev/nvme0n1 /nvme/media ext4   rw,noatime,nodiratime,stripe=32

===== 2026-05-27 22:22:41 =====
[mounted] /dev/nvme0n1 -> /nvme/media
Filesystem      Size  Used Avail Use% Mounted on
/dev/nvme0n1    916G  695G  175G  80% /nvme/media
SOURCE       TARGET      FSTYPE OPTIONS
/dev/nvme0n1 /nvme/media ext4   rw,noatime,nodiratime,stripe=32

===== 2026-05-27 22:22:51 =====
[mounted] /dev/nvme0n1 -> /nvme/media
Filesystem      Size  Used Avail Use% Mounted on
/dev/nvme0n1    916G  694G  177G  80% /nvme/media
SOURCE       TARGET      FSTYPE OPTIONS
/dev/nvme0n1 /nvme/media ext4   rw,noatime,nodiratime,stripe=32

===== 2026-05-27 22:23:01 =====
[mounted] /dev/nvme0n1 -> /nvme/media
Filesystem      Size  Used Avail Use% Mounted on
/dev/nvme0n1    916G  693G  178G  80% /nvme/media
SOURCE       TARGET      FSTYPE OPTIONS
/dev/nvme0n1 /nvme/media ext4   rw,noatime,nodiratime,stripe=32

===== 2026-05-27 22:23:11 =====
[mounted] /dev/nvme0n1 -> /nvme/media
Filesystem      Size  Used Avail Use% Mounted on
/dev/nvme0n1    916G  692G  179G  80% /nvme/media
SOURCE       TARGET      FSTYPE OPTIONS
/dev/nvme0n1 /nvme/media ext4   rw,noatime,nodiratime,stripe=32

===== 2026-05-27 22:23:21 =====
[mounted] /dev/nvme0n1 -> /nvme/media
Filesystem      Size  Used Avail Use% Mounted on
/dev/nvme0n1    916G  691G  180G  80% /nvme/media
SOURCE       TARGET      FSTYPE OPTIONS
/dev/nvme0n1 /nvme/media ext4   rw,noatime,nodiratime,stripe=32

===== 2026-05-27 22:23:31 =====
[mounted] /dev/nvme0n1 -> /nvme/media
Filesystem      Size  Used Avail Use% Mounted on
/dev/nvme0n1    916G  690G  181G  80% /nvme/media
SOURCE       TARGET      FSTYPE OPTIONS
/dev/nvme0n1 /nvme/media ext4   rw,noatime,nodiratime,stripe=32

===== 2026-05-27 22:23:41 =====
[mounted] /dev/nvme0n1 -> /nvme/media
Filesystem      Size  Used Avail Use% Mounted on
/dev/nvme0n1    916G  689G  182G  80% /nvme/media
SOURCE       TARGET      FSTYPE OPTIONS
/dev/nvme0n1 /nvme/media ext4   rw,noatime,nodiratime,stripe=32

===== 2026-05-27 22:23:51 =====
[mounted] /dev/nvme0n1 -> /nvme/media
Filesystem      Size  Used Avail Use% Mounted on
/dev/nvme0n1    916G  688G  183G  80% /nvme/media
SOURCE       TARGET      FSTYPE OPTIONS
/dev/nvme0n1 /nvme/media ext4   rw,noatime,nodiratime,stripe=32

===== 2026-05-27 22:24:01 =====
[mounted] /dev/nvme0n1 -> /nvme/media
Filesystem      Size  Used Avail Use% Mounted on
/dev/nvme0n1    916G  687G  184G  79% /nvme/media
SOURCE       TARGET      FSTYPE OPTIONS
/dev/nvme0n1 /nvme/media ext4   rw,noatime,nodiratime,stripe=32

===== 2026-05-27 22:24:11 =====
[mounted] /dev/nvme0n1 -> /nvme/media
Filesystem      Size  Used Avail Use% Mounted on
/dev/nvme0n1    916G  686G  185G  79% /nvme/media
SOURCE       TARGET      FSTYPE OPTIONS
/dev/nvme0n1 /nvme/media ext4   rw,noatime,nodiratime,stripe=32

===== 2026-05-27 22:24:21 =====
[mounted] /dev/nvme0n1 -> /nvme/media
Filesystem      Size  Used Avail Use% Mounted on
/dev/nvme0n1    916G  685G  186G  79% /nvme/media
SOURCE       TARGET      FSTYPE OPTIONS
/dev/nvme0n1 /nvme/media ext4   rw,noatime,nodiratime,stripe=32

===== 2026-05-27 22:24:31 =====
[mounted] /dev/nvme0n1 -> /nvme/media
Filesystem      Size  Used Avail Use% Mounted on
/dev/nvme0n1    916G  684G  186G  79% /nvme/media
SOURCE       TARGET      FSTYPE OPTIONS
/dev/nvme0n1 /nvme/media ext4   rw,noatime,nodiratime,stripe=32

===== 2026-05-27 22:24:41 =====
[mounted] /dev/nvme0n1 -> /nvme/media
Filesystem      Size  Used Avail Use% Mounted on
/dev/nvme0n1    916G  683G  188G  79% /nvme/media
SOURCE       TARGET      FSTYPE OPTIONS
/dev/nvme0n1 /nvme/media ext4   rw,noatime,nodiratime,stripe=32

===== 2026-05-27 22:24:51 =====
[mounted] /dev/nvme0n1 -> /nvme/media
Filesystem      Size  Used Avail Use% Mounted on
/dev/nvme0n1    916G  682G  189G  79% /nvme/media
SOURCE       TARGET      FSTYPE OPTIONS
/dev/nvme0n1 /nvme/media ext4   rw,noatime,nodiratime,stripe=32

===== 2026-05-27 22:25:01 =====
[mounted] /dev/nvme0n1 -> /nvme/media
Filesystem      Size  Used Avail Use% Mounted on
/dev/nvme0n1    916G  681G  190G  79% /nvme/media
SOURCE       TARGET      FSTYPE OPTIONS
/dev/nvme0n1 /nvme/media ext4   rw,noatime,nodiratime,stripe=32

===== 2026-05-27 22:25:11 =====
[mounted] /dev/nvme0n1 -> /nvme/media
Filesystem      Size  Used Avail Use% Mounted on
/dev/nvme0n1    916G  680G  191G  79% /nvme/media
SOURCE       TARGET      FSTYPE OPTIONS
/dev/nvme0n1 /nvme/media ext4   rw,noatime,nodiratime,stripe=32

===== 2026-05-27 22:25:21 =====
[mounted] /dev/nvme0n1 -> /nvme/media
Filesystem      Size  Used Avail Use% Mounted on
/dev/nvme0n1    916G  679G  192G  79% /nvme/media
SOURCE       TARGET      FSTYPE OPTIONS
/dev/nvme0n1 /nvme/media ext4   rw,noatime,nodiratime,stripe=32

===== 2026-05-27 22:25:31 =====
[mounted] /dev/nvme0n1 -> /nvme/media
Filesystem      Size  Used Avail Use% Mounted on
/dev/nvme0n1    916G  678G  193G  78% /nvme/media
SOURCE       TARGET      FSTYPE OPTIONS
/dev/nvme0n1 /nvme/media ext4   rw,noatime,nodiratime,stripe=32

===== 2026-05-27 22:25:41 =====
[mounted] /dev/nvme0n1 -> /nvme/media
Filesystem      Size  Used Avail Use% Mounted on
/dev/nvme0n1    916G  677G  194G  78% /nvme/media
SOURCE       TARGET      FSTYPE OPTIONS
/dev/nvme0n1 /nvme/media ext4   rw,noatime,nodiratime,stripe=32

===== 2026-05-27 22:25:51 =====
[mounted] /dev/nvme0n1 -> /nvme/media
Filesystem      Size  Used Avail Use% Mounted on
/dev/nvme0n1    916G  676G  195G  78% /nvme/media
SOURCE       TARGET      FSTYPE OPTIONS
/dev/nvme0n1 /nvme/media ext4   rw,noatime,nodiratime,stripe=32

===== 2026-05-27 22:26:01 =====
[mounted] /dev/nvme0n1 -> /nvme/media
Filesystem      Size  Used Avail Use% Mounted on
/dev/nvme0n1    916G  675G  196G  78% /nvme/media
SOURCE       TARGET      FSTYPE OPTIONS
/dev/nvme0n1 /nvme/media ext4   rw,noatime,nodiratime,stripe=32

===== 2026-05-27 22:26:11 =====
[mounted] /dev/nvme0n1 -> /nvme/media
Filesystem      Size  Used Avail Use% Mounted on
/dev/nvme0n1    916G  674G  197G  78% /nvme/media
SOURCE       TARGET      FSTYPE OPTIONS
/dev/nvme0n1 /nvme/media ext4   rw,noatime,nodiratime,stripe=32

===== 2026-05-27 22:26:21 =====
[mounted] /dev/nvme0n1 -> /nvme/media
Filesystem      Size  Used Avail Use% Mounted on
/dev/nvme0n1    916G  673G  198G  78% /nvme/media
SOURCE       TARGET      FSTYPE OPTIONS
/dev/nvme0n1 /nvme/media ext4   rw,noatime,nodiratime,stripe=32

===== 2026-05-27 22:26:31 =====
[mounted] /dev/nvme0n1 -> /nvme/media
Filesystem      Size  Used Avail Use% Mounted on
/dev/nvme0n1    916G  672G  199G  78% /nvme/media
SOURCE       TARGET      FSTYPE OPTIONS
/dev/nvme0n1 /nvme/media ext4   rw,noatime,nodiratime,stripe=32

===== 2026-05-27 22:26:41 =====
[mounted] /dev/nvme0n1 -> /nvme/media
Filesystem      Size  Used Avail Use% Mounted on
/dev/nvme0n1    916G  671G  200G  78% /nvme/media
SOURCE       TARGET      FSTYPE OPTIONS
/dev/nvme0n1 /nvme/media ext4   rw,noatime,nodiratime,stripe=32

===== 2026-05-27 22:26:51 =====
[mounted] /dev/nvme0n1 -> /nvme/media
Filesystem      Size  Used Avail Use% Mounted on
/dev/nvme0n1    916G  670G  201G  77% /nvme/media
SOURCE       TARGET      FSTYPE OPTIONS
/dev/nvme0n1 /nvme/media ext4   rw,noatime,nodiratime,stripe=32

===== 2026-05-27 22:27:01 =====
[mounted] /dev/nvme0n1 -> /nvme/media
Filesystem      Size  Used Avail Use% Mounted on
/dev/nvme0n1    916G  669G  202G  77% /nvme/media
SOURCE       TARGET      FSTYPE OPTIONS
/dev/nvme0n1 /nvme/media ext4   rw,noatime,nodiratime,stripe=32

===== 2026-05-27 22:27:11 =====
[mounted] /dev/nvme0n1 -> /nvme/media
Filesystem      Size  Used Avail Use% Mounted on
/dev/nvme0n1    916G  668G  203G  77% /nvme/media
SOURCE       TARGET      FSTYPE OPTIONS
/dev/nvme0n1 /nvme/media ext4   rw,noatime,nodiratime,stripe=32

===== 2026-05-27 22:27:21 =====
[mounted] /dev/nvme0n1 -> /nvme/media
Filesystem      Size  Used Avail Use% Mounted on
/dev/nvme0n1    916G  667G  204G  77% /nvme/media
SOURCE       TARGET      FSTYPE OPTIONS
/dev/nvme0n1 /nvme/media ext4   rw,noatime,nodiratime,stripe=32

===== 2026-05-27 22:27:31 =====
[mounted] /dev/nvme0n1 -> /nvme/media
Filesystem      Size  Used Avail Use% Mounted on
/dev/nvme0n1    916G  666G  205G  77% /nvme/media
SOURCE       TARGET      FSTYPE OPTIONS
/dev/nvme0n1 /nvme/media ext4   rw,noatime,nodiratime,stripe=32

===== 2026-05-27 22:27:41 =====
[mounted] /dev/nvme0n1 -> /nvme/media
Filesystem      Size  Used Avail Use% Mounted on
/dev/nvme0n1    916G  665G  206G  77% /nvme/media
SOURCE       TARGET      FSTYPE OPTIONS
/dev/nvme0n1 /nvme/media ext4   rw,noatime,nodiratime,stripe=32

===== 2026-05-27 22:27:51 =====
[mounted] /dev/nvme0n1 -> /nvme/media
Filesystem      Size  Used Avail Use% Mounted on
/dev/nvme0n1    916G  664G  207G  77% /nvme/media
SOURCE       TARGET      FSTYPE OPTIONS
/dev/nvme0n1 /nvme/media ext4   rw,noatime,nodiratime,stripe=32

===== 2026-05-27 22:28:01 =====
[mounted] /dev/nvme0n1 -> /nvme/media
Filesystem      Size  Used Avail Use% Mounted on
/dev/nvme0n1    916G  663G  208G  77% /nvme/media
SOURCE       TARGET      FSTYPE OPTIONS
/dev/nvme0n1 /nvme/media ext4   rw,noatime,nodiratime,stripe=32

===== 2026-05-27 22:28:11 =====
[mounted] /dev/nvme0n1 -> /nvme/media
Filesystem      Size  Used Avail Use% Mounted on
/dev/nvme0n1    916G  662G  209G  77% /nvme/media
SOURCE       TARGET      FSTYPE OPTIONS
/dev/nvme0n1 /nvme/media ext4   rw,noatime,nodiratime,stripe=32

===== 2026-05-27 22:28:21 =====
[mounted] /dev/nvme0n1 -> /nvme/media
Filesystem      Size  Used Avail Use% Mounted on
/dev/nvme0n1    916G  661G  209G  76% /nvme/media
SOURCE       TARGET      FSTYPE OPTIONS
/dev/nvme0n1 /nvme/media ext4   rw,noatime,nodiratime,stripe=32

