[2026-05-27 19:13:27] initial fs_source=/dev/nvme0n1 fs_target=/nvme/media fs_fstype=ext4 fs_avail=983334313984 fs_avail_human=915.80GiB
Filesystem      Size  Used Avail Use% Mounted on
/dev/nvme0n1    916G   48K  916G   1% /nvme/media
SOURCE       TARGET      FSTYPE OPTIONS
/dev/nvme0n1 /nvme/media ext4   rw,noatime,nodiratime
[2026-05-27 19:13:27] after_remount fs_source=/dev/nvme0n1 fs_target=/nvme/media fs_fstype=ext4 fs_avail=983334313984 fs_avail_human=915.80GiB
Filesystem      Size  Used Avail Use% Mounted on
/dev/nvme0n1    916G   48K  916G   1% /nvme/media
SOURCE       TARGET      FSTYPE OPTIONS
/dev/nvme0n1 /nvme/media ext4   rw,noatime,nodiratime
[2026-05-27 19:22:16] after_age fs_source=/dev/nvme0n1 fs_target=/nvme/media fs_fstype=ext4 fs_avail=412101447680 fs_avail_human=383.80GiB
Filesystem      Size  Used Avail Use% Mounted on
/dev/nvme0n1    916G  533G  384G  59% /nvme/media
SOURCE       TARGET      FSTYPE OPTIONS
/dev/nvme0n1 /nvme/media ext4   rw,noatime,nodiratime
[2026-05-27 19:27:01] filebench_running data_dir=/nvme/media/gc_exp/20260527_191327_nodiscard_data fb_files=156869 fb_bytes=164528280583 work_files=27746 work_bytes=107376041984 age_bytes=571230691328 fs_avail=140210065408 fs_avail_human=130.58GiB
[2026-05-27 19:27:01] filebench_running fs_source=/dev/nvme0n1 fs_target=/nvme/media fs_fstype=ext4 fs_avail=140190781440 fs_avail_human=130.56GiB
Filesystem      Size  Used Avail Use% Mounted on
/dev/nvme0n1    916G  786G  131G  86% /nvme/media
SOURCE       TARGET      FSTYPE OPTIONS
/dev/nvme0n1 /nvme/media ext4   rw,noatime,nodiratime
[2026-05-27 19:27:03] work_ready data_dir=/nvme/media/gc_exp/20260527_191327_nodiscard_data fb_files=156831 fb_bytes=164402600564 work_files=27746 work_bytes=107376041984 age_bytes=571230691328 fs_avail=140188499968 fs_avail_human=130.56GiB
[2026-05-27 19:27:03] work_ready fs_source=/dev/nvme0n1 fs_target=/nvme/media fs_fstype=ext4 fs_avail=140175622144 fs_avail_human=130.55GiB
Filesystem      Size  Used Avail Use% Mounted on
/dev/nvme0n1    916G  786G  131G  86% /nvme/media
SOURCE       TARGET      FSTYPE OPTIONS
/dev/nvme0n1 /nvme/media ext4   rw,noatime,nodiratime
[2026-05-27 19:27:03] measurement_begin mount_opt=nodiscard discard_state=off data_dir=/nvme/media/gc_exp/20260527_191327_nodiscard_data
[2026-05-27 19:42:03] after_run data_dir=/nvme/media/gc_exp/20260527_191327_nodiscard_data fb_files=156873 fb_bytes=165871023114 work_files=2827 work_bytes=11091599360 age_bytes=571230691328 fs_avail=234928099328 fs_avail_human=218.79GiB
[2026-05-27 19:42:03] after_run fs_source=/dev/nvme0n1 fs_target=/nvme/media fs_fstype=ext4 fs_avail=234928099328 fs_avail_human=218.79GiB
Filesystem      Size  Used Avail Use% Mounted on
/dev/nvme0n1    916G  698G  219G  77% /nvme/media
SOURCE       TARGET      FSTYPE OPTIONS
/dev/nvme0n1 /nvme/media ext4   rw,noatime,nodiratime
