[2026-05-27 19:27:03] start delete entries=27746 rate=6442450944/min (6.00GiB/min) runtime=900.0s watch_pid=19107 progress_sec=10.0
[2026-05-27 19:27:03] progress deleted_files=1 deleted_bytes=4194304 (4.00MiB) elapsed=0.00s
[2026-05-27 19:27:14] progress deleted_files=317 deleted_bytes=1128267776 (1.05GiB) elapsed=10.51s
[2026-05-27 19:27:24] progress deleted_files=589 deleted_bytes=2247098368 (2.09GiB) elapsed=20.85s
[2026-05-27 19:27:34] progress deleted_files=907 deleted_bytes=3348103168 (3.12GiB) elapsed=31.18s
[2026-05-27 19:27:45] progress deleted_files=1177 deleted_bytes=4442816512 (4.14GiB) elapsed=41.38s
[2026-05-27 19:27:55] progress deleted_files=1428 deleted_bytes=5530189824 (5.15GiB) elapsed=51.45s
[2026-05-27 19:28:05] progress deleted_files=1720 deleted_bytes=6616514560 (6.16GiB) elapsed=61.61s
[2026-05-27 19:28:15] progress deleted_files=2007 deleted_bytes=7700742144 (7.17GiB) elapsed=71.68s
[2026-05-27 19:28:25] progress deleted_files=2300 deleted_bytes=8781824000 (8.18GiB) elapsed=81.72s
[2026-05-27 19:28:35] progress deleted_files=2548 deleted_bytes=9875488768 (9.20GiB) elapsed=91.88s
[2026-05-27 19:28:45] progress deleted_files=2835 deleted_bytes=10943987712 (10.19GiB) elapsed=101.92s
[2026-05-27 19:28:55] progress deleted_files=3084 deleted_bytes=12022972416 (11.20GiB) elapsed=111.96s
[2026-05-27 19:29:05] progress deleted_files=3369 deleted_bytes=13117685760 (12.22GiB) elapsed=122.02s
[2026-05-27 19:29:15] progress deleted_files=3618 deleted_bytes=14184087552 (13.21GiB) elapsed=132.05s
[2026-05-27 19:29:25] progress deleted_files=3924 deleted_bytes=15269363712 (14.22GiB) elapsed=142.10s
[2026-05-27 19:29:35] progress deleted_files=4208 deleted_bytes=16350445568 (15.23GiB) elapsed=152.14s
[2026-05-27 19:29:45] progress deleted_files=4474 deleted_bytes=17422090240 (16.23GiB) elapsed=162.19s
[2026-05-27 19:29:55] progress deleted_files=4761 deleted_bytes=18493734912 (17.22GiB) elapsed=172.25s
[2026-05-27 19:30:05] progress deleted_files=5040 deleted_bytes=19575865344 (18.23GiB) elapsed=182.31s
[2026-05-27 19:30:16] progress deleted_files=5316 deleted_bytes=20676870144 (19.26GiB) elapsed=192.44s
[2026-05-27 19:30:26] progress deleted_files=5628 deleted_bytes=21787312128 (20.29GiB) elapsed=202.92s
[2026-05-27 19:30:36] progress deleted_files=5912 deleted_bytes=22912434176 (21.34GiB) elapsed=213.30s
[2026-05-27 19:30:47] progress deleted_files=6188 deleted_bytes=24010293248 (22.36GiB) elapsed=223.59s
[2026-05-27 19:30:57] progress deleted_files=6487 deleted_bytes=25113395200 (23.39GiB) elapsed=233.92s
[2026-05-27 19:31:07] progress deleted_files=6752 deleted_bytes=26202865664 (24.40GiB) elapsed=244.03s
[2026-05-27 19:31:17] progress deleted_files=7008 deleted_bytes=27311210496 (25.44GiB) elapsed=254.27s
[2026-05-27 19:31:28] progress deleted_files=7300 deleted_bytes=28397535232 (26.45GiB) elapsed=264.48s
[2026-05-27 19:31:38] progress deleted_files=7605 deleted_bytes=29488054272 (27.46GiB) elapsed=274.64s
[2026-05-27 19:31:48] progress deleted_files=7876 deleted_bytes=30593253376 (28.49GiB) elapsed=284.93s
[2026-05-27 19:31:58] progress deleted_files=8161 deleted_bytes=31687966720 (29.51GiB) elapsed=295.09s
[2026-05-27 19:32:08] progress deleted_files=8438 deleted_bytes=32793165824 (30.54GiB) elapsed=305.31s
[2026-05-27 19:32:19] progress deleted_files=8693 deleted_bytes=33894170624 (31.57GiB) elapsed=315.58s
[2026-05-27 19:32:29] progress deleted_files=8981 deleted_bytes=34995175424 (32.59GiB) elapsed=325.93s
[2026-05-27 19:32:39] progress deleted_files=9300 deleted_bytes=36106665984 (33.63GiB) elapsed=336.27s
[2026-05-27 19:32:50] progress deleted_files=9580 deleted_bytes=37208719360 (34.65GiB) elapsed=346.43s
[2026-05-27 19:33:00] progress deleted_files=9830 deleted_bytes=38317064192 (35.69GiB) elapsed=356.80s
[2026-05-27 19:33:10] progress deleted_files=10115 deleted_bytes=39430651904 (36.72GiB) elapsed=367.21s
[2026-05-27 19:33:21] progress deleted_files=10402 deleted_bytes=40536899584 (37.75GiB) elapsed=377.44s
[2026-05-27 19:33:31] progress deleted_files=10678 deleted_bytes=41653633024 (38.79GiB) elapsed=387.82s
[2026-05-27 19:33:41] progress deleted_files=10993 deleted_bytes=42764075008 (39.83GiB) elapsed=398.26s
[2026-05-27 19:33:52] progress deleted_files=11292 deleted_bytes=43864031232 (40.85GiB) elapsed=408.56s
[2026-05-27 19:34:02] progress deleted_files=11541 deleted_bytes=44961890304 (41.87GiB) elapsed=418.86s
[2026-05-27 19:34:12] progress deleted_files=11824 deleted_bytes=46082818048 (42.92GiB) elapsed=429.21s
[2026-05-27 19:34:23] progress deleted_files=12137 deleted_bytes=47194308608 (43.95GiB) elapsed=439.55s
[2026-05-27 19:34:33] progress deleted_files=12424 deleted_bytes=48313139200 (45.00GiB) elapsed=450.01s
[2026-05-27 19:34:44] progress deleted_files=12715 deleted_bytes=49442455552 (46.05GiB) elapsed=460.47s
[2026-05-27 19:34:54] progress deleted_files=13024 deleted_bytes=50546606080 (47.08GiB) elapsed=470.77s
[2026-05-27 19:35:04] progress deleted_files=13318 deleted_bytes=51675922432 (48.13GiB) elapsed=481.13s
[2026-05-27 19:35:15] progress deleted_files=13588 deleted_bytes=52761198592 (49.14GiB) elapsed=491.38s
[2026-05-27 19:35:25] progress deleted_files=13867 deleted_bytes=53871640576 (50.17GiB) elapsed=501.73s
[2026-05-27 19:35:35] progress deleted_files=14154 deleted_bytes=54993616896 (51.22GiB) elapsed=512.20s
[2026-05-27 19:35:46] progress deleted_files=14414 deleted_bytes=56096718848 (52.24GiB) elapsed=522.43s
[2026-05-27 19:35:56] progress deleted_files=14703 deleted_bytes=57201917952 (53.27GiB) elapsed=532.73s
[2026-05-27 19:36:06] progress deleted_files=14988 deleted_bytes=58306068480 (54.30GiB) elapsed=542.98s
[2026-05-27 19:36:16] progress deleted_files=15253 deleted_bytes=59392393216 (55.31GiB) elapsed=553.16s
[2026-05-27 19:36:27] progress deleted_files=15534 deleted_bytes=60508078080 (56.35GiB) elapsed=563.46s
[2026-05-27 19:36:37] progress deleted_files=15827 deleted_bytes=61604888576 (57.37GiB) elapsed=573.76s
[2026-05-27 19:36:47] progress deleted_files=16107 deleted_bytes=62722670592 (58.42GiB) elapsed=584.04s
[2026-05-27 19:36:57] progress deleted_files=16445 deleted_bytes=63810043904 (59.43GiB) elapsed=594.28s
[2026-05-27 19:37:08] progress deleted_files=16757 deleted_bytes=64901611520 (60.44GiB) elapsed=604.46s
[2026-05-27 19:37:18] progress deleted_files=17020 deleted_bytes=66001567744 (61.47GiB) elapsed=614.71s
[2026-05-27 19:37:28] progress deleted_files=17302 deleted_bytes=67127738368 (62.52GiB) elapsed=625.18s
[2026-05-27 19:37:39] progress deleted_files=17614 deleted_bytes=68228743168 (63.54GiB) elapsed=635.45s
[2026-05-27 19:37:49] progress deleted_files=17909 deleted_bytes=69346525184 (64.58GiB) elapsed=645.74s
[2026-05-27 19:37:59] progress deleted_files=18240 deleted_bytes=70458015744 (65.62GiB) elapsed=656.20s
[2026-05-27 19:38:09] progress deleted_files=18513 deleted_bytes=71552729088 (66.64GiB) elapsed=666.35s
[2026-05-27 19:38:20] progress deleted_files=18800 deleted_bytes=72655831040 (67.67GiB) elapsed=676.60s
[2026-05-27 19:38:30] progress deleted_files=19059 deleted_bytes=73764175872 (68.70GiB) elapsed=686.97s
[2026-05-27 19:38:40] progress deleted_files=19352 deleted_bytes=74854694912 (69.71GiB) elapsed=697.16s
[2026-05-27 19:38:51] progress deleted_files=19646 deleted_bytes=75955699712 (70.74GiB) elapsed=707.40s
[2026-05-27 19:39:01] progress deleted_files=19887 deleted_bytes=77054607360 (71.76GiB) elapsed=717.72s
[2026-05-27 19:39:11] progress deleted_files=20165 deleted_bytes=78186020864 (72.82GiB) elapsed=728.10s
[2026-05-27 19:39:22] progress deleted_files=20439 deleted_bytes=79275491328 (73.83GiB) elapsed=738.38s
[2026-05-27 19:39:32] progress deleted_files=20721 deleted_bytes=80373350400 (74.85GiB) elapsed=748.55s
[2026-05-27 19:39:42] progress deleted_files=21013 deleted_bytes=81472258048 (75.88GiB) elapsed=758.88s
[2026-05-27 19:39:52] progress deleted_files=21312 deleted_bytes=82594234368 (76.92GiB) elapsed=769.21s
[2026-05-27 19:40:03] progress deleted_files=21595 deleted_bytes=83683704832 (77.94GiB) elapsed=779.39s
[2026-05-27 19:40:13] progress deleted_files=21860 deleted_bytes=84779466752 (78.96GiB) elapsed=789.58s
[2026-05-27 19:40:23] progress deleted_files=22149 deleted_bytes=85894103040 (80.00GiB) elapsed=799.96s
[2026-05-27 19:40:33] progress deleted_files=22434 deleted_bytes=86991962112 (81.02GiB) elapsed=810.17s
[2026-05-27 19:40:44] progress deleted_files=22751 deleted_bytes=88095064064 (82.04GiB) elapsed=820.46s
[2026-05-27 19:40:54] progress deleted_files=22992 deleted_bytes=89190825984 (83.07GiB) elapsed=830.66s
[2026-05-27 19:41:04] progress deleted_files=23275 deleted_bytes=90314899456 (84.11GiB) elapsed=841.13s
[2026-05-27 19:41:15] progress deleted_files=23551 deleted_bytes=91422195712 (85.14GiB) elapsed=851.44s
[2026-05-27 19:41:25] progress deleted_files=23864 deleted_bytes=92527394816 (86.17GiB) elapsed=861.76s
[2026-05-27 19:41:35] progress deleted_files=24183 deleted_bytes=93642031104 (87.21GiB) elapsed=872.12s
[2026-05-27 19:41:45] progress deleted_files=24482 deleted_bytes=94738841600 (88.23GiB) elapsed=882.31s
[2026-05-27 19:41:56] progress deleted_files=24793 deleted_bytes=95850332160 (89.27GiB) elapsed=892.61s
[2026-05-27 19:42:01] sync after deletion
[2026-05-27 19:42:02] done deleted_files=24919 deleted_bytes=96284442624 (89.67GiB) elapsed=898.41s stop_reason=watch_pid_exit
