===== 2026-05-27 16:30:45 =====
[mounted] /dev/nvme0n1 -> /nvme/media
Filesystem      Size  Used Avail Use% Mounted on
/dev/nvme0n1    916G   12G  905G   2% /nvme/media
SOURCE       TARGET      FSTYPE OPTIONS
/dev/nvme0n1 /nvme/media ext4   rw,noatime,nodiratime,discard

===== 2026-05-27 16:30:55 =====
[mounted] /dev/nvme0n1 -> /nvme/media
Filesystem      Size  Used Avail Use% Mounted on
/dev/nvme0n1    916G   16G  901G   2% /nvme/media
SOURCE       TARGET      FSTYPE OPTIONS
/dev/nvme0n1 /nvme/media ext4   rw,noatime,nodiratime,discard

===== 2026-05-27 16:31:05 =====
[mounted] /dev/nvme0n1 -> /nvme/media
Filesystem      Size  Used Avail Use% Mounted on
/dev/nvme0n1    916G   20G  897G   3% /nvme/media
SOURCE       TARGET      FSTYPE OPTIONS
/dev/nvme0n1 /nvme/media ext4   rw,noatime,nodiratime,discard

===== 2026-05-27 16:31:15 =====
[mounted] /dev/nvme0n1 -> /nvme/media
Filesystem      Size  Used Avail Use% Mounted on
/dev/nvme0n1    916G   23G  894G   3% /nvme/media
SOURCE       TARGET      FSTYPE OPTIONS
/dev/nvme0n1 /nvme/media ext4   rw,noatime,nodiratime,discard

===== 2026-05-27 16:31:25 =====
[mounted] /dev/nvme0n1 -> /nvme/media
Filesystem      Size  Used Avail Use% Mounted on
/dev/nvme0n1    916G   27G  890G   3% /nvme/media
SOURCE       TARGET      FSTYPE OPTIONS
/dev/nvme0n1 /nvme/media ext4   rw,noatime,nodiratime,discard

===== 2026-05-27 16:31:35 =====
[mounted] /dev/nvme0n1 -> /nvme/media
Filesystem      Size  Used Avail Use% Mounted on
/dev/nvme0n1    916G   31G  886G   4% /nvme/media
SOURCE       TARGET      FSTYPE OPTIONS
/dev/nvme0n1 /nvme/media ext4   rw,noatime,nodiratime,discard

===== 2026-05-27 16:31:45 =====
[mounted] /dev/nvme0n1 -> /nvme/media
Filesystem      Size  Used Avail Use% Mounted on
/dev/nvme0n1    916G   35G  882G   4% /nvme/media
SOURCE       TARGET      FSTYPE OPTIONS
/dev/nvme0n1 /nvme/media ext4   rw,noatime,nodiratime,discard

===== 2026-05-27 16:31:55 =====
[mounted] /dev/nvme0n1 -> /nvme/media
Filesystem      Size  Used Avail Use% Mounted on
/dev/nvme0n1    916G   39G  877G   5% /nvme/media
SOURCE       TARGET      FSTYPE OPTIONS
/dev/nvme0n1 /nvme/media ext4   rw,noatime,nodiratime,discard

===== 2026-05-27 16:32:05 =====
[mounted] /dev/nvme0n1 -> /nvme/media
Filesystem      Size  Used Avail Use% Mounted on
/dev/nvme0n1    916G   43G  873G   5% /nvme/media
SOURCE       TARGET      FSTYPE OPTIONS
/dev/nvme0n1 /nvme/media ext4   rw,noatime,nodiratime,discard

===== 2026-05-27 16:32:15 =====
[mounted] /dev/nvme0n1 -> /nvme/media
Filesystem      Size  Used Avail Use% Mounted on
/dev/nvme0n1    916G   47G  870G   6% /nvme/media
SOURCE       TARGET      FSTYPE OPTIONS
/dev/nvme0n1 /nvme/media ext4   rw,noatime,nodiratime,discard

===== 2026-05-27 16:32:25 =====
[mounted] /dev/nvme0n1 -> /nvme/media
Filesystem      Size  Used Avail Use% Mounted on
/dev/nvme0n1    916G   51G  866G   6% /nvme/media
SOURCE       TARGET      FSTYPE OPTIONS
/dev/nvme0n1 /nvme/media ext4   rw,noatime,nodiratime,discard

===== 2026-05-27 16:32:35 =====
[mounted] /dev/nvme0n1 -> /nvme/media
Filesystem      Size  Used Avail Use% Mounted on
/dev/nvme0n1    916G   55G  862G   6% /nvme/media
SOURCE       TARGET      FSTYPE OPTIONS
/dev/nvme0n1 /nvme/media ext4   rw,noatime,nodiratime,discard

===== 2026-05-27 16:32:45 =====
[mounted] /dev/nvme0n1 -> /nvme/media
Filesystem      Size  Used Avail Use% Mounted on
/dev/nvme0n1    916G   59G  857G   7% /nvme/media
SOURCE       TARGET      FSTYPE OPTIONS
/dev/nvme0n1 /nvme/media ext4   rw,noatime,nodiratime,discard

===== 2026-05-27 16:32:55 =====
[mounted] /dev/nvme0n1 -> /nvme/media
Filesystem      Size  Used Avail Use% Mounted on
/dev/nvme0n1    916G   64G  853G   7% /nvme/media
SOURCE       TARGET      FSTYPE OPTIONS
/dev/nvme0n1 /nvme/media ext4   rw,noatime,nodiratime,discard

===== 2026-05-27 16:33:05 =====
[mounted] /dev/nvme0n1 -> /nvme/media
Filesystem      Size  Used Avail Use% Mounted on
/dev/nvme0n1    916G   67G  850G   8% /nvme/media
SOURCE       TARGET      FSTYPE OPTIONS
/dev/nvme0n1 /nvme/media ext4   rw,noatime,nodiratime,discard

===== 2026-05-27 16:33:15 =====
[mounted] /dev/nvme0n1 -> /nvme/media
Filesystem      Size  Used Avail Use% Mounted on
/dev/nvme0n1    916G   73G  844G   8% /nvme/media
SOURCE       TARGET      FSTYPE OPTIONS
/dev/nvme0n1 /nvme/media ext4   rw,noatime,nodiratime,discard

===== 2026-05-27 16:33:25 =====
[mounted] /dev/nvme0n1 -> /nvme/media
Filesystem      Size  Used Avail Use% Mounted on
/dev/nvme0n1    916G   77G  840G   9% /nvme/media
SOURCE       TARGET      FSTYPE OPTIONS
/dev/nvme0n1 /nvme/media ext4   rw,noatime,nodiratime,discard

===== 2026-05-27 16:33:35 =====
[mounted] /dev/nvme0n1 -> /nvme/media
Filesystem      Size  Used Avail Use% Mounted on
/dev/nvme0n1    916G   81G  836G   9% /nvme/media
SOURCE       TARGET      FSTYPE OPTIONS
/dev/nvme0n1 /nvme/media ext4   rw,noatime,nodiratime,discard

===== 2026-05-27 16:33:45 =====
[mounted] /dev/nvme0n1 -> /nvme/media
Filesystem      Size  Used Avail Use% Mounted on
/dev/nvme0n1    916G   85G  831G  10% /nvme/media
SOURCE       TARGET      FSTYPE OPTIONS
/dev/nvme0n1 /nvme/media ext4   rw,noatime,nodiratime,discard

===== 2026-05-27 16:33:55 =====
[mounted] /dev/nvme0n1 -> /nvme/media
Filesystem      Size  Used Avail Use% Mounted on
/dev/nvme0n1    916G   89G  828G  10% /nvme/media
SOURCE       TARGET      FSTYPE OPTIONS
/dev/nvme0n1 /nvme/media ext4   rw,noatime,nodiratime,discard

===== 2026-05-27 16:34:05 =====
[mounted] /dev/nvme0n1 -> /nvme/media
Filesystem      Size  Used Avail Use% Mounted on
/dev/nvme0n1    916G   93G  824G  11% /nvme/media
SOURCE       TARGET      FSTYPE OPTIONS
/dev/nvme0n1 /nvme/media ext4   rw,noatime,nodiratime,discard

===== 2026-05-27 16:34:15 =====
[mounted] /dev/nvme0n1 -> /nvme/media
Filesystem      Size  Used Avail Use% Mounted on
/dev/nvme0n1    916G   97G  820G  11% /nvme/media
SOURCE       TARGET      FSTYPE OPTIONS
/dev/nvme0n1 /nvme/media ext4   rw,noatime,nodiratime,discard

===== 2026-05-27 16:34:25 =====
[mounted] /dev/nvme0n1 -> /nvme/media
Filesystem      Size  Used Avail Use% Mounted on
/dev/nvme0n1    916G  101G  816G  11% /nvme/media
SOURCE       TARGET      FSTYPE OPTIONS
/dev/nvme0n1 /nvme/media ext4   rw,noatime,nodiratime,discard

===== 2026-05-27 16:34:35 =====
[mounted] /dev/nvme0n1 -> /nvme/media
Filesystem      Size  Used Avail Use% Mounted on
/dev/nvme0n1    916G  105G  811G  12% /nvme/media
SOURCE       TARGET      FSTYPE OPTIONS
/dev/nvme0n1 /nvme/media ext4   rw,noatime,nodiratime,discard

===== 2026-05-27 16:34:45 =====
[mounted] /dev/nvme0n1 -> /nvme/media
Filesystem      Size  Used Avail Use% Mounted on
/dev/nvme0n1    916G  110G  807G  12% /nvme/media
SOURCE       TARGET      FSTYPE OPTIONS
/dev/nvme0n1 /nvme/media ext4   rw,noatime,nodiratime,discard

===== 2026-05-27 16:34:55 =====
[mounted] /dev/nvme0n1 -> /nvme/media
Filesystem      Size  Used Avail Use% Mounted on
/dev/nvme0n1    916G  114G  803G  13% /nvme/media
SOURCE       TARGET      FSTYPE OPTIONS
/dev/nvme0n1 /nvme/media ext4   rw,noatime,nodiratime,discard

===== 2026-05-27 16:35:05 =====
[mounted] /dev/nvme0n1 -> /nvme/media
Filesystem      Size  Used Avail Use% Mounted on
/dev/nvme0n1    916G  118G  799G  13% /nvme/media
SOURCE       TARGET      FSTYPE OPTIONS
/dev/nvme0n1 /nvme/media ext4   rw,noatime,nodiratime,discard

===== 2026-05-27 16:35:15 =====
[mounted] /dev/nvme0n1 -> /nvme/media
Filesystem      Size  Used Avail Use% Mounted on
/dev/nvme0n1    916G  122G  795G  14% /nvme/media
SOURCE       TARGET      FSTYPE OPTIONS
/dev/nvme0n1 /nvme/media ext4   rw,noatime,nodiratime,discard

===== 2026-05-27 16:35:25 =====
[mounted] /dev/nvme0n1 -> /nvme/media
Filesystem      Size  Used Avail Use% Mounted on
/dev/nvme0n1    916G  126G  790G  14% /nvme/media
SOURCE       TARGET      FSTYPE OPTIONS
/dev/nvme0n1 /nvme/media ext4   rw,noatime,nodiratime,discard

===== 2026-05-27 16:35:35 =====
[mounted] /dev/nvme0n1 -> /nvme/media
Filesystem      Size  Used Avail Use% Mounted on
/dev/nvme0n1    916G  131G  786G  15% /nvme/media
SOURCE       TARGET      FSTYPE OPTIONS
/dev/nvme0n1 /nvme/media ext4   rw,noatime,nodiratime,discard

===== 2026-05-27 16:35:46 =====
[mounted] /dev/nvme0n1 -> /nvme/media
Filesystem      Size  Used Avail Use% Mounted on
/dev/nvme0n1    916G  135G  782G  15% /nvme/media
SOURCE       TARGET      FSTYPE OPTIONS
/dev/nvme0n1 /nvme/media ext4   rw,noatime,nodiratime,discard

===== 2026-05-27 16:35:56 =====
[mounted] /dev/nvme0n1 -> /nvme/media
Filesystem      Size  Used Avail Use% Mounted on
/dev/nvme0n1    916G  139G  778G  16% /nvme/media
SOURCE       TARGET      FSTYPE OPTIONS
/dev/nvme0n1 /nvme/media ext4   rw,noatime,nodiratime,discard

===== 2026-05-27 16:36:06 =====
[mounted] /dev/nvme0n1 -> /nvme/media
Filesystem      Size  Used Avail Use% Mounted on
/dev/nvme0n1    916G  143G  774G  16% /nvme/media
SOURCE       TARGET      FSTYPE OPTIONS
/dev/nvme0n1 /nvme/media ext4   rw,noatime,nodiratime,discard

===== 2026-05-27 16:36:16 =====
[mounted] /dev/nvme0n1 -> /nvme/media
Filesystem      Size  Used Avail Use% Mounted on
/dev/nvme0n1    916G  147G  770G  17% /nvme/media
SOURCE       TARGET      FSTYPE OPTIONS
/dev/nvme0n1 /nvme/media ext4   rw,noatime,nodiratime,discard

===== 2026-05-27 16:36:26 =====
[mounted] /dev/nvme0n1 -> /nvme/media
Filesystem      Size  Used Avail Use% Mounted on
/dev/nvme0n1    916G  151G  765G  17% /nvme/media
SOURCE       TARGET      FSTYPE OPTIONS
/dev/nvme0n1 /nvme/media ext4   rw,noatime,nodiratime,discard

===== 2026-05-27 16:36:36 =====
[mounted] /dev/nvme0n1 -> /nvme/media
Filesystem      Size  Used Avail Use% Mounted on
/dev/nvme0n1    916G  155G  762G  17% /nvme/media
SOURCE       TARGET      FSTYPE OPTIONS
/dev/nvme0n1 /nvme/media ext4   rw,noatime,nodiratime,discard

===== 2026-05-27 16:36:46 =====
[mounted] /dev/nvme0n1 -> /nvme/media
Filesystem      Size  Used Avail Use% Mounted on
/dev/nvme0n1    916G  160G  757G  18% /nvme/media
SOURCE       TARGET      FSTYPE OPTIONS
/dev/nvme0n1 /nvme/media ext4   rw,noatime,nodiratime,discard

===== 2026-05-27 16:36:56 =====
[mounted] /dev/nvme0n1 -> /nvme/media
Filesystem      Size  Used Avail Use% Mounted on
/dev/nvme0n1    916G  164G  753G  18% /nvme/media
SOURCE       TARGET      FSTYPE OPTIONS
/dev/nvme0n1 /nvme/media ext4   rw,noatime,nodiratime,discard

===== 2026-05-27 16:37:06 =====
[mounted] /dev/nvme0n1 -> /nvme/media
Filesystem      Size  Used Avail Use% Mounted on
/dev/nvme0n1    916G  168G  749G  19% /nvme/media
SOURCE       TARGET      FSTYPE OPTIONS
/dev/nvme0n1 /nvme/media ext4   rw,noatime,nodiratime,discard

===== 2026-05-27 16:37:16 =====
[mounted] /dev/nvme0n1 -> /nvme/media
Filesystem      Size  Used Avail Use% Mounted on
/dev/nvme0n1    916G  173G  744G  19% /nvme/media
SOURCE       TARGET      FSTYPE OPTIONS
/dev/nvme0n1 /nvme/media ext4   rw,noatime,nodiratime,discard

===== 2026-05-27 16:37:26 =====
[mounted] /dev/nvme0n1 -> /nvme/media
Filesystem      Size  Used Avail Use% Mounted on
/dev/nvme0n1    916G  177G  740G  20% /nvme/media
SOURCE       TARGET      FSTYPE OPTIONS
/dev/nvme0n1 /nvme/media ext4   rw,noatime,nodiratime,discard

===== 2026-05-27 16:37:36 =====
[mounted] /dev/nvme0n1 -> /nvme/media
Filesystem      Size  Used Avail Use% Mounted on
/dev/nvme0n1    916G  181G  736G  20% /nvme/media
SOURCE       TARGET      FSTYPE OPTIONS
/dev/nvme0n1 /nvme/media ext4   rw,noatime,nodiratime,discard

===== 2026-05-27 16:37:46 =====
[mounted] /dev/nvme0n1 -> /nvme/media
Filesystem      Size  Used Avail Use% Mounted on
/dev/nvme0n1    916G  186G  731G  21% /nvme/media
SOURCE       TARGET      FSTYPE OPTIONS
/dev/nvme0n1 /nvme/media ext4   rw,noatime,nodiratime,discard

===== 2026-05-27 16:37:56 =====
[mounted] /dev/nvme0n1 -> /nvme/media
Filesystem      Size  Used Avail Use% Mounted on
/dev/nvme0n1    916G  190G  727G  21% /nvme/media
SOURCE       TARGET      FSTYPE OPTIONS
/dev/nvme0n1 /nvme/media ext4   rw,noatime,nodiratime,discard

===== 2026-05-27 16:38:06 =====
[mounted] /dev/nvme0n1 -> /nvme/media
Filesystem      Size  Used Avail Use% Mounted on
/dev/nvme0n1    916G  194G  723G  22% /nvme/media
SOURCE       TARGET      FSTYPE OPTIONS
/dev/nvme0n1 /nvme/media ext4   rw,noatime,nodiratime,discard

===== 2026-05-27 16:38:16 =====
[mounted] /dev/nvme0n1 -> /nvme/media
Filesystem      Size  Used Avail Use% Mounted on
/dev/nvme0n1    916G  199G  718G  22% /nvme/media
SOURCE       TARGET      FSTYPE OPTIONS
/dev/nvme0n1 /nvme/media ext4   rw,noatime,nodiratime,discard

===== 2026-05-27 16:38:26 =====
[mounted] /dev/nvme0n1 -> /nvme/media
Filesystem      Size  Used Avail Use% Mounted on
/dev/nvme0n1    916G  203G  714G  23% /nvme/media
SOURCE       TARGET      FSTYPE OPTIONS
/dev/nvme0n1 /nvme/media ext4   rw,noatime,nodiratime,discard

===== 2026-05-27 16:38:36 =====
[mounted] /dev/nvme0n1 -> /nvme/media
Filesystem      Size  Used Avail Use% Mounted on
/dev/nvme0n1    916G  208G  709G  23% /nvme/media
SOURCE       TARGET      FSTYPE OPTIONS
/dev/nvme0n1 /nvme/media ext4   rw,noatime,nodiratime,discard

===== 2026-05-27 16:38:46 =====
[mounted] /dev/nvme0n1 -> /nvme/media
Filesystem      Size  Used Avail Use% Mounted on
/dev/nvme0n1    916G  212G  705G  24% /nvme/media
SOURCE       TARGET      FSTYPE OPTIONS
/dev/nvme0n1 /nvme/media ext4   rw,noatime,nodiratime,discard

===== 2026-05-27 16:38:56 =====
[mounted] /dev/nvme0n1 -> /nvme/media
Filesystem      Size  Used Avail Use% Mounted on
/dev/nvme0n1    916G  216G  701G  24% /nvme/media
SOURCE       TARGET      FSTYPE OPTIONS
/dev/nvme0n1 /nvme/media ext4   rw,noatime,nodiratime,discard

===== 2026-05-27 16:39:06 =====
[mounted] /dev/nvme0n1 -> /nvme/media
Filesystem      Size  Used Avail Use% Mounted on
/dev/nvme0n1    916G  221G  696G  25% /nvme/media
SOURCE       TARGET      FSTYPE OPTIONS
/dev/nvme0n1 /nvme/media ext4   rw,noatime,nodiratime,discard

===== 2026-05-27 16:39:16 =====
[mounted] /dev/nvme0n1 -> /nvme/media
Filesystem      Size  Used Avail Use% Mounted on
/dev/nvme0n1    916G  226G  691G  25% /nvme/media
SOURCE       TARGET      FSTYPE OPTIONS
/dev/nvme0n1 /nvme/media ext4   rw,noatime,nodiratime,discard

===== 2026-05-27 16:39:26 =====
[mounted] /dev/nvme0n1 -> /nvme/media
Filesystem      Size  Used Avail Use% Mounted on
/dev/nvme0n1    916G  231G  686G  26% /nvme/media
SOURCE       TARGET      FSTYPE OPTIONS
/dev/nvme0n1 /nvme/media ext4   rw,noatime,nodiratime,discard

===== 2026-05-27 16:39:36 =====
[mounted] /dev/nvme0n1 -> /nvme/media
Filesystem      Size  Used Avail Use% Mounted on
/dev/nvme0n1    916G  236G  681G  26% /nvme/media
SOURCE       TARGET      FSTYPE OPTIONS
/dev/nvme0n1 /nvme/media ext4   rw,noatime,nodiratime,discard

===== 2026-05-27 16:39:46 =====
[mounted] /dev/nvme0n1 -> /nvme/media
Filesystem      Size  Used Avail Use% Mounted on
/dev/nvme0n1    916G  241G  675G  27% /nvme/media
SOURCE       TARGET      FSTYPE OPTIONS
/dev/nvme0n1 /nvme/media ext4   rw,noatime,nodiratime,discard

===== 2026-05-27 16:39:56 =====
[mounted] /dev/nvme0n1 -> /nvme/media
Filesystem      Size  Used Avail Use% Mounted on
/dev/nvme0n1    916G  246G  671G  27% /nvme/media
SOURCE       TARGET      FSTYPE OPTIONS
/dev/nvme0n1 /nvme/media ext4   rw,noatime,nodiratime,discard

===== 2026-05-27 16:40:06 =====
[mounted] /dev/nvme0n1 -> /nvme/media
Filesystem      Size  Used Avail Use% Mounted on
/dev/nvme0n1    916G  251G  666G  28% /nvme/media
SOURCE       TARGET      FSTYPE OPTIONS
/dev/nvme0n1 /nvme/media ext4   rw,noatime,nodiratime,discard

===== 2026-05-27 16:40:16 =====
[mounted] /dev/nvme0n1 -> /nvme/media
Filesystem      Size  Used Avail Use% Mounted on
/dev/nvme0n1    916G  256G  661G  28% /nvme/media
SOURCE       TARGET      FSTYPE OPTIONS
/dev/nvme0n1 /nvme/media ext4   rw,noatime,nodiratime,discard

===== 2026-05-27 16:40:26 =====
[mounted] /dev/nvme0n1 -> /nvme/media
Filesystem      Size  Used Avail Use% Mounted on
/dev/nvme0n1    916G  260G  657G  29% /nvme/media
SOURCE       TARGET      FSTYPE OPTIONS
/dev/nvme0n1 /nvme/media ext4   rw,noatime,nodiratime,discard

===== 2026-05-27 16:40:36 =====
[mounted] /dev/nvme0n1 -> /nvme/media
Filesystem      Size  Used Avail Use% Mounted on
/dev/nvme0n1    916G  265G  652G  29% /nvme/media
SOURCE       TARGET      FSTYPE OPTIONS
/dev/nvme0n1 /nvme/media ext4   rw,noatime,nodiratime,discard

===== 2026-05-27 16:40:46 =====
[mounted] /dev/nvme0n1 -> /nvme/media
Filesystem      Size  Used Avail Use% Mounted on
/dev/nvme0n1    916G  270G  647G  30% /nvme/media
SOURCE       TARGET      FSTYPE OPTIONS
/dev/nvme0n1 /nvme/media ext4   rw,noatime,nodiratime,discard

===== 2026-05-27 16:40:56 =====
[mounted] /dev/nvme0n1 -> /nvme/media
Filesystem      Size  Used Avail Use% Mounted on
/dev/nvme0n1    916G  275G  642G  31% /nvme/media
SOURCE       TARGET      FSTYPE OPTIONS
/dev/nvme0n1 /nvme/media ext4   rw,noatime,nodiratime,discard

===== 2026-05-27 16:41:06 =====
[mounted] /dev/nvme0n1 -> /nvme/media
Filesystem      Size  Used Avail Use% Mounted on
/dev/nvme0n1    916G  280G  636G  31% /nvme/media
SOURCE       TARGET      FSTYPE OPTIONS
/dev/nvme0n1 /nvme/media ext4   rw,noatime,nodiratime,discard

===== 2026-05-27 16:41:16 =====
[mounted] /dev/nvme0n1 -> /nvme/media
Filesystem      Size  Used Avail Use% Mounted on
/dev/nvme0n1    916G  285G  631G  32% /nvme/media
SOURCE       TARGET      FSTYPE OPTIONS
/dev/nvme0n1 /nvme/media ext4   rw,noatime,nodiratime,discard

===== 2026-05-27 16:41:26 =====
[mounted] /dev/nvme0n1 -> /nvme/media
Filesystem      Size  Used Avail Use% Mounted on
/dev/nvme0n1    916G  291G  626G  32% /nvme/media
SOURCE       TARGET      FSTYPE OPTIONS
/dev/nvme0n1 /nvme/media ext4   rw,noatime,nodiratime,discard

===== 2026-05-27 16:41:36 =====
[mounted] /dev/nvme0n1 -> /nvme/media
Filesystem      Size  Used Avail Use% Mounted on
/dev/nvme0n1    916G  296G  620G  33% /nvme/media
SOURCE       TARGET      FSTYPE OPTIONS
/dev/nvme0n1 /nvme/media ext4   rw,noatime,nodiratime,discard

===== 2026-05-27 16:41:46 =====
[mounted] /dev/nvme0n1 -> /nvme/media
Filesystem      Size  Used Avail Use% Mounted on
/dev/nvme0n1    916G  302G  615G  33% /nvme/media
SOURCE       TARGET      FSTYPE OPTIONS
/dev/nvme0n1 /nvme/media ext4   rw,noatime,nodiratime,discard

===== 2026-05-27 16:41:56 =====
[mounted] /dev/nvme0n1 -> /nvme/media
Filesystem      Size  Used Avail Use% Mounted on
/dev/nvme0n1    916G  308G  609G  34% /nvme/media
SOURCE       TARGET      FSTYPE OPTIONS
/dev/nvme0n1 /nvme/media ext4   rw,noatime,nodiratime,discard

===== 2026-05-27 16:42:06 =====
[mounted] /dev/nvme0n1 -> /nvme/media
Filesystem      Size  Used Avail Use% Mounted on
/dev/nvme0n1    916G  314G  603G  35% /nvme/media
SOURCE       TARGET      FSTYPE OPTIONS
/dev/nvme0n1 /nvme/media ext4   rw,noatime,nodiratime,discard

===== 2026-05-27 16:42:16 =====
[mounted] /dev/nvme0n1 -> /nvme/media
Filesystem      Size  Used Avail Use% Mounted on
/dev/nvme0n1    916G  320G  597G  35% /nvme/media
SOURCE       TARGET      FSTYPE OPTIONS
/dev/nvme0n1 /nvme/media ext4   rw,noatime,nodiratime,discard

===== 2026-05-27 16:42:26 =====
[mounted] /dev/nvme0n1 -> /nvme/media
Filesystem      Size  Used Avail Use% Mounted on
/dev/nvme0n1    916G  326G  590G  36% /nvme/media
SOURCE       TARGET      FSTYPE OPTIONS
/dev/nvme0n1 /nvme/media ext4   rw,noatime,nodiratime,discard

===== 2026-05-27 16:42:36 =====
[mounted] /dev/nvme0n1 -> /nvme/media
Filesystem      Size  Used Avail Use% Mounted on
/dev/nvme0n1    916G  333G  584G  37% /nvme/media
SOURCE       TARGET      FSTYPE OPTIONS
/dev/nvme0n1 /nvme/media ext4   rw,noatime,nodiratime,discard

===== 2026-05-27 16:42:46 =====
[mounted] /dev/nvme0n1 -> /nvme/media
Filesystem      Size  Used Avail Use% Mounted on
/dev/nvme0n1    916G  340G  577G  38% /nvme/media
SOURCE       TARGET      FSTYPE OPTIONS
/dev/nvme0n1 /nvme/media ext4   rw,noatime,nodiratime,discard

===== 2026-05-27 16:42:56 =====
[mounted] /dev/nvme0n1 -> /nvme/media
Filesystem      Size  Used Avail Use% Mounted on
/dev/nvme0n1    916G  347G  570G  38% /nvme/media
SOURCE       TARGET      FSTYPE OPTIONS
/dev/nvme0n1 /nvme/media ext4   rw,noatime,nodiratime,discard

===== 2026-05-27 16:43:06 =====
[mounted] /dev/nvme0n1 -> /nvme/media
Filesystem      Size  Used Avail Use% Mounted on
/dev/nvme0n1    916G  354G  563G  39% /nvme/media
SOURCE       TARGET      FSTYPE OPTIONS
/dev/nvme0n1 /nvme/media ext4   rw,noatime,nodiratime,discard

===== 2026-05-27 16:43:16 =====
[mounted] /dev/nvme0n1 -> /nvme/media
Filesystem      Size  Used Avail Use% Mounted on
/dev/nvme0n1    916G  362G  555G  40% /nvme/media
SOURCE       TARGET      FSTYPE OPTIONS
/dev/nvme0n1 /nvme/media ext4   rw,noatime,nodiratime,discard

===== 2026-05-27 16:43:26 =====
[mounted] /dev/nvme0n1 -> /nvme/media
Filesystem      Size  Used Avail Use% Mounted on
/dev/nvme0n1    916G  370G  547G  41% /nvme/media
SOURCE       TARGET      FSTYPE OPTIONS
/dev/nvme0n1 /nvme/media ext4   rw,noatime,nodiratime,discard

===== 2026-05-27 16:43:36 =====
[mounted] /dev/nvme0n1 -> /nvme/media
Filesystem      Size  Used Avail Use% Mounted on
/dev/nvme0n1    916G  379G  538G  42% /nvme/media
SOURCE       TARGET      FSTYPE OPTIONS
/dev/nvme0n1 /nvme/media ext4   rw,noatime,nodiratime,discard

===== 2026-05-27 16:43:46 =====
[mounted] /dev/nvme0n1 -> /nvme/media
Filesystem      Size  Used Avail Use% Mounted on
/dev/nvme0n1    916G  388G  528G  43% /nvme/media
SOURCE       TARGET      FSTYPE OPTIONS
/dev/nvme0n1 /nvme/media ext4   rw,noatime,nodiratime,discard

===== 2026-05-27 16:43:56 =====
[mounted] /dev/nvme0n1 -> /nvme/media
Filesystem      Size  Used Avail Use% Mounted on
/dev/nvme0n1    916G  399G  518G  44% /nvme/media
SOURCE       TARGET      FSTYPE OPTIONS
/dev/nvme0n1 /nvme/media ext4   rw,noatime,nodiratime,discard

===== 2026-05-27 16:44:06 =====
[mounted] /dev/nvme0n1 -> /nvme/media
Filesystem      Size  Used Avail Use% Mounted on
/dev/nvme0n1    916G  409G  507G  45% /nvme/media
SOURCE       TARGET      FSTYPE OPTIONS
/dev/nvme0n1 /nvme/media ext4   rw,noatime,nodiratime,discard

===== 2026-05-27 16:44:16 =====
[mounted] /dev/nvme0n1 -> /nvme/media
Filesystem      Size  Used Avail Use% Mounted on
/dev/nvme0n1    916G  419G  498G  46% /nvme/media
SOURCE       TARGET      FSTYPE OPTIONS
/dev/nvme0n1 /nvme/media ext4   rw,noatime,nodiratime,discard

===== 2026-05-27 16:44:26 =====
[mounted] /dev/nvme0n1 -> /nvme/media
Filesystem      Size  Used Avail Use% Mounted on
/dev/nvme0n1    916G  427G  490G  47% /nvme/media
SOURCE       TARGET      FSTYPE OPTIONS
/dev/nvme0n1 /nvme/media ext4   rw,noatime,nodiratime,discard

===== 2026-05-27 16:44:36 =====
[mounted] /dev/nvme0n1 -> /nvme/media
Filesystem      Size  Used Avail Use% Mounted on
/dev/nvme0n1    916G  434G  483G  48% /nvme/media
SOURCE       TARGET      FSTYPE OPTIONS
/dev/nvme0n1 /nvme/media ext4   rw,noatime,nodiratime,discard

===== 2026-05-27 16:44:46 =====
[mounted] /dev/nvme0n1 -> /nvme/media
Filesystem      Size  Used Avail Use% Mounted on
/dev/nvme0n1    916G  439G  478G  48% /nvme/media
SOURCE       TARGET      FSTYPE OPTIONS
/dev/nvme0n1 /nvme/media ext4   rw,noatime,nodiratime,discard

===== 2026-05-27 16:44:56 =====
[mounted] /dev/nvme0n1 -> /nvme/media
Filesystem      Size  Used Avail Use% Mounted on
/dev/nvme0n1    916G  445G  471G  49% /nvme/media
SOURCE       TARGET      FSTYPE OPTIONS
/dev/nvme0n1 /nvme/media ext4   rw,noatime,nodiratime,discard

===== 2026-05-27 16:45:06 =====
[mounted] /dev/nvme0n1 -> /nvme/media
Filesystem      Size  Used Avail Use% Mounted on
/dev/nvme0n1    916G  451G  466G  50% /nvme/media
SOURCE       TARGET      FSTYPE OPTIONS
/dev/nvme0n1 /nvme/media ext4   rw,noatime,nodiratime,discard

===== 2026-05-27 16:45:16 =====
[mounted] /dev/nvme0n1 -> /nvme/media
Filesystem      Size  Used Avail Use% Mounted on
/dev/nvme0n1    916G  456G  461G  50% /nvme/media
SOURCE       TARGET      FSTYPE OPTIONS
/dev/nvme0n1 /nvme/media ext4   rw,noatime,nodiratime,discard

===== 2026-05-27 16:45:26 =====
[mounted] /dev/nvme0n1 -> /nvme/media
Filesystem      Size  Used Avail Use% Mounted on
/dev/nvme0n1    916G  462G  455G  51% /nvme/media
SOURCE       TARGET      FSTYPE OPTIONS
/dev/nvme0n1 /nvme/media ext4   rw,noatime,nodiratime,discard

===== 2026-05-27 16:45:36 =====
[mounted] /dev/nvme0n1 -> /nvme/media
Filesystem      Size  Used Avail Use% Mounted on
/dev/nvme0n1    916G  467G  450G  51% /nvme/media
SOURCE       TARGET      FSTYPE OPTIONS
/dev/nvme0n1 /nvme/media ext4   rw,noatime,nodiratime,discard

===== 2026-05-27 16:45:46 =====
[mounted] /dev/nvme0n1 -> /nvme/media
Filesystem      Size  Used Avail Use% Mounted on
/dev/nvme0n1    916G  472G  445G  52% /nvme/media
SOURCE       TARGET      FSTYPE OPTIONS
/dev/nvme0n1 /nvme/media ext4   rw,noatime,nodiratime,discard

===== 2026-05-27 16:45:56 =====
[mounted] /dev/nvme0n1 -> /nvme/media
Filesystem      Size  Used Avail Use% Mounted on
/dev/nvme0n1    916G  477G  440G  53% /nvme/media
SOURCE       TARGET      FSTYPE OPTIONS
/dev/nvme0n1 /nvme/media ext4   rw,noatime,nodiratime,discard

===== 2026-05-27 16:46:06 =====
[mounted] /dev/nvme0n1 -> /nvme/media
Filesystem      Size  Used Avail Use% Mounted on
/dev/nvme0n1    916G  483G  434G  53% /nvme/media
SOURCE       TARGET      FSTYPE OPTIONS
/dev/nvme0n1 /nvme/media ext4   rw,noatime,nodiratime,discard

===== 2026-05-27 16:46:16 =====
[mounted] /dev/nvme0n1 -> /nvme/media
Filesystem      Size  Used Avail Use% Mounted on
/dev/nvme0n1    916G  488G  429G  54% /nvme/media
SOURCE       TARGET      FSTYPE OPTIONS
/dev/nvme0n1 /nvme/media ext4   rw,noatime,nodiratime,discard

===== 2026-05-27 16:46:26 =====
[mounted] /dev/nvme0n1 -> /nvme/media
Filesystem      Size  Used Avail Use% Mounted on
/dev/nvme0n1    916G  495G  422G  54% /nvme/media
SOURCE       TARGET      FSTYPE OPTIONS
/dev/nvme0n1 /nvme/media ext4   rw,noatime,nodiratime,discard

===== 2026-05-27 16:46:36 =====
[mounted] /dev/nvme0n1 -> /nvme/media
Filesystem      Size  Used Avail Use% Mounted on
/dev/nvme0n1    916G  501G  416G  55% /nvme/media
SOURCE       TARGET      FSTYPE OPTIONS
/dev/nvme0n1 /nvme/media ext4   rw,noatime,nodiratime,discard

===== 2026-05-27 16:46:46 =====
[mounted] /dev/nvme0n1 -> /nvme/media
Filesystem      Size  Used Avail Use% Mounted on
/dev/nvme0n1    916G  506G  411G  56% /nvme/media
SOURCE       TARGET      FSTYPE OPTIONS
/dev/nvme0n1 /nvme/media ext4   rw,noatime,nodiratime,discard

===== 2026-05-27 16:46:56 =====
[mounted] /dev/nvme0n1 -> /nvme/media
Filesystem      Size  Used Avail Use% Mounted on
/dev/nvme0n1    916G  510G  407G  56% /nvme/media
SOURCE       TARGET      FSTYPE OPTIONS
/dev/nvme0n1 /nvme/media ext4   rw,noatime,nodiratime,discard

===== 2026-05-27 16:47:06 =====
[mounted] /dev/nvme0n1 -> /nvme/media
Filesystem      Size  Used Avail Use% Mounted on
/dev/nvme0n1    916G  514G  403G  57% /nvme/media
SOURCE       TARGET      FSTYPE OPTIONS
/dev/nvme0n1 /nvme/media ext4   rw,noatime,nodiratime,discard

===== 2026-05-27 16:47:16 =====
[mounted] /dev/nvme0n1 -> /nvme/media
Filesystem      Size  Used Avail Use% Mounted on
/dev/nvme0n1    916G  519G  398G  57% /nvme/media
SOURCE       TARGET      FSTYPE OPTIONS
/dev/nvme0n1 /nvme/media ext4   rw,noatime,nodiratime,discard

===== 2026-05-27 16:47:26 =====
[mounted] /dev/nvme0n1 -> /nvme/media
Filesystem      Size  Used Avail Use% Mounted on
/dev/nvme0n1    916G  525G  392G  58% /nvme/media
SOURCE       TARGET      FSTYPE OPTIONS
/dev/nvme0n1 /nvme/media ext4   rw,noatime,nodiratime,discard

===== 2026-05-27 16:47:36 =====
[mounted] /dev/nvme0n1 -> /nvme/media
Filesystem      Size  Used Avail Use% Mounted on
/dev/nvme0n1    916G  531G  386G  58% /nvme/media
SOURCE       TARGET      FSTYPE OPTIONS
/dev/nvme0n1 /nvme/media ext4   rw,noatime,nodiratime,discard

===== 2026-05-27 16:47:46 =====
[mounted] /dev/nvme0n1 -> /nvme/media
Filesystem      Size  Used Avail Use% Mounted on
/dev/nvme0n1    916G  536G  381G  59% /nvme/media
SOURCE       TARGET      FSTYPE OPTIONS
/dev/nvme0n1 /nvme/media ext4   rw,noatime,nodiratime,discard

===== 2026-05-27 16:47:56 =====
[mounted] /dev/nvme0n1 -> /nvme/media
Filesystem      Size  Used Avail Use% Mounted on
/dev/nvme0n1    916G  542G  374G  60% /nvme/media
SOURCE       TARGET      FSTYPE OPTIONS
/dev/nvme0n1 /nvme/media ext4   rw,noatime,nodiratime,discard

===== 2026-05-27 16:48:06 =====
[mounted] /dev/nvme0n1 -> /nvme/media
Filesystem      Size  Used Avail Use% Mounted on
/dev/nvme0n1    916G  549G  368G  60% /nvme/media
SOURCE       TARGET      FSTYPE OPTIONS
/dev/nvme0n1 /nvme/media ext4   rw,noatime,nodiratime,discard

===== 2026-05-27 16:48:16 =====
[mounted] /dev/nvme0n1 -> /nvme/media
Filesystem      Size  Used Avail Use% Mounted on
/dev/nvme0n1    916G  555G  361G  61% /nvme/media
SOURCE       TARGET      FSTYPE OPTIONS
/dev/nvme0n1 /nvme/media ext4   rw,noatime,nodiratime,discard

===== 2026-05-27 16:48:26 =====
[mounted] /dev/nvme0n1 -> /nvme/media
Filesystem      Size  Used Avail Use% Mounted on
/dev/nvme0n1    916G  562G  355G  62% /nvme/media
SOURCE       TARGET      FSTYPE OPTIONS
/dev/nvme0n1 /nvme/media ext4   rw,noatime,nodiratime,discard

===== 2026-05-27 16:48:36 =====
[mounted] /dev/nvme0n1 -> /nvme/media
Filesystem      Size  Used Avail Use% Mounted on
/dev/nvme0n1    916G  568G  348G  63% /nvme/media
SOURCE       TARGET      FSTYPE OPTIONS
/dev/nvme0n1 /nvme/media ext4   rw,noatime,nodiratime,discard

===== 2026-05-27 16:48:46 =====
[mounted] /dev/nvme0n1 -> /nvme/media
Filesystem      Size  Used Avail Use% Mounted on
/dev/nvme0n1    916G  573G  343G  63% /nvme/media
SOURCE       TARGET      FSTYPE OPTIONS
/dev/nvme0n1 /nvme/media ext4   rw,noatime,nodiratime,discard

===== 2026-05-27 16:48:56 =====
[mounted] /dev/nvme0n1 -> /nvme/media
Filesystem      Size  Used Avail Use% Mounted on
/dev/nvme0n1    916G  580G  337G  64% /nvme/media
SOURCE       TARGET      FSTYPE OPTIONS
/dev/nvme0n1 /nvme/media ext4   rw,noatime,nodiratime,discard

===== 2026-05-27 16:49:06 =====
[mounted] /dev/nvme0n1 -> /nvme/media
Filesystem      Size  Used Avail Use% Mounted on
/dev/nvme0n1    916G  587G  330G  65% /nvme/media
SOURCE       TARGET      FSTYPE OPTIONS
/dev/nvme0n1 /nvme/media ext4   rw,noatime,nodiratime,discard

===== 2026-05-27 16:49:16 =====
[mounted] /dev/nvme0n1 -> /nvme/media
Filesystem      Size  Used Avail Use% Mounted on
/dev/nvme0n1    916G  593G  323G  65% /nvme/media
SOURCE       TARGET      FSTYPE OPTIONS
/dev/nvme0n1 /nvme/media ext4   rw,noatime,nodiratime,discard

===== 2026-05-27 16:49:26 =====
[mounted] /dev/nvme0n1 -> /nvme/media
Filesystem      Size  Used Avail Use% Mounted on
/dev/nvme0n1    916G  599G  318G  66% /nvme/media
SOURCE       TARGET      FSTYPE OPTIONS
/dev/nvme0n1 /nvme/media ext4   rw,noatime,nodiratime,discard

===== 2026-05-27 16:49:36 =====
[mounted] /dev/nvme0n1 -> /nvme/media
Filesystem      Size  Used Avail Use% Mounted on
/dev/nvme0n1    916G  605G  312G  66% /nvme/media
SOURCE       TARGET      FSTYPE OPTIONS
/dev/nvme0n1 /nvme/media ext4   rw,noatime,nodiratime,discard

===== 2026-05-27 16:49:46 =====
[mounted] /dev/nvme0n1 -> /nvme/media
Filesystem      Size  Used Avail Use% Mounted on
/dev/nvme0n1    916G  612G  305G  67% /nvme/media
SOURCE       TARGET      FSTYPE OPTIONS
/dev/nvme0n1 /nvme/media ext4   rw,noatime,nodiratime,discard

===== 2026-05-27 16:49:56 =====
[mounted] /dev/nvme0n1 -> /nvme/media
Filesystem      Size  Used Avail Use% Mounted on
/dev/nvme0n1    916G  618G  299G  68% /nvme/media
SOURCE       TARGET      FSTYPE OPTIONS
/dev/nvme0n1 /nvme/media ext4   rw,noatime,nodiratime,discard

===== 2026-05-27 16:50:06 =====
[mounted] /dev/nvme0n1 -> /nvme/media
Filesystem      Size  Used Avail Use% Mounted on
/dev/nvme0n1    916G  625G  292G  69% /nvme/media
SOURCE       TARGET      FSTYPE OPTIONS
/dev/nvme0n1 /nvme/media ext4   rw,noatime,nodiratime,discard

===== 2026-05-27 16:50:16 =====
[mounted] /dev/nvme0n1 -> /nvme/media
Filesystem      Size  Used Avail Use% Mounted on
/dev/nvme0n1    916G  632G  285G  69% /nvme/media
SOURCE       TARGET      FSTYPE OPTIONS
/dev/nvme0n1 /nvme/media ext4   rw,noatime,nodiratime,discard

===== 2026-05-27 16:50:26 =====
[mounted] /dev/nvme0n1 -> /nvme/media
Filesystem      Size  Used Avail Use% Mounted on
/dev/nvme0n1    916G  639G  277G  70% /nvme/media
SOURCE       TARGET      FSTYPE OPTIONS
/dev/nvme0n1 /nvme/media ext4   rw,noatime,nodiratime,discard

===== 2026-05-27 16:50:36 =====
[mounted] /dev/nvme0n1 -> /nvme/media
Filesystem      Size  Used Avail Use% Mounted on
/dev/nvme0n1    916G  646G  270G  71% /nvme/media
SOURCE       TARGET      FSTYPE OPTIONS
/dev/nvme0n1 /nvme/media ext4   rw,noatime,nodiratime,discard

===== 2026-05-27 16:50:46 =====
[mounted] /dev/nvme0n1 -> /nvme/media
Filesystem      Size  Used Avail Use% Mounted on
/dev/nvme0n1    916G  655G  262G  72% /nvme/media
SOURCE       TARGET      FSTYPE OPTIONS
/dev/nvme0n1 /nvme/media ext4   rw,noatime,nodiratime,discard

===== 2026-05-27 16:50:56 =====
[mounted] /dev/nvme0n1 -> /nvme/media
Filesystem      Size  Used Avail Use% Mounted on
/dev/nvme0n1    916G  662G  255G  73% /nvme/media
SOURCE       TARGET      FSTYPE OPTIONS
/dev/nvme0n1 /nvme/media ext4   rw,noatime,nodiratime,discard

===== 2026-05-27 16:51:06 =====
[mounted] /dev/nvme0n1 -> /nvme/media
Filesystem      Size  Used Avail Use% Mounted on
/dev/nvme0n1    916G  668G  249G  73% /nvme/media
SOURCE       TARGET      FSTYPE OPTIONS
/dev/nvme0n1 /nvme/media ext4   rw,noatime,nodiratime,discard

===== 2026-05-27 16:51:16 =====
[mounted] /dev/nvme0n1 -> /nvme/media
Filesystem      Size  Used Avail Use% Mounted on
/dev/nvme0n1    916G  676G  240G  74% /nvme/media
SOURCE       TARGET      FSTYPE OPTIONS
/dev/nvme0n1 /nvme/media ext4   rw,noatime,nodiratime,discard

===== 2026-05-27 16:51:26 =====
[mounted] /dev/nvme0n1 -> /nvme/media
Filesystem      Size  Used Avail Use% Mounted on
/dev/nvme0n1    916G  683G  233G  75% /nvme/media
SOURCE       TARGET      FSTYPE OPTIONS
/dev/nvme0n1 /nvme/media ext4   rw,noatime,nodiratime,discard

===== 2026-05-27 16:51:36 =====
[mounted] /dev/nvme0n1 -> /nvme/media
Filesystem      Size  Used Avail Use% Mounted on
/dev/nvme0n1    916G  691G  226G  76% /nvme/media
SOURCE       TARGET      FSTYPE OPTIONS
/dev/nvme0n1 /nvme/media ext4   rw,noatime,nodiratime,discard

===== 2026-05-27 16:51:46 =====
[mounted] /dev/nvme0n1 -> /nvme/media
Filesystem      Size  Used Avail Use% Mounted on
/dev/nvme0n1    916G  698G  219G  77% /nvme/media
SOURCE       TARGET      FSTYPE OPTIONS
/dev/nvme0n1 /nvme/media ext4   rw,noatime,nodiratime,discard

===== 2026-05-27 16:51:56 =====
[mounted] /dev/nvme0n1 -> /nvme/media
Filesystem      Size  Used Avail Use% Mounted on
/dev/nvme0n1    916G  706G  210G  78% /nvme/media
SOURCE       TARGET      FSTYPE OPTIONS
/dev/nvme0n1 /nvme/media ext4   rw,noatime,nodiratime,discard

===== 2026-05-27 16:52:06 =====
[mounted] /dev/nvme0n1 -> /nvme/media
Filesystem      Size  Used Avail Use% Mounted on
/dev/nvme0n1    916G  718G  199G  79% /nvme/media
SOURCE       TARGET      FSTYPE OPTIONS
/dev/nvme0n1 /nvme/media ext4   rw,noatime,nodiratime,discard

===== 2026-05-27 16:52:16 =====
[mounted] /dev/nvme0n1 -> /nvme/media
Filesystem      Size  Used Avail Use% Mounted on
/dev/nvme0n1    916G  727G  189G  80% /nvme/media
SOURCE       TARGET      FSTYPE OPTIONS
/dev/nvme0n1 /nvme/media ext4   rw,noatime,nodiratime,discard

===== 2026-05-27 16:52:26 =====
[mounted] /dev/nvme0n1 -> /nvme/media
Filesystem      Size  Used Avail Use% Mounted on
/dev/nvme0n1    916G  737G  180G  81% /nvme/media
SOURCE       TARGET      FSTYPE OPTIONS
/dev/nvme0n1 /nvme/media ext4   rw,noatime,nodiratime,discard

===== 2026-05-27 16:52:36 =====
[mounted] /dev/nvme0n1 -> /nvme/media
Filesystem      Size  Used Avail Use% Mounted on
/dev/nvme0n1    916G  748G  169G  82% /nvme/media
SOURCE       TARGET      FSTYPE OPTIONS
/dev/nvme0n1 /nvme/media ext4   rw,noatime,nodiratime,discard

===== 2026-05-27 16:52:46 =====
[mounted] /dev/nvme0n1 -> /nvme/media
Filesystem      Size  Used Avail Use% Mounted on
/dev/nvme0n1    916G  757G  159G  83% /nvme/media
SOURCE       TARGET      FSTYPE OPTIONS
/dev/nvme0n1 /nvme/media ext4   rw,noatime,nodiratime,discard

===== 2026-05-27 16:52:56 =====
[mounted] /dev/nvme0n1 -> /nvme/media
Filesystem      Size  Used Avail Use% Mounted on
/dev/nvme0n1    916G  767G  150G  84% /nvme/media
SOURCE       TARGET      FSTYPE OPTIONS
/dev/nvme0n1 /nvme/media ext4   rw,noatime,nodiratime,discard

===== 2026-05-27 16:53:06 =====
[mounted] /dev/nvme0n1 -> /nvme/media
Filesystem      Size  Used Avail Use% Mounted on
/dev/nvme0n1    916G  776G  141G  85% /nvme/media
SOURCE       TARGET      FSTYPE OPTIONS
/dev/nvme0n1 /nvme/media ext4   rw,noatime,nodiratime,discard

===== 2026-05-27 16:53:16 =====
[mounted] /dev/nvme0n1 -> /nvme/media
Filesystem      Size  Used Avail Use% Mounted on
/dev/nvme0n1    916G  786G  131G  86% /nvme/media
SOURCE       TARGET      FSTYPE OPTIONS
/dev/nvme0n1 /nvme/media ext4   rw,noatime,nodiratime,discard

===== 2026-05-27 16:53:26 =====
[mounted] /dev/nvme0n1 -> /nvme/media
Filesystem      Size  Used Avail Use% Mounted on
/dev/nvme0n1    916G  785G  132G  86% /nvme/media
SOURCE       TARGET      FSTYPE OPTIONS
/dev/nvme0n1 /nvme/media ext4   rw,noatime,nodiratime,discard

===== 2026-05-27 16:53:36 =====
[mounted] /dev/nvme0n1 -> /nvme/media
Filesystem      Size  Used Avail Use% Mounted on
/dev/nvme0n1    916G  784G  132G  86% /nvme/media
SOURCE       TARGET      FSTYPE OPTIONS
/dev/nvme0n1 /nvme/media ext4   rw,noatime,nodiratime,discard

===== 2026-05-27 16:53:46 =====
[mounted] /dev/nvme0n1 -> /nvme/media
Filesystem      Size  Used Avail Use% Mounted on
/dev/nvme0n1    916G  783G  133G  86% /nvme/media
SOURCE       TARGET      FSTYPE OPTIONS
/dev/nvme0n1 /nvme/media ext4   rw,noatime,nodiratime,discard

===== 2026-05-27 16:53:56 =====
[mounted] /dev/nvme0n1 -> /nvme/media
Filesystem      Size  Used Avail Use% Mounted on
/dev/nvme0n1    916G  782G  134G  86% /nvme/media
SOURCE       TARGET      FSTYPE OPTIONS
/dev/nvme0n1 /nvme/media ext4   rw,noatime,nodiratime,discard

===== 2026-05-27 16:54:06 =====
[mounted] /dev/nvme0n1 -> /nvme/media
Filesystem      Size  Used Avail Use% Mounted on
/dev/nvme0n1    916G  782G  135G  86% /nvme/media
SOURCE       TARGET      FSTYPE OPTIONS
/dev/nvme0n1 /nvme/media ext4   rw,noatime,nodiratime,discard

===== 2026-05-27 16:54:17 =====
[mounted] /dev/nvme0n1 -> /nvme/media
Filesystem      Size  Used Avail Use% Mounted on
/dev/nvme0n1    916G  781G  136G  86% /nvme/media
SOURCE       TARGET      FSTYPE OPTIONS
/dev/nvme0n1 /nvme/media ext4   rw,noatime,nodiratime,discard

===== 2026-05-27 16:54:27 =====
[mounted] /dev/nvme0n1 -> /nvme/media
Filesystem      Size  Used Avail Use% Mounted on
/dev/nvme0n1    916G  780G  137G  86% /nvme/media
SOURCE       TARGET      FSTYPE OPTIONS
/dev/nvme0n1 /nvme/media ext4   rw,noatime,nodiratime,discard

===== 2026-05-27 16:54:37 =====
[mounted] /dev/nvme0n1 -> /nvme/media
Filesystem      Size  Used Avail Use% Mounted on
/dev/nvme0n1    916G  779G  138G  85% /nvme/media
SOURCE       TARGET      FSTYPE OPTIONS
/dev/nvme0n1 /nvme/media ext4   rw,noatime,nodiratime,discard

===== 2026-05-27 16:54:47 =====
[mounted] /dev/nvme0n1 -> /nvme/media
Filesystem      Size  Used Avail Use% Mounted on
/dev/nvme0n1    916G  778G  139G  85% /nvme/media
SOURCE       TARGET      FSTYPE OPTIONS
/dev/nvme0n1 /nvme/media ext4   rw,noatime,nodiratime,discard

===== 2026-05-27 16:54:57 =====
[mounted] /dev/nvme0n1 -> /nvme/media
Filesystem      Size  Used Avail Use% Mounted on
/dev/nvme0n1    916G  777G  140G  85% /nvme/media
SOURCE       TARGET      FSTYPE OPTIONS
/dev/nvme0n1 /nvme/media ext4   rw,noatime,nodiratime,discard

===== 2026-05-27 16:55:07 =====
[mounted] /dev/nvme0n1 -> /nvme/media
Filesystem      Size  Used Avail Use% Mounted on
/dev/nvme0n1    916G  776G  141G  85% /nvme/media
SOURCE       TARGET      FSTYPE OPTIONS
/dev/nvme0n1 /nvme/media ext4   rw,noatime,nodiratime,discard

===== 2026-05-27 16:55:17 =====
[mounted] /dev/nvme0n1 -> /nvme/media
Filesystem      Size  Used Avail Use% Mounted on
/dev/nvme0n1    916G  775G  142G  85% /nvme/media
SOURCE       TARGET      FSTYPE OPTIONS
/dev/nvme0n1 /nvme/media ext4   rw,noatime,nodiratime,discard

===== 2026-05-27 16:55:27 =====
[mounted] /dev/nvme0n1 -> /nvme/media
Filesystem      Size  Used Avail Use% Mounted on
/dev/nvme0n1    916G  774G  143G  85% /nvme/media
SOURCE       TARGET      FSTYPE OPTIONS
/dev/nvme0n1 /nvme/media ext4   rw,noatime,nodiratime,discard

===== 2026-05-27 16:55:37 =====
[mounted] /dev/nvme0n1 -> /nvme/media
Filesystem      Size  Used Avail Use% Mounted on
/dev/nvme0n1    916G  773G  144G  85% /nvme/media
SOURCE       TARGET      FSTYPE OPTIONS
/dev/nvme0n1 /nvme/media ext4   rw,noatime,nodiratime,discard

===== 2026-05-27 16:55:47 =====
[mounted] /dev/nvme0n1 -> /nvme/media
Filesystem      Size  Used Avail Use% Mounted on
/dev/nvme0n1    916G  772G  145G  85% /nvme/media
SOURCE       TARGET      FSTYPE OPTIONS
/dev/nvme0n1 /nvme/media ext4   rw,noatime,nodiratime,discard

===== 2026-05-27 16:55:57 =====
[mounted] /dev/nvme0n1 -> /nvme/media
Filesystem      Size  Used Avail Use% Mounted on
/dev/nvme0n1    916G  771G  146G  85% /nvme/media
SOURCE       TARGET      FSTYPE OPTIONS
/dev/nvme0n1 /nvme/media ext4   rw,noatime,nodiratime,discard

===== 2026-05-27 16:56:07 =====
[mounted] /dev/nvme0n1 -> /nvme/media
Filesystem      Size  Used Avail Use% Mounted on
/dev/nvme0n1    916G  770G  147G  85% /nvme/media
SOURCE       TARGET      FSTYPE OPTIONS
/dev/nvme0n1 /nvme/media ext4   rw,noatime,nodiratime,discard

===== 2026-05-27 16:56:17 =====
[mounted] /dev/nvme0n1 -> /nvme/media
Filesystem      Size  Used Avail Use% Mounted on
/dev/nvme0n1    916G  769G  148G  84% /nvme/media
SOURCE       TARGET      FSTYPE OPTIONS
/dev/nvme0n1 /nvme/media ext4   rw,noatime,nodiratime,discard

===== 2026-05-27 16:56:27 =====
[mounted] /dev/nvme0n1 -> /nvme/media
Filesystem      Size  Used Avail Use% Mounted on
/dev/nvme0n1    916G  768G  149G  84% /nvme/media
SOURCE       TARGET      FSTYPE OPTIONS
/dev/nvme0n1 /nvme/media ext4   rw,noatime,nodiratime,discard

===== 2026-05-27 16:56:37 =====
[mounted] /dev/nvme0n1 -> /nvme/media
Filesystem      Size  Used Avail Use% Mounted on
/dev/nvme0n1    916G  767G  150G  84% /nvme/media
SOURCE       TARGET      FSTYPE OPTIONS
/dev/nvme0n1 /nvme/media ext4   rw,noatime,nodiratime,discard

===== 2026-05-27 16:56:47 =====
[mounted] /dev/nvme0n1 -> /nvme/media
Filesystem      Size  Used Avail Use% Mounted on
/dev/nvme0n1    916G  766G  151G  84% /nvme/media
SOURCE       TARGET      FSTYPE OPTIONS
/dev/nvme0n1 /nvme/media ext4   rw,noatime,nodiratime,discard

===== 2026-05-27 16:56:57 =====
[mounted] /dev/nvme0n1 -> /nvme/media
Filesystem      Size  Used Avail Use% Mounted on
/dev/nvme0n1    916G  765G  152G  84% /nvme/media
SOURCE       TARGET      FSTYPE OPTIONS
/dev/nvme0n1 /nvme/media ext4   rw,noatime,nodiratime,discard

===== 2026-05-27 16:57:07 =====
[mounted] /dev/nvme0n1 -> /nvme/media
Filesystem      Size  Used Avail Use% Mounted on
/dev/nvme0n1    916G  764G  153G  84% /nvme/media
SOURCE       TARGET      FSTYPE OPTIONS
/dev/nvme0n1 /nvme/media ext4   rw,noatime,nodiratime,discard

===== 2026-05-27 16:57:17 =====
[mounted] /dev/nvme0n1 -> /nvme/media
Filesystem      Size  Used Avail Use% Mounted on
/dev/nvme0n1    916G  763G  154G  84% /nvme/media
SOURCE       TARGET      FSTYPE OPTIONS
/dev/nvme0n1 /nvme/media ext4   rw,noatime,nodiratime,discard

===== 2026-05-27 16:57:27 =====
[mounted] /dev/nvme0n1 -> /nvme/media
Filesystem      Size  Used Avail Use% Mounted on
/dev/nvme0n1    916G  762G  155G  84% /nvme/media
SOURCE       TARGET      FSTYPE OPTIONS
/dev/nvme0n1 /nvme/media ext4   rw,noatime,nodiratime,discard

===== 2026-05-27 16:57:37 =====
[mounted] /dev/nvme0n1 -> /nvme/media
Filesystem      Size  Used Avail Use% Mounted on
/dev/nvme0n1    916G  761G  156G  84% /nvme/media
SOURCE       TARGET      FSTYPE OPTIONS
/dev/nvme0n1 /nvme/media ext4   rw,noatime,nodiratime,discard

===== 2026-05-27 16:57:47 =====
[mounted] /dev/nvme0n1 -> /nvme/media
Filesystem      Size  Used Avail Use% Mounted on
/dev/nvme0n1    916G  760G  157G  83% /nvme/media
SOURCE       TARGET      FSTYPE OPTIONS
/dev/nvme0n1 /nvme/media ext4   rw,noatime,nodiratime,discard

===== 2026-05-27 16:57:57 =====
[mounted] /dev/nvme0n1 -> /nvme/media
Filesystem      Size  Used Avail Use% Mounted on
/dev/nvme0n1    916G  759G  158G  83% /nvme/media
SOURCE       TARGET      FSTYPE OPTIONS
/dev/nvme0n1 /nvme/media ext4   rw,noatime,nodiratime,discard

===== 2026-05-27 16:58:07 =====
[mounted] /dev/nvme0n1 -> /nvme/media
Filesystem      Size  Used Avail Use% Mounted on
/dev/nvme0n1    916G  758G  159G  83% /nvme/media
SOURCE       TARGET      FSTYPE OPTIONS
/dev/nvme0n1 /nvme/media ext4   rw,noatime,nodiratime,discard

===== 2026-05-27 16:58:17 =====
[mounted] /dev/nvme0n1 -> /nvme/media
Filesystem      Size  Used Avail Use% Mounted on
/dev/nvme0n1    916G  757G  160G  83% /nvme/media
SOURCE       TARGET      FSTYPE OPTIONS
/dev/nvme0n1 /nvme/media ext4   rw,noatime,nodiratime,discard

===== 2026-05-27 16:58:27 =====
[mounted] /dev/nvme0n1 -> /nvme/media
Filesystem      Size  Used Avail Use% Mounted on
/dev/nvme0n1    916G  756G  161G  83% /nvme/media
SOURCE       TARGET      FSTYPE OPTIONS
/dev/nvme0n1 /nvme/media ext4   rw,noatime,nodiratime,discard

===== 2026-05-27 16:58:37 =====
[mounted] /dev/nvme0n1 -> /nvme/media
Filesystem      Size  Used Avail Use% Mounted on
/dev/nvme0n1    916G  755G  162G  83% /nvme/media
SOURCE       TARGET      FSTYPE OPTIONS
/dev/nvme0n1 /nvme/media ext4   rw,noatime,nodiratime,discard

===== 2026-05-27 16:58:47 =====
[mounted] /dev/nvme0n1 -> /nvme/media
Filesystem      Size  Used Avail Use% Mounted on
/dev/nvme0n1    916G  754G  163G  83% /nvme/media
SOURCE       TARGET      FSTYPE OPTIONS
/dev/nvme0n1 /nvme/media ext4   rw,noatime,nodiratime,discard

===== 2026-05-27 16:58:57 =====
[mounted] /dev/nvme0n1 -> /nvme/media
Filesystem      Size  Used Avail Use% Mounted on
/dev/nvme0n1    916G  753G  164G  83% /nvme/media
SOURCE       TARGET      FSTYPE OPTIONS
/dev/nvme0n1 /nvme/media ext4   rw,noatime,nodiratime,discard

===== 2026-05-27 16:59:07 =====
[mounted] /dev/nvme0n1 -> /nvme/media
Filesystem      Size  Used Avail Use% Mounted on
/dev/nvme0n1    916G  752G  165G  83% /nvme/media
SOURCE       TARGET      FSTYPE OPTIONS
/dev/nvme0n1 /nvme/media ext4   rw,noatime,nodiratime,discard

===== 2026-05-27 16:59:17 =====
[mounted] /dev/nvme0n1 -> /nvme/media
Filesystem      Size  Used Avail Use% Mounted on
/dev/nvme0n1    916G  751G  166G  82% /nvme/media
SOURCE       TARGET      FSTYPE OPTIONS
/dev/nvme0n1 /nvme/media ext4   rw,noatime,nodiratime,discard

===== 2026-05-27 16:59:28 =====
[mounted] /dev/nvme0n1 -> /nvme/media
Filesystem      Size  Used Avail Use% Mounted on
/dev/nvme0n1    916G  750G  167G  82% /nvme/media
SOURCE       TARGET      FSTYPE OPTIONS
/dev/nvme0n1 /nvme/media ext4   rw,noatime,nodiratime,discard

===== 2026-05-27 16:59:38 =====
[mounted] /dev/nvme0n1 -> /nvme/media
Filesystem      Size  Used Avail Use% Mounted on
/dev/nvme0n1    916G  749G  168G  82% /nvme/media
SOURCE       TARGET      FSTYPE OPTIONS
/dev/nvme0n1 /nvme/media ext4   rw,noatime,nodiratime,discard

===== 2026-05-27 16:59:48 =====
[mounted] /dev/nvme0n1 -> /nvme/media
Filesystem      Size  Used Avail Use% Mounted on
/dev/nvme0n1    916G  748G  169G  82% /nvme/media
SOURCE       TARGET      FSTYPE OPTIONS
/dev/nvme0n1 /nvme/media ext4   rw,noatime,nodiratime,discard

===== 2026-05-27 16:59:58 =====
[mounted] /dev/nvme0n1 -> /nvme/media
Filesystem      Size  Used Avail Use% Mounted on
/dev/nvme0n1    916G  747G  170G  82% /nvme/media
SOURCE       TARGET      FSTYPE OPTIONS
/dev/nvme0n1 /nvme/media ext4   rw,noatime,nodiratime,discard

===== 2026-05-27 17:00:08 =====
[mounted] /dev/nvme0n1 -> /nvme/media
Filesystem      Size  Used Avail Use% Mounted on
/dev/nvme0n1    916G  746G  171G  82% /nvme/media
SOURCE       TARGET      FSTYPE OPTIONS
/dev/nvme0n1 /nvme/media ext4   rw,noatime,nodiratime,discard

===== 2026-05-27 17:00:18 =====
[mounted] /dev/nvme0n1 -> /nvme/media
Filesystem      Size  Used Avail Use% Mounted on
/dev/nvme0n1    916G  745G  172G  82% /nvme/media
SOURCE       TARGET      FSTYPE OPTIONS
/dev/nvme0n1 /nvme/media ext4   rw,noatime,nodiratime,discard

===== 2026-05-27 17:00:28 =====
[mounted] /dev/nvme0n1 -> /nvme/media
Filesystem      Size  Used Avail Use% Mounted on
/dev/nvme0n1    916G  744G  173G  82% /nvme/media
SOURCE       TARGET      FSTYPE OPTIONS
/dev/nvme0n1 /nvme/media ext4   rw,noatime,nodiratime,discard

===== 2026-05-27 17:00:38 =====
[mounted] /dev/nvme0n1 -> /nvme/media
Filesystem      Size  Used Avail Use% Mounted on
/dev/nvme0n1    916G  743G  174G  82% /nvme/media
SOURCE       TARGET      FSTYPE OPTIONS
/dev/nvme0n1 /nvme/media ext4   rw,noatime,nodiratime,discard

===== 2026-05-27 17:00:48 =====
[mounted] /dev/nvme0n1 -> /nvme/media
Filesystem      Size  Used Avail Use% Mounted on
/dev/nvme0n1    916G  742G  175G  81% /nvme/media
SOURCE       TARGET      FSTYPE OPTIONS
/dev/nvme0n1 /nvme/media ext4   rw,noatime,nodiratime,discard

===== 2026-05-27 17:00:58 =====
[mounted] /dev/nvme0n1 -> /nvme/media
Filesystem      Size  Used Avail Use% Mounted on
/dev/nvme0n1    916G  741G  175G  81% /nvme/media
SOURCE       TARGET      FSTYPE OPTIONS
/dev/nvme0n1 /nvme/media ext4   rw,noatime,nodiratime,discard

===== 2026-05-27 17:01:08 =====
[mounted] /dev/nvme0n1 -> /nvme/media
Filesystem      Size  Used Avail Use% Mounted on
/dev/nvme0n1    916G  740G  177G  81% /nvme/media
SOURCE       TARGET      FSTYPE OPTIONS
/dev/nvme0n1 /nvme/media ext4   rw,noatime,nodiratime,discard

===== 2026-05-27 17:01:18 =====
[mounted] /dev/nvme0n1 -> /nvme/media
Filesystem      Size  Used Avail Use% Mounted on
/dev/nvme0n1    916G  739G  178G  81% /nvme/media
SOURCE       TARGET      FSTYPE OPTIONS
/dev/nvme0n1 /nvme/media ext4   rw,noatime,nodiratime,discard

===== 2026-05-27 17:01:28 =====
[mounted] /dev/nvme0n1 -> /nvme/media
Filesystem      Size  Used Avail Use% Mounted on
/dev/nvme0n1    916G  738G  178G  81% /nvme/media
SOURCE       TARGET      FSTYPE OPTIONS
/dev/nvme0n1 /nvme/media ext4   rw,noatime,nodiratime,discard

===== 2026-05-27 17:01:38 =====
[mounted] /dev/nvme0n1 -> /nvme/media
Filesystem      Size  Used Avail Use% Mounted on
/dev/nvme0n1    916G  737G  179G  81% /nvme/media
SOURCE       TARGET      FSTYPE OPTIONS
/dev/nvme0n1 /nvme/media ext4   rw,noatime,nodiratime,discard

===== 2026-05-27 17:01:48 =====
[mounted] /dev/nvme0n1 -> /nvme/media
Filesystem      Size  Used Avail Use% Mounted on
/dev/nvme0n1    916G  736G  181G  81% /nvme/media
SOURCE       TARGET      FSTYPE OPTIONS
/dev/nvme0n1 /nvme/media ext4   rw,noatime,nodiratime,discard

===== 2026-05-27 17:01:58 =====
[mounted] /dev/nvme0n1 -> /nvme/media
Filesystem      Size  Used Avail Use% Mounted on
/dev/nvme0n1    916G  735G  181G  81% /nvme/media
SOURCE       TARGET      FSTYPE OPTIONS
/dev/nvme0n1 /nvme/media ext4   rw,noatime,nodiratime,discard

===== 2026-05-27 17:02:08 =====
[mounted] /dev/nvme0n1 -> /nvme/media
Filesystem      Size  Used Avail Use% Mounted on
/dev/nvme0n1    916G  734G  182G  81% /nvme/media
SOURCE       TARGET      FSTYPE OPTIONS
/dev/nvme0n1 /nvme/media ext4   rw,noatime,nodiratime,discard

===== 2026-05-27 17:02:18 =====
[mounted] /dev/nvme0n1 -> /nvme/media
Filesystem      Size  Used Avail Use% Mounted on
/dev/nvme0n1    916G  733G  183G  81% /nvme/media
SOURCE       TARGET      FSTYPE OPTIONS
/dev/nvme0n1 /nvme/media ext4   rw,noatime,nodiratime,discard

===== 2026-05-27 17:02:28 =====
[mounted] /dev/nvme0n1 -> /nvme/media
Filesystem      Size  Used Avail Use% Mounted on
/dev/nvme0n1    916G  732G  184G  80% /nvme/media
SOURCE       TARGET      FSTYPE OPTIONS
/dev/nvme0n1 /nvme/media ext4   rw,noatime,nodiratime,discard

===== 2026-05-27 17:02:38 =====
[mounted] /dev/nvme0n1 -> /nvme/media
Filesystem      Size  Used Avail Use% Mounted on
/dev/nvme0n1    916G  731G  185G  80% /nvme/media
SOURCE       TARGET      FSTYPE OPTIONS
/dev/nvme0n1 /nvme/media ext4   rw,noatime,nodiratime,discard

===== 2026-05-27 17:02:48 =====
[mounted] /dev/nvme0n1 -> /nvme/media
Filesystem      Size  Used Avail Use% Mounted on
/dev/nvme0n1    916G  730G  186G  80% /nvme/media
SOURCE       TARGET      FSTYPE OPTIONS
/dev/nvme0n1 /nvme/media ext4   rw,noatime,nodiratime,discard

===== 2026-05-27 17:02:58 =====
[mounted] /dev/nvme0n1 -> /nvme/media
Filesystem      Size  Used Avail Use% Mounted on
/dev/nvme0n1    916G  729G  187G  80% /nvme/media
SOURCE       TARGET      FSTYPE OPTIONS
/dev/nvme0n1 /nvme/media ext4   rw,noatime,nodiratime,discard

===== 2026-05-27 17:03:08 =====
[mounted] /dev/nvme0n1 -> /nvme/media
Filesystem      Size  Used Avail Use% Mounted on
/dev/nvme0n1    916G  728G  188G  80% /nvme/media
SOURCE       TARGET      FSTYPE OPTIONS
/dev/nvme0n1 /nvme/media ext4   rw,noatime,nodiratime,discard

===== 2026-05-27 17:03:18 =====
[mounted] /dev/nvme0n1 -> /nvme/media
Filesystem      Size  Used Avail Use% Mounted on
/dev/nvme0n1    916G  727G  189G  80% /nvme/media
SOURCE       TARGET      FSTYPE OPTIONS
/dev/nvme0n1 /nvme/media ext4   rw,noatime,nodiratime,discard

===== 2026-05-27 17:03:28 =====
[mounted] /dev/nvme0n1 -> /nvme/media
Filesystem      Size  Used Avail Use% Mounted on
/dev/nvme0n1    916G  726G  190G  80% /nvme/media
SOURCE       TARGET      FSTYPE OPTIONS
/dev/nvme0n1 /nvme/media ext4   rw,noatime,nodiratime,discard

===== 2026-05-27 17:03:38 =====
[mounted] /dev/nvme0n1 -> /nvme/media
Filesystem      Size  Used Avail Use% Mounted on
/dev/nvme0n1    916G  725G  191G  80% /nvme/media
SOURCE       TARGET      FSTYPE OPTIONS
/dev/nvme0n1 /nvme/media ext4   rw,noatime,nodiratime,discard

===== 2026-05-27 17:03:48 =====
[mounted] /dev/nvme0n1 -> /nvme/media
Filesystem      Size  Used Avail Use% Mounted on
/dev/nvme0n1    916G  724G  192G  80% /nvme/media
SOURCE       TARGET      FSTYPE OPTIONS
/dev/nvme0n1 /nvme/media ext4   rw,noatime,nodiratime,discard

===== 2026-05-27 17:03:58 =====
[mounted] /dev/nvme0n1 -> /nvme/media
Filesystem      Size  Used Avail Use% Mounted on
/dev/nvme0n1    916G  723G  193G  79% /nvme/media
SOURCE       TARGET      FSTYPE OPTIONS
/dev/nvme0n1 /nvme/media ext4   rw,noatime,nodiratime,discard

===== 2026-05-27 17:04:08 =====
[mounted] /dev/nvme0n1 -> /nvme/media
Filesystem      Size  Used Avail Use% Mounted on
/dev/nvme0n1    916G  722G  194G  79% /nvme/media
SOURCE       TARGET      FSTYPE OPTIONS
/dev/nvme0n1 /nvme/media ext4   rw,noatime,nodiratime,discard

===== 2026-05-27 17:04:18 =====
[mounted] /dev/nvme0n1 -> /nvme/media
Filesystem      Size  Used Avail Use% Mounted on
/dev/nvme0n1    916G  721G  195G  79% /nvme/media
SOURCE       TARGET      FSTYPE OPTIONS
/dev/nvme0n1 /nvme/media ext4   rw,noatime,nodiratime,discard

===== 2026-05-27 17:04:28 =====
[mounted] /dev/nvme0n1 -> /nvme/media
Filesystem      Size  Used Avail Use% Mounted on
/dev/nvme0n1    916G  720G  196G  79% /nvme/media
SOURCE       TARGET      FSTYPE OPTIONS
/dev/nvme0n1 /nvme/media ext4   rw,noatime,nodiratime,discard

===== 2026-05-27 17:04:38 =====
[mounted] /dev/nvme0n1 -> /nvme/media
Filesystem      Size  Used Avail Use% Mounted on
/dev/nvme0n1    916G  719G  197G  79% /nvme/media
SOURCE       TARGET      FSTYPE OPTIONS
/dev/nvme0n1 /nvme/media ext4   rw,noatime,nodiratime,discard

===== 2026-05-27 17:04:48 =====
[mounted] /dev/nvme0n1 -> /nvme/media
Filesystem      Size  Used Avail Use% Mounted on
/dev/nvme0n1    916G  718G  198G  79% /nvme/media
SOURCE       TARGET      FSTYPE OPTIONS
/dev/nvme0n1 /nvme/media ext4   rw,noatime,nodiratime,discard

===== 2026-05-27 17:04:58 =====
[mounted] /dev/nvme0n1 -> /nvme/media
Filesystem      Size  Used Avail Use% Mounted on
/dev/nvme0n1    916G  717G  199G  79% /nvme/media
SOURCE       TARGET      FSTYPE OPTIONS
/dev/nvme0n1 /nvme/media ext4   rw,noatime,nodiratime,discard

===== 2026-05-27 17:05:08 =====
[mounted] /dev/nvme0n1 -> /nvme/media
Filesystem      Size  Used Avail Use% Mounted on
/dev/nvme0n1    916G  716G  200G  79% /nvme/media
SOURCE       TARGET      FSTYPE OPTIONS
/dev/nvme0n1 /nvme/media ext4   rw,noatime,nodiratime,discard

===== 2026-05-27 17:05:18 =====
[mounted] /dev/nvme0n1 -> /nvme/media
Filesystem      Size  Used Avail Use% Mounted on
/dev/nvme0n1    916G  715G  201G  79% /nvme/media
SOURCE       TARGET      FSTYPE OPTIONS
/dev/nvme0n1 /nvme/media ext4   rw,noatime,nodiratime,discard

===== 2026-05-27 17:05:29 =====
[mounted] /dev/nvme0n1 -> /nvme/media
Filesystem      Size  Used Avail Use% Mounted on
/dev/nvme0n1    916G  714G  202G  78% /nvme/media
SOURCE       TARGET      FSTYPE OPTIONS
/dev/nvme0n1 /nvme/media ext4   rw,noatime,nodiratime,discard

===== 2026-05-27 17:05:39 =====
[mounted] /dev/nvme0n1 -> /nvme/media
Filesystem      Size  Used Avail Use% Mounted on
/dev/nvme0n1    916G  713G  203G  78% /nvme/media
SOURCE       TARGET      FSTYPE OPTIONS
/dev/nvme0n1 /nvme/media ext4   rw,noatime,nodiratime,discard

===== 2026-05-27 17:05:49 =====
[mounted] /dev/nvme0n1 -> /nvme/media
Filesystem      Size  Used Avail Use% Mounted on
/dev/nvme0n1    916G  712G  204G  78% /nvme/media
SOURCE       TARGET      FSTYPE OPTIONS
/dev/nvme0n1 /nvme/media ext4   rw,noatime,nodiratime,discard

===== 2026-05-27 17:05:59 =====
[mounted] /dev/nvme0n1 -> /nvme/media
Filesystem      Size  Used Avail Use% Mounted on
/dev/nvme0n1    916G  711G  205G  78% /nvme/media
SOURCE       TARGET      FSTYPE OPTIONS
/dev/nvme0n1 /nvme/media ext4   rw,noatime,nodiratime,discard

===== 2026-05-27 17:06:09 =====
[mounted] /dev/nvme0n1 -> /nvme/media
Filesystem      Size  Used Avail Use% Mounted on
/dev/nvme0n1    916G  710G  206G  78% /nvme/media
SOURCE       TARGET      FSTYPE OPTIONS
/dev/nvme0n1 /nvme/media ext4   rw,noatime,nodiratime,discard

===== 2026-05-27 17:06:19 =====
[mounted] /dev/nvme0n1 -> /nvme/media
Filesystem      Size  Used Avail Use% Mounted on
/dev/nvme0n1    916G  709G  207G  78% /nvme/media
SOURCE       TARGET      FSTYPE OPTIONS
/dev/nvme0n1 /nvme/media ext4   rw,noatime,nodiratime,discard

===== 2026-05-27 17:06:29 =====
[mounted] /dev/nvme0n1 -> /nvme/media
Filesystem      Size  Used Avail Use% Mounted on
/dev/nvme0n1    916G  708G  208G  78% /nvme/media
SOURCE       TARGET      FSTYPE OPTIONS
/dev/nvme0n1 /nvme/media ext4   rw,noatime,nodiratime,discard

===== 2026-05-27 17:06:39 =====
[mounted] /dev/nvme0n1 -> /nvme/media
Filesystem      Size  Used Avail Use% Mounted on
/dev/nvme0n1    916G  708G  209G  78% /nvme/media
SOURCE       TARGET      FSTYPE OPTIONS
/dev/nvme0n1 /nvme/media ext4   rw,noatime,nodiratime,discard

===== 2026-05-27 17:06:49 =====
[mounted] /dev/nvme0n1 -> /nvme/media
Filesystem      Size  Used Avail Use% Mounted on
/dev/nvme0n1    916G  706G  210G  78% /nvme/media
SOURCE       TARGET      FSTYPE OPTIONS
/dev/nvme0n1 /nvme/media ext4   rw,noatime,nodiratime,discard

===== 2026-05-27 17:06:59 =====
[mounted] /dev/nvme0n1 -> /nvme/media
Filesystem      Size  Used Avail Use% Mounted on
/dev/nvme0n1    916G  705G  211G  77% /nvme/media
SOURCE       TARGET      FSTYPE OPTIONS
/dev/nvme0n1 /nvme/media ext4   rw,noatime,nodiratime,discard

===== 2026-05-27 17:07:09 =====
[mounted] /dev/nvme0n1 -> /nvme/media
Filesystem      Size  Used Avail Use% Mounted on
/dev/nvme0n1    916G  704G  212G  77% /nvme/media
SOURCE       TARGET      FSTYPE OPTIONS
/dev/nvme0n1 /nvme/media ext4   rw,noatime,nodiratime,discard

===== 2026-05-27 17:07:19 =====
[mounted] /dev/nvme0n1 -> /nvme/media
Filesystem      Size  Used Avail Use% Mounted on
/dev/nvme0n1    916G  704G  213G  77% /nvme/media
SOURCE       TARGET      FSTYPE OPTIONS
/dev/nvme0n1 /nvme/media ext4   rw,noatime,nodiratime,discard

===== 2026-05-27 17:07:29 =====
[mounted] /dev/nvme0n1 -> /nvme/media
Filesystem      Size  Used Avail Use% Mounted on
/dev/nvme0n1    916G  702G  214G  77% /nvme/media
SOURCE       TARGET      FSTYPE OPTIONS
/dev/nvme0n1 /nvme/media ext4   rw,noatime,nodiratime,discard

===== 2026-05-27 17:07:39 =====
[mounted] /dev/nvme0n1 -> /nvme/media
Filesystem      Size  Used Avail Use% Mounted on
/dev/nvme0n1    916G  701G  215G  77% /nvme/media
SOURCE       TARGET      FSTYPE OPTIONS
/dev/nvme0n1 /nvme/media ext4   rw,noatime,nodiratime,discard

===== 2026-05-27 17:07:49 =====
[mounted] /dev/nvme0n1 -> /nvme/media
Filesystem      Size  Used Avail Use% Mounted on
/dev/nvme0n1    916G  700G  216G  77% /nvme/media
SOURCE       TARGET      FSTYPE OPTIONS
/dev/nvme0n1 /nvme/media ext4   rw,noatime,nodiratime,discard

===== 2026-05-27 17:07:59 =====
[mounted] /dev/nvme0n1 -> /nvme/media
Filesystem      Size  Used Avail Use% Mounted on
/dev/nvme0n1    916G  699G  217G  77% /nvme/media
SOURCE       TARGET      FSTYPE OPTIONS
/dev/nvme0n1 /nvme/media ext4   rw,noatime,nodiratime,discard

===== 2026-05-27 17:08:09 =====
[mounted] /dev/nvme0n1 -> /nvme/media
Filesystem      Size  Used Avail Use% Mounted on
/dev/nvme0n1    916G  699G  218G  77% /nvme/media
SOURCE       TARGET      FSTYPE OPTIONS
/dev/nvme0n1 /nvme/media ext4   rw,noatime,nodiratime,discard

===== 2026-05-27 17:08:19 =====
[mounted] /dev/nvme0n1 -> /nvme/media
Filesystem      Size  Used Avail Use% Mounted on
/dev/nvme0n1    916G  698G  219G  77% /nvme/media
SOURCE       TARGET      FSTYPE OPTIONS
/dev/nvme0n1 /nvme/media ext4   rw,noatime,nodiratime,discard

===== 2026-05-27 17:08:29 =====
[mounted] /dev/nvme0n1 -> /nvme/media
Filesystem      Size  Used Avail Use% Mounted on
/dev/nvme0n1    916G  698G  219G  77% /nvme/media
SOURCE       TARGET      FSTYPE OPTIONS
/dev/nvme0n1 /nvme/media ext4   rw,noatime,nodiratime

===== 2026-05-27 17:08:39 =====
[mounted] /dev/nvme0n1 -> /nvme/media
Filesystem      Size  Used Avail Use% Mounted on
/dev/nvme0n1    916G  698G  219G  77% /nvme/media
SOURCE       TARGET      FSTYPE OPTIONS
/dev/nvme0n1 /nvme/media ext4   rw,noatime,nodiratime

===== 2026-05-27 17:08:49 =====
[mounted] /dev/nvme0n1 -> /nvme/media
Filesystem      Size  Used Avail Use% Mounted on
/dev/nvme0n1    916G  698G  219G  77% /nvme/media
SOURCE       TARGET      FSTYPE OPTIONS
/dev/nvme0n1 /nvme/media ext4   rw,noatime,nodiratime

===== 2026-05-27 17:08:59 =====
[mounted] /dev/nvme0n1 -> /nvme/media
Filesystem      Size  Used Avail Use% Mounted on
/dev/nvme0n1    916G  698G  219G  77% /nvme/media
SOURCE       TARGET      FSTYPE OPTIONS
/dev/nvme0n1 /nvme/media ext4   rw,noatime,nodiratime

===== 2026-05-27 17:09:09 =====
[mounted] /dev/nvme0n1 -> /nvme/media
Filesystem      Size  Used Avail Use% Mounted on
/dev/nvme0n1    916G  698G  219G  77% /nvme/media
SOURCE       TARGET      FSTYPE OPTIONS
/dev/nvme0n1 /nvme/media ext4   rw,noatime,nodiratime

===== 2026-05-27 17:09:19 =====
[mounted] /dev/nvme0n1 -> /nvme/media
Filesystem      Size  Used Avail Use% Mounted on
/dev/nvme0n1    916G  698G  219G  77% /nvme/media
SOURCE       TARGET      FSTYPE OPTIONS
/dev/nvme0n1 /nvme/media ext4   rw,noatime,nodiratime

===== 2026-05-27 17:09:29 =====
[mounted] /dev/nvme0n1 -> /nvme/media
Filesystem      Size  Used Avail Use% Mounted on
/dev/nvme0n1    916G  698G  219G  77% /nvme/media
SOURCE       TARGET      FSTYPE OPTIONS
/dev/nvme0n1 /nvme/media ext4   rw,noatime,nodiratime

===== 2026-05-27 17:09:39 =====
[mounted] /dev/nvme0n1 -> /nvme/media
Filesystem      Size  Used Avail Use% Mounted on
/dev/nvme0n1    916G  698G  219G  77% /nvme/media
SOURCE       TARGET      FSTYPE OPTIONS
/dev/nvme0n1 /nvme/media ext4   rw,noatime,nodiratime

===== 2026-05-27 17:09:49 =====
[mounted] /dev/nvme0n1 -> /nvme/media
Filesystem      Size  Used Avail Use% Mounted on
/dev/nvme0n1    916G  698G  219G  77% /nvme/media
SOURCE       TARGET      FSTYPE OPTIONS
/dev/nvme0n1 /nvme/media ext4   rw,noatime,nodiratime

===== 2026-05-27 17:09:59 =====
[mounted] /dev/nvme0n1 -> /nvme/media
Filesystem      Size  Used Avail Use% Mounted on
/dev/nvme0n1    916G  698G  219G  77% /nvme/media
SOURCE       TARGET      FSTYPE OPTIONS
/dev/nvme0n1 /nvme/media ext4   rw,noatime,nodiratime

===== 2026-05-27 17:10:09 =====
[mounted] /dev/nvme0n1 -> /nvme/media
Filesystem      Size  Used Avail Use% Mounted on
/dev/nvme0n1    916G  698G  219G  77% /nvme/media
SOURCE       TARGET      FSTYPE OPTIONS
/dev/nvme0n1 /nvme/media ext4   rw,noatime,nodiratime

===== 2026-05-27 17:10:19 =====
[mounted] /dev/nvme0n1 -> /nvme/media
Filesystem      Size  Used Avail Use% Mounted on
/dev/nvme0n1    916G  698G  219G  77% /nvme/media
SOURCE       TARGET      FSTYPE OPTIONS
/dev/nvme0n1 /nvme/media ext4   rw,noatime,nodiratime

===== 2026-05-27 17:10:29 =====
[mounted] /dev/nvme0n1 -> /nvme/media
Filesystem      Size  Used Avail Use% Mounted on
/dev/nvme0n1    916G  698G  219G  77% /nvme/media
SOURCE       TARGET      FSTYPE OPTIONS
/dev/nvme0n1 /nvme/media ext4   rw,noatime,nodiratime

===== 2026-05-27 17:10:39 =====
[mounted] /dev/nvme0n1 -> /nvme/media
Filesystem      Size  Used Avail Use% Mounted on
/dev/nvme0n1    916G  698G  219G  77% /nvme/media
SOURCE       TARGET      FSTYPE OPTIONS
/dev/nvme0n1 /nvme/media ext4   rw,noatime,nodiratime

===== 2026-05-27 17:10:49 =====
[mounted] /dev/nvme0n1 -> /nvme/media
Filesystem      Size  Used Avail Use% Mounted on
/dev/nvme0n1    916G  698G  219G  77% /nvme/media
SOURCE       TARGET      FSTYPE OPTIONS
/dev/nvme0n1 /nvme/media ext4   rw,noatime,nodiratime

===== 2026-05-27 17:10:59 =====
[mounted] /dev/nvme0n1 -> /nvme/media
Filesystem      Size  Used Avail Use% Mounted on
/dev/nvme0n1    916G  698G  219G  77% /nvme/media
SOURCE       TARGET      FSTYPE OPTIONS
/dev/nvme0n1 /nvme/media ext4   rw,noatime,nodiratime

===== 2026-05-27 17:11:09 =====
[mounted] /dev/nvme0n1 -> /nvme/media
Filesystem      Size  Used Avail Use% Mounted on
/dev/nvme0n1    916G  698G  219G  77% /nvme/media
SOURCE       TARGET      FSTYPE OPTIONS
/dev/nvme0n1 /nvme/media ext4   rw,noatime,nodiratime

===== 2026-05-27 17:11:19 =====
[mounted] /dev/nvme0n1 -> /nvme/media
Filesystem      Size  Used Avail Use% Mounted on
/dev/nvme0n1    916G  698G  219G  77% /nvme/media
SOURCE       TARGET      FSTYPE OPTIONS
/dev/nvme0n1 /nvme/media ext4   rw,noatime,nodiratime

===== 2026-05-27 17:11:29 =====
[mounted] /dev/nvme0n1 -> /nvme/media
Filesystem      Size  Used Avail Use% Mounted on
/dev/nvme0n1    916G  698G  219G  77% /nvme/media
SOURCE       TARGET      FSTYPE OPTIONS
/dev/nvme0n1 /nvme/media ext4   rw,noatime,nodiratime

===== 2026-05-27 17:11:39 =====
[mounted] /dev/nvme0n1 -> /nvme/media
Filesystem      Size  Used Avail Use% Mounted on
/dev/nvme0n1    916G  698G  219G  77% /nvme/media
SOURCE       TARGET      FSTYPE OPTIONS
/dev/nvme0n1 /nvme/media ext4   rw,noatime,nodiratime

===== 2026-05-27 17:11:49 =====
[mounted] /dev/nvme0n1 -> /nvme/media
Filesystem      Size  Used Avail Use% Mounted on
/dev/nvme0n1    916G  698G  219G  77% /nvme/media
SOURCE       TARGET      FSTYPE OPTIONS
/dev/nvme0n1 /nvme/media ext4   rw,noatime,nodiratime

===== 2026-05-27 17:11:59 =====
[mounted] /dev/nvme0n1 -> /nvme/media
Filesystem      Size  Used Avail Use% Mounted on
/dev/nvme0n1    916G  698G  219G  77% /nvme/media
SOURCE       TARGET      FSTYPE OPTIONS
/dev/nvme0n1 /nvme/media ext4   rw,noatime,nodiratime

===== 2026-05-27 17:12:09 =====
[mounted] /dev/nvme0n1 -> /nvme/media
Filesystem      Size  Used Avail Use% Mounted on
/dev/nvme0n1    916G  698G  219G  77% /nvme/media
SOURCE       TARGET      FSTYPE OPTIONS
/dev/nvme0n1 /nvme/media ext4   rw,noatime,nodiratime

===== 2026-05-27 17:12:19 =====
[mounted] /dev/nvme0n1 -> /nvme/media
Filesystem      Size  Used Avail Use% Mounted on
/dev/nvme0n1    916G  698G  219G  77% /nvme/media
SOURCE       TARGET      FSTYPE OPTIONS
/dev/nvme0n1 /nvme/media ext4   rw,noatime,nodiratime

===== 2026-05-27 17:12:29 =====
[mounted] /dev/nvme0n1 -> /nvme/media
Filesystem      Size  Used Avail Use% Mounted on
/dev/nvme0n1    916G  698G  219G  77% /nvme/media
SOURCE       TARGET      FSTYPE OPTIONS
/dev/nvme0n1 /nvme/media ext4   rw,noatime,nodiratime

===== 2026-05-27 17:12:39 =====
[mounted] /dev/nvme0n1 -> /nvme/media
Filesystem      Size  Used Avail Use% Mounted on
/dev/nvme0n1    916G  698G  219G  77% /nvme/media
SOURCE       TARGET      FSTYPE OPTIONS
/dev/nvme0n1 /nvme/media ext4   rw,noatime,nodiratime

===== 2026-05-27 17:12:49 =====
[mounted] /dev/nvme0n1 -> /nvme/media
Filesystem      Size  Used Avail Use% Mounted on
/dev/nvme0n1    916G  698G  219G  77% /nvme/media
SOURCE       TARGET      FSTYPE OPTIONS
/dev/nvme0n1 /nvme/media ext4   rw,noatime,nodiratime

===== 2026-05-27 17:12:59 =====
[mounted] /dev/nvme0n1 -> /nvme/media
Filesystem      Size  Used Avail Use% Mounted on
/dev/nvme0n1    916G  698G  219G  77% /nvme/media
SOURCE       TARGET      FSTYPE OPTIONS
/dev/nvme0n1 /nvme/media ext4   rw,noatime,nodiratime

===== 2026-05-27 17:13:09 =====
[mounted] /dev/nvme0n1 -> /nvme/media
Filesystem      Size  Used Avail Use% Mounted on
/dev/nvme0n1    916G  698G  219G  77% /nvme/media
SOURCE       TARGET      FSTYPE OPTIONS
/dev/nvme0n1 /nvme/media ext4   rw,noatime,nodiratime

===== 2026-05-27 17:13:19 =====
[mounted] /dev/nvme0n1 -> /nvme/media
Filesystem      Size  Used Avail Use% Mounted on
/dev/nvme0n1    916G  698G  219G  77% /nvme/media
SOURCE       TARGET      FSTYPE OPTIONS
/dev/nvme0n1 /nvme/media ext4   rw,noatime,nodiratime

===== 2026-05-27 17:13:29 =====
[mounted] /dev/nvme0n1 -> /nvme/media
Filesystem      Size  Used Avail Use% Mounted on
/dev/nvme0n1    916G  698G  219G  77% /nvme/media
SOURCE       TARGET      FSTYPE OPTIONS
/dev/nvme0n1 /nvme/media ext4   rw,noatime,nodiratime

===== 2026-05-27 17:13:39 =====
[mounted] /dev/nvme0n1 -> /nvme/media
Filesystem      Size  Used Avail Use% Mounted on
/dev/nvme0n1    916G  698G  219G  77% /nvme/media
SOURCE       TARGET      FSTYPE OPTIONS
/dev/nvme0n1 /nvme/media ext4   rw,noatime,nodiratime

===== 2026-05-27 17:13:49 =====
[mounted] /dev/nvme0n1 -> /nvme/media
Filesystem      Size  Used Avail Use% Mounted on
/dev/nvme0n1    916G  698G  219G  77% /nvme/media
SOURCE       TARGET      FSTYPE OPTIONS
/dev/nvme0n1 /nvme/media ext4   rw,noatime,nodiratime

===== 2026-05-27 17:13:59 =====
[mounted] /dev/nvme0n1 -> /nvme/media
Filesystem      Size  Used Avail Use% Mounted on
/dev/nvme0n1    916G  698G  219G  77% /nvme/media
SOURCE       TARGET      FSTYPE OPTIONS
/dev/nvme0n1 /nvme/media ext4   rw,noatime,nodiratime

===== 2026-05-27 17:14:09 =====
[mounted] /dev/nvme0n1 -> /nvme/media
Filesystem      Size  Used Avail Use% Mounted on
/dev/nvme0n1    916G  698G  219G  77% /nvme/media
SOURCE       TARGET      FSTYPE OPTIONS
/dev/nvme0n1 /nvme/media ext4   rw,noatime,nodiratime

===== 2026-05-27 17:14:19 =====
[mounted] /dev/nvme0n1 -> /nvme/media
Filesystem      Size  Used Avail Use% Mounted on
/dev/nvme0n1    916G  698G  219G  77% /nvme/media
SOURCE       TARGET      FSTYPE OPTIONS
/dev/nvme0n1 /nvme/media ext4   rw,noatime,nodiratime

===== 2026-05-27 17:14:29 =====
[mounted] /dev/nvme0n1 -> /nvme/media
Filesystem      Size  Used Avail Use% Mounted on
/dev/nvme0n1    916G  698G  219G  77% /nvme/media
SOURCE       TARGET      FSTYPE OPTIONS
/dev/nvme0n1 /nvme/media ext4   rw,noatime,nodiratime

===== 2026-05-27 17:14:39 =====
[mounted] /dev/nvme0n1 -> /nvme/media
Filesystem      Size  Used Avail Use% Mounted on
/dev/nvme0n1    916G  698G  219G  77% /nvme/media
SOURCE       TARGET      FSTYPE OPTIONS
/dev/nvme0n1 /nvme/media ext4   rw,noatime,nodiratime

===== 2026-05-27 17:14:49 =====
[mounted] /dev/nvme0n1 -> /nvme/media
Filesystem      Size  Used Avail Use% Mounted on
/dev/nvme0n1    916G  698G  219G  77% /nvme/media
SOURCE       TARGET      FSTYPE OPTIONS
/dev/nvme0n1 /nvme/media ext4   rw,noatime,nodiratime

===== 2026-05-27 17:14:59 =====
[mounted] /dev/nvme0n1 -> /nvme/media
Filesystem      Size  Used Avail Use% Mounted on
/dev/nvme0n1    916G  698G  219G  77% /nvme/media
SOURCE       TARGET      FSTYPE OPTIONS
/dev/nvme0n1 /nvme/media ext4   rw,noatime,nodiratime

===== 2026-05-27 17:15:10 =====
[mounted] /dev/nvme0n1 -> /nvme/media
Filesystem      Size  Used Avail Use% Mounted on
/dev/nvme0n1    916G  698G  219G  77% /nvme/media
SOURCE       TARGET      FSTYPE OPTIONS
/dev/nvme0n1 /nvme/media ext4   rw,noatime,nodiratime

===== 2026-05-27 17:15:20 =====
[mounted] /dev/nvme0n1 -> /nvme/media
Filesystem      Size  Used Avail Use% Mounted on
/dev/nvme0n1    916G  698G  219G  77% /nvme/media
SOURCE       TARGET      FSTYPE OPTIONS
/dev/nvme0n1 /nvme/media ext4   rw,noatime,nodiratime

===== 2026-05-27 17:15:30 =====
[mounted] /dev/nvme0n1 -> /nvme/media
Filesystem      Size  Used Avail Use% Mounted on
/dev/nvme0n1    916G  698G  219G  77% /nvme/media
SOURCE       TARGET      FSTYPE OPTIONS
/dev/nvme0n1 /nvme/media ext4   rw,noatime,nodiratime

===== 2026-05-27 17:15:40 =====
[mounted] /dev/nvme0n1 -> /nvme/media
Filesystem      Size  Used Avail Use% Mounted on
/dev/nvme0n1    916G  698G  219G  77% /nvme/media
SOURCE       TARGET      FSTYPE OPTIONS
/dev/nvme0n1 /nvme/media ext4   rw,noatime,nodiratime

===== 2026-05-27 17:15:50 =====
[mounted] /dev/nvme0n1 -> /nvme/media
Filesystem      Size  Used Avail Use% Mounted on
/dev/nvme0n1    916G  698G  219G  77% /nvme/media
SOURCE       TARGET      FSTYPE OPTIONS
/dev/nvme0n1 /nvme/media ext4   rw,noatime,nodiratime

===== 2026-05-27 17:16:00 =====
[mounted] /dev/nvme0n1 -> /nvme/media
Filesystem      Size  Used Avail Use% Mounted on
/dev/nvme0n1    916G  698G  219G  77% /nvme/media
SOURCE       TARGET      FSTYPE OPTIONS
/dev/nvme0n1 /nvme/media ext4   rw,noatime,nodiratime

===== 2026-05-27 17:16:10 =====
[mounted] /dev/nvme0n1 -> /nvme/media
Filesystem      Size  Used Avail Use% Mounted on
/dev/nvme0n1    916G  698G  219G  77% /nvme/media
SOURCE       TARGET      FSTYPE OPTIONS
/dev/nvme0n1 /nvme/media ext4   rw,noatime,nodiratime

===== 2026-05-27 17:16:20 =====
[mounted] /dev/nvme0n1 -> /nvme/media
Filesystem      Size  Used Avail Use% Mounted on
/dev/nvme0n1    916G  698G  219G  77% /nvme/media
SOURCE       TARGET      FSTYPE OPTIONS
/dev/nvme0n1 /nvme/media ext4   rw,noatime,nodiratime

===== 2026-05-27 17:16:30 =====
[mounted] /dev/nvme0n1 -> /nvme/media
Filesystem      Size  Used Avail Use% Mounted on
/dev/nvme0n1    916G  698G  219G  77% /nvme/media
SOURCE       TARGET      FSTYPE OPTIONS
/dev/nvme0n1 /nvme/media ext4   rw,noatime,nodiratime

===== 2026-05-27 17:16:40 =====
[mounted] /dev/nvme0n1 -> /nvme/media
Filesystem      Size  Used Avail Use% Mounted on
/dev/nvme0n1    916G  698G  219G  77% /nvme/media
SOURCE       TARGET      FSTYPE OPTIONS
/dev/nvme0n1 /nvme/media ext4   rw,noatime,nodiratime

===== 2026-05-27 17:16:50 =====
[mounted] /dev/nvme0n1 -> /nvme/media
Filesystem      Size  Used Avail Use% Mounted on
/dev/nvme0n1    916G  698G  219G  77% /nvme/media
SOURCE       TARGET      FSTYPE OPTIONS
/dev/nvme0n1 /nvme/media ext4   rw,noatime,nodiratime

