[2026-05-27 21:44:57] start create base=/nvme/media/gc_exp/age_filler/age_20260527_214457_nodiscard target=559419490304 (521.00GiB) sizes=[1073741824] weights=[1.0]
[2026-05-27 21:44:58] progress files=1 bytes=1073741824 (1.00GiB) rate=1.98GiB/s
[2026-05-27 21:45:28] progress files=60 bytes=64424509440 (60.00GiB) rate=1.95GiB/s
[2026-05-27 21:45:59] progress files=119 bytes=127775277056 (119.00GiB) rate=1.95GiB/s
[2026-05-27 21:46:31] progress files=148 bytes=158913789952 (148.00GiB) rate=1.58GiB/s
[2026-05-27 21:47:06] progress files=150 bytes=161061273600 (150.00GiB) rate=1.17GiB/s
[2026-05-27 21:47:51] progress files=153 bytes=164282499072 (153.00GiB) rate=904.36MiB/s
[2026-05-27 21:48:23] progress files=155 bytes=166429982720 (155.00GiB) rate=773.50MiB/s
[2026-05-27 21:49:03] progress files=158 bytes=169651208192 (158.00GiB) rate=659.61MiB/s
[2026-05-27 21:49:38] progress files=161 bytes=172872433664 (161.00GiB) rate=587.67MiB/s
[2026-05-27 21:50:10] progress files=164 bytes=176093659136 (164.00GiB) rate=537.43MiB/s
[2026-05-27 21:50:44] progress files=167 bytes=179314884608 (167.00GiB) rate=493.47MiB/s
[2026-05-27 21:51:22] progress files=171 bytes=183609851904 (171.00GiB) rate=455.24MiB/s
[2026-05-27 21:51:54] progress files=178 bytes=191126044672 (178.00GiB) rate=437.20MiB/s
[2026-05-27 21:52:25] progress files=191 bytes=205084688384 (191.00GiB) rate=436.53MiB/s
[2026-05-27 21:52:57] progress files=204 bytes=219043332096 (204.00GiB) rate=435.63MiB/s
[2026-05-27 21:53:29] progress files=217 bytes=233001975808 (217.00GiB) rate=434.57MiB/s
[2026-05-27 21:54:01] progress files=230 bytes=246960619520 (230.00GiB) rate=433.63MiB/s
[2026-05-27 21:54:32] progress files=243 bytes=260919263232 (243.00GiB) rate=432.94MiB/s
[2026-05-27 21:55:04] progress files=256 bytes=274877906944 (256.00GiB) rate=432.09MiB/s
[2026-05-27 21:55:36] progress files=269 bytes=288836550656 (269.00GiB) rate=431.16MiB/s
[2026-05-27 21:56:08] progress files=282 bytes=302795194368 (282.00GiB) rate=430.60MiB/s
[2026-05-27 21:56:39] progress files=295 bytes=316753838080 (295.00GiB) rate=430.71MiB/s
[2026-05-27 21:57:11] progress files=309 bytes=331786223616 (309.00GiB) rate=431.62MiB/s
[2026-05-27 21:57:42] progress files=324 bytes=347892350976 (324.00GiB) rate=433.69MiB/s
[2026-05-27 21:58:14] progress files=338 bytes=362924736512 (338.00GiB) rate=434.39MiB/s
[2026-05-27 21:58:46] progress files=352 bytes=377957122048 (352.00GiB) rate=435.03MiB/s
[2026-05-27 21:59:18] progress files=366 bytes=392989507584 (366.00GiB) rate=435.59MiB/s
[2026-05-27 21:59:50] progress files=380 bytes=408021893120 (380.00GiB) rate=436.17MiB/s
[2026-05-27 22:00:21] progress files=394 bytes=423054278656 (394.00GiB) rate=436.64MiB/s
[2026-05-27 22:00:53] progress files=408 bytes=438086664192 (408.00GiB) rate=437.03MiB/s
[2026-05-27 22:01:25] progress files=422 bytes=453119049728 (422.00GiB) rate=437.52MiB/s
[2026-05-27 22:01:57] progress files=436 bytes=468151435264 (436.00GiB) rate=438.11MiB/s
[2026-05-27 22:02:28] progress files=450 bytes=483183820800 (450.00GiB) rate=438.53MiB/s
[2026-05-27 22:03:00] progress files=464 bytes=498216206336 (464.00GiB) rate=439.07MiB/s
[2026-05-27 22:03:31] progress files=478 bytes=513248591872 (478.00GiB) rate=439.58MiB/s
[2026-05-27 22:04:03] progress files=492 bytes=528280977408 (492.00GiB) rate=439.93MiB/s
[2026-05-27 22:04:34] progress files=506 bytes=543313362944 (506.00GiB) rate=440.36MiB/s
[2026-05-27 22:05:06] progress files=520 bytes=558345748480 (520.00GiB) rate=440.72MiB/s
[2026-05-27 22:05:08] sync created files
[2026-05-27 22:05:10] done files=521 bytes=559419490304 (521.00GiB) elapsed=1212.51s stop_reason=target_reached
