[2026-05-27 21:44:57] initial fs_source=/dev/nvme0n1 fs_target=/nvme/media fs_fstype=ext4 fs_avail=933324070912 fs_avail_human=869.23GiB
Filesystem      Size  Used Avail Use% Mounted on
/dev/nvme0n1    916G   48K  870G   1% /nvme/media
SOURCE       TARGET      FSTYPE OPTIONS
/dev/nvme0n1 /nvme/media ext4   rw,noatime,nodiratime,stripe=32
[2026-05-27 21:44:57] after_remount fs_source=/dev/nvme0n1 fs_target=/nvme/media fs_fstype=ext4 fs_avail=933324070912 fs_avail_human=869.23GiB
Filesystem      Size  Used Avail Use% Mounted on
/dev/nvme0n1    916G   48K  870G   1% /nvme/media
SOURCE       TARGET      FSTYPE OPTIONS
/dev/nvme0n1 /nvme/media ext4   rw,noatime,nodiratime,stripe=32
[2026-05-27 22:05:10] after_age fs_source=/dev/nvme0n1 fs_target=/nvme/media fs_fstype=ext4 fs_avail=373902409728 fs_avail_human=348.22GiB
Filesystem      Size  Used Avail Use% Mounted on
/dev/nvme0n1    916G  522G  349G  60% /nvme/media
SOURCE       TARGET      FSTYPE OPTIONS
/dev/nvme0n1 /nvme/media ext4   rw,noatime,nodiratime,stripe=32
[2026-05-27 22:13:18] filebench_running data_dir=/nvme/media/gc_exp/20260527_214457_nodiscard_data fb_files=131261 fb_bytes=137639825894 work_files=27746 work_bytes=107376041984 age_bytes=559419531264 fs_avail=128880005120 fs_avail_human=120.03GiB
[2026-05-27 22:13:18] filebench_running fs_source=/dev/nvme0n1 fs_target=/nvme/media fs_fstype=ext4 fs_avail=128873824256 fs_avail_human=120.02GiB
Filesystem      Size  Used Avail Use% Mounted on
/dev/nvme0n1    916G  750G  121G  87% /nvme/media
SOURCE       TARGET      FSTYPE OPTIONS
/dev/nvme0n1 /nvme/media ext4   rw,noatime,nodiratime,stripe=32
[2026-05-27 22:13:18] work_ready data_dir=/nvme/media/gc_exp/20260527_214457_nodiscard_data fb_files=131256 fb_bytes=137651074250 work_files=27746 work_bytes=107376041984 age_bytes=559419531264 fs_avail=128874549248 fs_avail_human=120.02GiB
[2026-05-27 22:13:18] work_ready fs_source=/dev/nvme0n1 fs_target=/nvme/media fs_fstype=ext4 fs_avail=128872308736 fs_avail_human=120.02GiB
Filesystem      Size  Used Avail Use% Mounted on
/dev/nvme0n1    916G  750G  121G  87% /nvme/media
SOURCE       TARGET      FSTYPE OPTIONS
/dev/nvme0n1 /nvme/media ext4   rw,noatime,nodiratime,stripe=32
[2026-05-27 22:13:18] measurement_begin mount_opt=nodiscard discard_state=off data_dir=/nvme/media/gc_exp/20260527_214457_nodiscard_data
[2026-05-27 22:28:23] after_run data_dir=/nvme/media/gc_exp/20260527_214457_nodiscard_data fb_files=131259 fb_bytes=138774385127 work_files=2771 work_bytes=10891321344 age_bytes=559419531264 fs_avail=224059424768 fs_avail_human=208.67GiB
[2026-05-27 22:28:23] after_run fs_source=/dev/nvme0n1 fs_target=/nvme/media fs_fstype=ext4 fs_avail=224059424768 fs_avail_human=208.67GiB
Filesystem      Size  Used Avail Use% Mounted on
/dev/nvme0n1    916G  661G  209G  76% /nvme/media
SOURCE       TARGET      FSTYPE OPTIONS
/dev/nvme0n1 /nvme/media ext4   rw,noatime,nodiratime,stripe=32
