[2026-05-27 22:13:19] start delete entries=27746 rate=6442450944/min (6.00GiB/min) runtime=900.0s watch_pid=3214 progress_sec=10.0
[2026-05-27 22:13:19] progress deleted_files=1 deleted_bytes=4194304 (4.00MiB) elapsed=0.00s
[2026-05-27 22:13:29] progress deleted_files=309 deleted_bytes=1091567616 (1.02GiB) elapsed=10.05s
[2026-05-27 22:13:39] progress deleted_files=555 deleted_bytes=2157969408 (2.01GiB) elapsed=20.11s
[2026-05-27 22:13:49] progress deleted_files=875 deleted_bytes=3254779904 (3.03GiB) elapsed=30.16s
[2026-05-27 22:13:59] progress deleted_files=1157 deleted_bytes=4346347520 (4.05GiB) elapsed=40.51s
[2026-05-27 22:14:10] progress deleted_files=1418 deleted_bytes=5469372416 (5.09GiB) elapsed=50.96s
[2026-05-27 22:14:20] progress deleted_files=1708 deleted_bytes=6594494464 (6.14GiB) elapsed=61.37s
[2026-05-27 22:14:30] progress deleted_files=2005 deleted_bytes=7682916352 (7.16GiB) elapsed=71.55s
[2026-05-27 22:14:40] progress deleted_files=2300 deleted_bytes=8781824000 (8.18GiB) elapsed=81.70s
[2026-05-27 22:14:50] progress deleted_files=2548 deleted_bytes=9875488768 (9.20GiB) elapsed=91.93s
[2026-05-27 22:15:01] progress deleted_files=2841 deleted_bytes=10975444992 (10.22GiB) elapsed=102.29s
[2026-05-27 22:15:11] progress deleted_files=3098 deleted_bytes=12094275584 (11.26GiB) elapsed=112.80s
[2026-05-27 22:15:22] progress deleted_files=3394 deleted_bytes=13257146368 (12.35GiB) elapsed=123.40s
[2026-05-27 22:15:32] progress deleted_files=3672 deleted_bytes=14353956864 (13.37GiB) elapsed=133.73s
[2026-05-27 22:15:43] progress deleted_files=3975 deleted_bytes=15492710400 (14.43GiB) elapsed=144.29s
[2026-05-27 22:15:53] progress deleted_files=4259 deleted_bytes=16602103808 (15.46GiB) elapsed=154.66s
[2026-05-27 22:16:04] progress deleted_files=4557 deleted_bytes=17729323008 (16.51GiB) elapsed=165.14s
[2026-05-27 22:16:14] progress deleted_files=4850 deleted_bytes=18845007872 (17.55GiB) elapsed=175.59s
[2026-05-27 22:16:25] progress deleted_files=5163 deleted_bytes=20003684352 (18.63GiB) elapsed=186.28s
[2026-05-27 22:16:35] progress deleted_files=5457 deleted_bytes=21133000704 (19.68GiB) elapsed=196.75s
[2026-05-27 22:16:46] progress deleted_files=5744 deleted_bytes=22261268480 (20.73GiB) elapsed=207.24s
[2026-05-27 22:16:56] progress deleted_files=6012 deleted_bytes=23363321856 (21.76GiB) elapsed=217.59s
[2026-05-27 22:17:07] progress deleted_files=6317 deleted_bytes=24504172544 (22.82GiB) elapsed=228.22s
[2026-05-27 22:17:18] progress deleted_files=6618 deleted_bytes=25662849024 (23.90GiB) elapsed=239.05s
[2026-05-27 22:17:28] progress deleted_files=6890 deleted_bytes=26816282624 (24.97GiB) elapsed=249.78s
[2026-05-27 22:17:39] progress deleted_files=7189 deleted_bytes=27982299136 (26.06GiB) elapsed=260.71s
[2026-05-27 22:17:50] progress deleted_files=7501 deleted_bytes=29127344128 (27.13GiB) elapsed=271.36s
[2026-05-27 22:18:01] progress deleted_files=7801 deleted_bytes=30272389120 (28.19GiB) elapsed=282.04s
[2026-05-27 22:18:12] progress deleted_files=8113 deleted_bytes=31455182848 (29.29GiB) elapsed=292.99s
[2026-05-27 22:18:22] progress deleted_files=8390 deleted_bytes=32598130688 (30.36GiB) elapsed=303.64s
[2026-05-27 22:18:33] progress deleted_files=8668 deleted_bytes=33745272832 (31.43GiB) elapsed=314.27s
[2026-05-27 22:18:44] progress deleted_files=8958 deleted_bytes=34930163712 (32.53GiB) elapsed=325.31s
[2026-05-27 22:18:54] progress deleted_files=9281 deleted_bytes=35998662656 (33.53GiB) elapsed=335.33s
[2026-05-27 22:19:05] progress deleted_files=9564 deleted_bytes=37154193408 (34.60GiB) elapsed=346.07s
[2026-05-27 22:19:15] progress deleted_files=9829 deleted_bytes=38300286976 (35.67GiB) elapsed=356.73s
[2026-05-27 22:19:26] progress deleted_files=10125 deleted_bytes=39482032128 (36.77GiB) elapsed=367.65s
[2026-05-27 22:19:37] progress deleted_files=10429 deleted_bytes=40634417152 (37.84GiB) elapsed=378.43s
[2026-05-27 22:19:48] progress deleted_files=10709 deleted_bytes=41761636352 (38.89GiB) elapsed=388.99s
[2026-05-27 22:19:58] progress deleted_files=11037 deleted_bytes=42945478656 (40.00GiB) elapsed=399.88s
[2026-05-27 22:20:09] progress deleted_files=11347 deleted_bytes=44078989312 (41.05GiB) elapsed=410.57s
[2026-05-27 22:20:20] progress deleted_files=11607 deleted_bytes=45213548544 (42.11GiB) elapsed=421.08s
[2026-05-27 22:20:30] progress deleted_files=11904 deleted_bytes=46333427712 (43.15GiB) elapsed=431.56s
[2026-05-27 22:20:41] progress deleted_files=12223 deleted_bytes=47507832832 (44.25GiB) elapsed=442.53s
[2026-05-27 22:20:52] progress deleted_files=12526 deleted_bytes=48684335104 (45.34GiB) elapsed=453.40s
[2026-05-27 22:21:03] progress deleted_files=12825 deleted_bytes=49834622976 (46.41GiB) elapsed=464.18s
[2026-05-27 22:21:13] progress deleted_files=13149 deleted_bytes=50982813696 (47.48GiB) elapsed=474.87s
[2026-05-27 22:21:24] progress deleted_files=13450 deleted_bytes=52116324352 (48.54GiB) elapsed=485.42s
[2026-05-27 22:21:35] progress deleted_files=13699 deleted_bytes=53267660800 (49.61GiB) elapsed=496.15s
[2026-05-27 22:21:45] progress deleted_files=13994 deleted_bytes=54410608640 (50.67GiB) elapsed=506.75s
[2026-05-27 22:21:56] progress deleted_files=14294 deleted_bytes=55590256640 (51.77GiB) elapsed=517.81s
[2026-05-27 22:22:07] progress deleted_files=14596 deleted_bytes=56746835968 (52.85GiB) elapsed=528.55s
[2026-05-27 22:22:18] progress deleted_files=14868 deleted_bytes=57903415296 (53.93GiB) elapsed=539.13s
[2026-05-27 22:22:29] progress deleted_files=15154 deleted_bytes=59049508864 (54.99GiB) elapsed=550.01s
[2026-05-27 22:22:40] progress deleted_files=15465 deleted_bytes=60212379648 (56.08GiB) elapsed=560.97s
[2026-05-27 22:22:50] progress deleted_files=15772 deleted_bytes=61402513408 (57.19GiB) elapsed=571.77s
[2026-05-27 22:23:01] progress deleted_files=16068 deleted_bytes=62524489728 (58.23GiB) elapsed=582.31s
[2026-05-27 22:23:11] progress deleted_files=16392 deleted_bytes=63660097536 (59.29GiB) elapsed=592.88s
[2026-05-27 22:23:22] progress deleted_files=16726 deleted_bytes=64806191104 (60.36GiB) elapsed=603.44s
[2026-05-27 22:23:32] progress deleted_files=16993 deleted_bytes=65907195904 (61.38GiB) elapsed=613.85s
[2026-05-27 22:23:43] progress deleted_files=17275 deleted_bytes=67036512256 (62.43GiB) elapsed=624.43s
[2026-05-27 22:23:54] progress deleted_files=17600 deleted_bytes=68185751552 (63.50GiB) elapsed=634.99s
[2026-05-27 22:24:04] progress deleted_files=17894 deleted_bytes=69299339264 (64.54GiB) elapsed=645.32s
[2026-05-27 22:24:14] progress deleted_files=18227 deleted_bytes=70409781248 (65.57GiB) elapsed=655.74s
[2026-05-27 22:24:25] progress deleted_files=18509 deleted_bytes=71529660416 (66.62GiB) elapsed=666.08s
[2026-05-27 22:24:35] progress deleted_files=18800 deleted_bytes=72655831040 (67.67GiB) elapsed=676.74s
[2026-05-27 22:24:46] progress deleted_files=19074 deleted_bytes=73814507520 (68.75GiB) elapsed=687.45s
[2026-05-27 22:24:57] progress deleted_files=19390 deleted_bytes=74951163904 (69.80GiB) elapsed=698.11s
[2026-05-27 22:25:07] progress deleted_files=19676 deleted_bytes=76109840384 (70.88GiB) elapsed=708.82s
[2026-05-27 22:25:18] progress deleted_files=19920 deleted_bytes=77224476672 (71.92GiB) elapsed=719.23s
[2026-05-27 22:25:28] progress deleted_files=20210 deleted_bytes=78355890176 (72.97GiB) elapsed=729.83s
[2026-05-27 22:25:39] progress deleted_files=20495 deleted_bytes=79485206528 (74.03GiB) elapsed=740.15s
[2026-05-27 22:25:49] progress deleted_files=20772 deleted_bytes=80577822720 (75.04GiB) elapsed=750.38s
[2026-05-27 22:25:59] progress deleted_files=21069 deleted_bytes=81688264704 (76.08GiB) elapsed=760.73s
[2026-05-27 22:26:10] progress deleted_files=21351 deleted_bytes=82779832320 (77.09GiB) elapsed=770.95s
[2026-05-27 22:26:20] progress deleted_files=21644 deleted_bytes=83889225728 (78.13GiB) elapsed=781.16s
[2026-05-27 22:26:30] progress deleted_files=21911 deleted_bytes=84993376256 (79.16GiB) elapsed=791.47s
[2026-05-27 22:26:40] progress deleted_files=22197 deleted_bytes=86092283904 (80.18GiB) elapsed=801.79s
[2026-05-27 22:26:51] progress deleted_files=22484 deleted_bytes=87195385856 (81.21GiB) elapsed=811.96s
[2026-05-27 22:27:01] progress deleted_files=22798 deleted_bytes=88285904896 (82.22GiB) elapsed=822.22s
[2026-05-27 22:27:11] progress deleted_files=23020 deleted_bytes=89364889600 (83.23GiB) elapsed=832.29s
[2026-05-27 22:27:21] progress deleted_files=23313 deleted_bytes=90461700096 (84.25GiB) elapsed=842.46s
[2026-05-27 22:27:31] progress deleted_files=23593 deleted_bytes=91554316288 (85.27GiB) elapsed=852.65s
[2026-05-27 22:27:41] progress deleted_files=23899 deleted_bytes=92664758272 (86.30GiB) elapsed=862.91s
[2026-05-27 22:27:52] progress deleted_files=24211 deleted_bytes=93737451520 (87.30GiB) elapsed=873.00s
[2026-05-27 22:28:02] progress deleted_files=24508 deleted_bytes=94825873408 (88.31GiB) elapsed=883.17s
[2026-05-27 22:28:12] progress deleted_files=24820 deleted_bytes=95935266816 (89.35GiB) elapsed=893.39s
[2026-05-27 22:28:18] sync after deletion
[2026-05-27 22:28:22] done deleted_files=24975 deleted_bytes=96484720640 (89.86GiB) elapsed=903.30s stop_reason=watch_pid_exit
