[2026-05-27 22:05:10] start create base=/nvme/media/gc_exp/20260527_214457_nodiscard_data/work target=107374182400 (100.00GiB) sizes=[1048576, 4194304, 16777216] weights=[5.0, 3.0, 1.0]
[2026-05-27 22:05:10] progress files=1 bytes=4194304 (4.00MiB) rate=924.26MiB/s
[2026-05-27 22:05:20] progress files=760 bytes=3058696192 (2.85GiB) rate=290.93MiB/s
[2026-05-27 22:05:31] progress files=1432 bytes=5546967040 (5.17GiB) rate=257.60MiB/s
[2026-05-27 22:05:41] progress files=2119 bytes=8176795648 (7.62GiB) rate=255.35MiB/s
[2026-05-27 22:05:51] progress files=2783 bytes=10666115072 (9.93GiB) rate=250.88MiB/s
[2026-05-27 22:06:01] progress files=3397 bytes=13150191616 (12.25GiB) rate=247.95MiB/s
[2026-05-27 22:06:11] progress files=4019 bytes=15564013568 (14.50GiB) rate=244.96MiB/s
[2026-05-27 22:06:21] progress files=4658 bytes=18008244224 (16.77GiB) rate=243.13MiB/s
[2026-05-27 22:06:31] progress files=5273 bytes=20468203520 (19.06GiB) rate=242.07MiB/s
[2026-05-27 22:06:41] progress files=5947 bytes=22927114240 (21.35GiB) rate=241.21MiB/s
[2026-05-27 22:06:51] progress files=6598 bytes=25380782080 (23.64GiB) rate=240.49MiB/s
[2026-05-27 22:07:01] progress files=7227 bytes=27855421440 (25.94GiB) rate=240.04MiB/s
[2026-05-27 22:07:11] progress files=7855 bytes=30316429312 (28.23GiB) rate=239.51MiB/s
[2026-05-27 22:07:21] progress files=8487 bytes=32791068672 (30.54GiB) rate=239.20MiB/s
[2026-05-27 22:07:31] progress files=9104 bytes=35249979392 (32.83GiB) rate=238.86MiB/s
[2026-05-27 22:07:41] progress files=9753 bytes=37688967168 (35.10GiB) rate=238.43MiB/s
[2026-05-27 22:07:51] progress files=10397 bytes=40009465856 (37.26GiB) rate=237.37MiB/s
[2026-05-27 22:08:01] progress files=11084 bytes=42507173888 (39.59GiB) rate=237.40MiB/s
[2026-05-27 22:08:11] progress files=11671 bytes=44922044416 (41.84GiB) rate=237.00MiB/s
[2026-05-27 22:08:21] progress files=12285 bytes=47302311936 (44.05GiB) rate=236.11MiB/s
[2026-05-27 22:08:31] progress files=12951 bytes=49815748608 (46.39GiB) rate=236.29MiB/s
[2026-05-27 22:08:41] progress files=13569 bytes=52215939072 (48.63GiB) rate=235.86MiB/s
[2026-05-27 22:08:51] progress files=14235 bytes=54707355648 (50.95GiB) rate=235.91MiB/s
[2026-05-27 22:09:01] progress files=14823 bytes=57094963200 (53.17GiB) rate=235.51MiB/s
[2026-05-27 22:09:11] progress files=15429 bytes=59529756672 (55.44GiB) rate=235.31MiB/s
[2026-05-27 22:09:21] progress files=16028 bytes=61932044288 (57.68GiB) rate=235.02MiB/s
[2026-05-27 22:09:31] progress files=16600 bytes=64356352000 (59.94GiB) rate=234.86MiB/s
[2026-05-27 22:09:41] progress files=17250 bytes=66796388352 (62.21GiB) rate=234.77MiB/s
[2026-05-27 22:09:51] progress files=17902 bytes=69207064576 (64.45GiB) rate=234.59MiB/s
[2026-05-27 22:10:01] progress files=18545 bytes=71598866432 (66.68GiB) rate=234.36MiB/s
[2026-05-27 22:10:11] progress files=19201 bytes=74073505792 (68.99GiB) rate=234.39MiB/s
[2026-05-27 22:10:22] progress files=19869 bytes=76538707968 (71.28GiB) rate=234.37MiB/s
[2026-05-27 22:10:32] progress files=20538 bytes=78948335616 (73.53GiB) rate=234.18MiB/s
[2026-05-27 22:10:42] progress files=21195 bytes=81392566272 (75.80GiB) rate=234.14MiB/s
[2026-05-27 22:10:52] progress files=21777 bytes=83843088384 (78.08GiB) rate=234.09MiB/s
[2026-05-27 22:11:02] progress files=22427 bytes=86308290560 (80.38GiB) rate=234.10MiB/s
[2026-05-27 22:11:12] progress files=23050 bytes=88842698752 (82.74GiB) rate=234.31MiB/s
[2026-05-27 22:11:22] progress files=23735 bytes=91558510592 (85.27GiB) rate=234.95MiB/s
[2026-05-27 22:11:32] progress files=24433 bytes=94423220224 (87.94GiB) rate=235.94MiB/s
[2026-05-27 22:11:42] progress files=25148 bytes=97293172736 (90.61GiB) rate=236.90MiB/s
[2026-05-27 22:11:52] progress files=25906 bytes=100220796928 (93.34GiB) rate=237.93MiB/s
[2026-05-27 22:12:02] progress files=26618 bytes=103040417792 (95.96GiB) rate=238.68MiB/s
[2026-05-27 22:12:12] progress files=27329 bytes=105877864448 (98.61GiB) rate=239.30MiB/s
[2026-05-27 22:12:17] sync created files
[2026-05-27 22:12:19] done files=27746 bytes=107374182400 (100.00GiB) elapsed=429.13s stop_reason=target_reached
