[2026-05-27 16:30:30] initial fs_source=/dev/nvme0n1 fs_target=/nvme/media fs_fstype=ext4 fs_avail=983334313984 fs_avail_human=915.80GiB
Filesystem      Size  Used Avail Use% Mounted on
/dev/nvme0n1    916G   48K  916G   1% /nvme/media
SOURCE       TARGET      FSTYPE OPTIONS
/dev/nvme0n1 /nvme/media ext4   rw,noatime,nodiratime
[2026-05-27 16:30:30] after_remount fs_source=/dev/nvme0n1 fs_target=/nvme/media fs_fstype=ext4 fs_avail=983334313984 fs_avail_human=915.80GiB
Filesystem      Size  Used Avail Use% Mounted on
/dev/nvme0n1    916G   48K  916G   1% /nvme/media
SOURCE       TARGET      FSTYPE OPTIONS
/dev/nvme0n1 /nvme/media ext4   rw,noatime,nodiratime,discard
[2026-05-27 16:47:41] after_age fs_source=/dev/nvme0n1 fs_target=/nvme/media fs_fstype=ext4 fs_avail=412101447680 fs_avail_human=383.80GiB
Filesystem      Size  Used Avail Use% Mounted on
/dev/nvme0n1    916G  533G  384G  59% /nvme/media
SOURCE       TARGET      FSTYPE OPTIONS
/dev/nvme0n1 /nvme/media ext4   rw,noatime,nodiratime,discard
[2026-05-27 16:53:19] filebench_running data_dir=/nvme/media/gc_exp/20260527_163030_online_discard_data fb_files=156862 fb_bytes=164524937544 work_files=27746 work_bytes=107376041984 age_bytes=571230691328 fs_avail=140208975872 fs_avail_human=130.58GiB
[2026-05-27 16:53:19] filebench_running fs_source=/dev/nvme0n1 fs_target=/nvme/media fs_fstype=ext4 fs_avail=140192956416 fs_avail_human=130.56GiB
Filesystem      Size  Used Avail Use% Mounted on
/dev/nvme0n1    916G  786G  131G  86% /nvme/media
SOURCE       TARGET      FSTYPE OPTIONS
/dev/nvme0n1 /nvme/media ext4   rw,noatime,nodiratime,discard
[2026-05-27 16:53:20] work_ready data_dir=/nvme/media/gc_exp/20260527_163030_online_discard_data fb_files=156825 fb_bytes=164417541135 work_files=27746 work_bytes=107376041984 age_bytes=571230691328 fs_avail=140189298688 fs_avail_human=130.56GiB
[2026-05-27 16:53:20] work_ready fs_source=/dev/nvme0n1 fs_target=/nvme/media fs_fstype=ext4 fs_avail=140178866176 fs_avail_human=130.55GiB
Filesystem      Size  Used Avail Use% Mounted on
/dev/nvme0n1    916G  786G  131G  86% /nvme/media
SOURCE       TARGET      FSTYPE OPTIONS
/dev/nvme0n1 /nvme/media ext4   rw,noatime,nodiratime,discard
[2026-05-27 16:53:20] measurement_begin mount_opt=discard discard_state=on data_dir=/nvme/media/gc_exp/20260527_163030_online_discard_data
[2026-05-27 17:08:20] after_run data_dir=/nvme/media/gc_exp/20260527_163030_online_discard_data fb_files=156873 fb_bytes=165969656795 work_files=2823 work_bytes=11068530688 age_bytes=571230691328 fs_avail=234840289280 fs_avail_human=218.71GiB
[2026-05-27 17:08:20] after_run fs_source=/dev/nvme0n1 fs_target=/nvme/media fs_fstype=ext4 fs_avail=234840289280 fs_avail_human=218.71GiB
Filesystem      Size  Used Avail Use% Mounted on
/dev/nvme0n1    916G  698G  219G  77% /nvme/media
SOURCE       TARGET      FSTYPE OPTIONS
/dev/nvme0n1 /nvme/media ext4   rw,noatime,nodiratime,discard
