[2026-05-27 16:53:20] start delete entries=27746 rate=6442450944/min (6.00GiB/min) runtime=900.0s watch_pid=16341 progress_sec=10.0
[2026-05-27 16:53:20] progress deleted_files=1 deleted_bytes=4194304 (4.00MiB) elapsed=0.00s
[2026-05-27 16:53:31] progress deleted_files=315 deleted_bytes=1107296256 (1.03GiB) elapsed=10.32s
[2026-05-27 16:53:41] progress deleted_files=585 deleted_bytes=2224029696 (2.07GiB) elapsed=20.78s
[2026-05-27 16:53:51] progress deleted_files=900 deleted_bytes=3331325952 (3.10GiB) elapsed=31.03s
[2026-05-27 16:54:02] progress deleted_files=1172 deleted_bytes=4428136448 (4.12GiB) elapsed=41.21s
[2026-05-27 16:54:12] progress deleted_files=1428 deleted_bytes=5530189824 (5.15GiB) elapsed=51.45s
[2026-05-27 16:54:22] progress deleted_files=1723 deleted_bytes=6638534656 (6.18GiB) elapsed=61.76s
[2026-05-27 16:54:32] progress deleted_files=2013 deleted_bytes=7719616512 (7.19GiB) elapsed=71.91s
[2026-05-27 16:54:42] progress deleted_files=2312 deleted_bytes=8829009920 (8.22GiB) elapsed=82.14s
[2026-05-27 16:54:53] progress deleted_files=2555 deleted_bytes=9904848896 (9.22GiB) elapsed=92.24s
[2026-05-27 16:55:03] progress deleted_files=2844 deleted_bytes=11010048000 (10.25GiB) elapsed=102.46s
[2026-05-27 16:55:13] progress deleted_files=3100 deleted_bytes=12099518464 (11.27GiB) elapsed=112.68s
[2026-05-27 16:55:23] progress deleted_files=3385 deleted_bytes=13206814720 (12.30GiB) elapsed=122.87s
[2026-05-27 16:55:34] progress deleted_files=3653 deleted_bytes=14308868096 (13.33GiB) elapsed=133.26s
[2026-05-27 16:55:44] progress deleted_files=3962 deleted_bytes=15419310080 (14.36GiB) elapsed=143.51s
[2026-05-27 16:55:54] progress deleted_files=4247 deleted_bytes=16510877696 (15.38GiB) elapsed=153.81s
[2026-05-27 16:56:05] progress deleted_files=4535 deleted_bytes=17627611136 (16.42GiB) elapsed=164.23s
[2026-05-27 16:56:15] progress deleted_files=4813 deleted_bytes=18727567360 (17.44GiB) elapsed=174.43s
[2026-05-27 16:56:25] progress deleted_files=5101 deleted_bytes=19834863616 (18.47GiB) elapsed=184.59s
[2026-05-27 16:56:35] progress deleted_files=5388 deleted_bytes=20919091200 (19.48GiB) elapsed=194.81s
[2026-05-27 16:56:45] progress deleted_files=5676 deleted_bytes=22020096000 (20.51GiB) elapsed=205.03s
[2026-05-27 16:56:56] progress deleted_files=5951 deleted_bytes=23132635136 (21.54GiB) elapsed=215.37s
[2026-05-27 16:57:06] progress deleted_files=6249 deleted_bytes=24244125696 (22.58GiB) elapsed=225.68s
[2026-05-27 16:57:16] progress deleted_files=6548 deleted_bytes=25344081920 (23.60GiB) elapsed=236.07s
[2026-05-27 16:57:27] progress deleted_files=6815 deleted_bytes=26460815360 (24.64GiB) elapsed=246.44s
[2026-05-27 16:57:37] progress deleted_files=7082 deleted_bytes=27577548800 (25.68GiB) elapsed=256.74s
[2026-05-27 16:57:48] progress deleted_files=7396 deleted_bytes=28696379392 (26.73GiB) elapsed=267.25s
[2026-05-27 16:57:58] progress deleted_files=7672 deleted_bytes=29803675648 (27.76GiB) elapsed=277.54s
[2026-05-27 16:58:08] progress deleted_files=7960 deleted_bytes=30910971904 (28.79GiB) elapsed=287.90s
[2026-05-27 16:58:19] progress deleted_files=8242 deleted_bytes=32037142528 (29.84GiB) elapsed=298.32s
[2026-05-27 16:58:29] progress deleted_files=8528 deleted_bytes=33161216000 (30.88GiB) elapsed=308.76s
[2026-05-27 16:58:39] progress deleted_files=8792 deleted_bytes=34255929344 (31.90GiB) elapsed=319.13s
[2026-05-27 16:58:50] progress deleted_files=9092 deleted_bytes=35375808512 (32.95GiB) elapsed=329.46s
[2026-05-27 16:59:00] progress deleted_files=9399 deleted_bytes=36493590528 (33.99GiB) elapsed=339.86s
[2026-05-27 16:59:11] progress deleted_files=9669 deleted_bytes=37613469696 (35.03GiB) elapsed=350.27s
[2026-05-27 16:59:21] progress deleted_files=9925 deleted_bytes=38724960256 (36.07GiB) elapsed=360.67s
[2026-05-27 16:59:31] progress deleted_files=10229 deleted_bytes=39849033728 (37.11GiB) elapsed=371.05s
[2026-05-27 16:59:42] progress deleted_files=10518 deleted_bytes=40957378560 (38.14GiB) elapsed=381.43s
[2026-05-27 16:59:52] progress deleted_files=10802 deleted_bytes=42076209152 (39.19GiB) elapsed=391.96s
[2026-05-27 17:00:03] progress deleted_files=11101 deleted_bytes=43210768384 (40.24GiB) elapsed=402.42s
[2026-05-27 17:00:13] progress deleted_files=11408 deleted_bytes=44319113216 (41.28GiB) elapsed=412.79s
[2026-05-27 17:00:23] progress deleted_files=11676 deleted_bytes=45433749504 (42.31GiB) elapsed=423.18s
[2026-05-27 17:00:34] progress deleted_files=11959 deleted_bytes=46567260160 (43.37GiB) elapsed=433.60s
[2026-05-27 17:00:44] progress deleted_files=12274 deleted_bytes=47683993600 (44.41GiB) elapsed=444.16s
[2026-05-27 17:00:55] progress deleted_files=12566 deleted_bytes=48792338432 (45.44GiB) elapsed=454.52s
[2026-05-27 17:01:05] progress deleted_files=12853 deleted_bytes=49923751936 (46.50GiB) elapsed=465.00s
[2026-05-27 17:01:16] progress deleted_files=13163 deleted_bytes=51038388224 (47.53GiB) elapsed=475.34s
[2026-05-27 17:01:26] progress deleted_files=13456 deleted_bytes=52160364544 (48.58GiB) elapsed=485.69s
[2026-05-27 17:01:36] progress deleted_files=13699 deleted_bytes=53267660800 (49.61GiB) elapsed=496.08s
[2026-05-27 17:01:47] progress deleted_files=13974 deleted_bytes=54373908480 (50.64GiB) elapsed=506.42s
[2026-05-27 17:01:57] progress deleted_files=14270 deleted_bytes=55499030528 (51.69GiB) elapsed=516.79s
[2026-05-27 17:02:07] progress deleted_files=14560 deleted_bytes=56598986752 (52.71GiB) elapsed=527.12s
[2026-05-27 17:02:18] progress deleted_files=14834 deleted_bytes=57713623040 (53.75GiB) elapsed=537.57s
[2026-05-27 17:02:28] progress deleted_files=15099 deleted_bytes=58825113600 (54.79GiB) elapsed=547.91s
[2026-05-27 17:02:39] progress deleted_files=15392 deleted_bytes=59937652736 (55.82GiB) elapsed=558.21s
[2026-05-27 17:02:49] progress deleted_files=15687 deleted_bytes=61045997568 (56.85GiB) elapsed=568.54s
[2026-05-27 17:02:59] progress deleted_files=15980 deleted_bytes=62161682432 (57.89GiB) elapsed=578.93s
[2026-05-27 17:03:10] progress deleted_files=16281 deleted_bytes=63282610176 (58.94GiB) elapsed=589.42s
[2026-05-27 17:03:20] progress deleted_files=16620 deleted_bytes=64393052160 (59.97GiB) elapsed=599.71s
[2026-05-27 17:03:30] progress deleted_files=16907 deleted_bytes=65493008384 (61.00GiB) elapsed=610.03s
[2026-05-27 17:03:41] progress deleted_files=17159 deleted_bytes=66619179008 (62.04GiB) elapsed=620.39s
[2026-05-27 17:03:51] progress deleted_files=17473 deleted_bytes=67731718144 (63.08GiB) elapsed=630.78s
[2026-05-27 17:04:01] progress deleted_files=17770 deleted_bytes=68842160128 (64.11GiB) elapsed=641.15s
[2026-05-27 17:04:12] progress deleted_files=18077 deleted_bytes=69969379328 (65.16GiB) elapsed=651.50s
[2026-05-27 17:04:22] progress deleted_files=18410 deleted_bytes=71079821312 (66.20GiB) elapsed=661.88s
[2026-05-27 17:04:33] progress deleted_files=18672 deleted_bytes=72178728960 (67.22GiB) elapsed=672.23s
[2026-05-27 17:04:43] progress deleted_files=18944 deleted_bytes=73288122368 (68.25GiB) elapsed=682.54s
[2026-05-27 17:04:53] progress deleted_files=19227 deleted_bytes=74399612928 (69.29GiB) elapsed=692.82s
[2026-05-27 17:05:03] progress deleted_files=19529 deleted_bytes=75493277696 (70.31GiB) elapsed=703.10s
[2026-05-27 17:05:14] progress deleted_files=19779 deleted_bytes=76598476800 (71.34GiB) elapsed=713.35s
[2026-05-27 17:05:24] progress deleted_files=20037 deleted_bytes=77702627328 (72.37GiB) elapsed=723.65s
[2026-05-27 17:05:34] progress deleted_files=20317 deleted_bytes=78801534976 (73.39GiB) elapsed=733.91s
[2026-05-27 17:05:45] progress deleted_files=20586 deleted_bytes=79914074112 (74.43GiB) elapsed=744.26s
[2026-05-27 17:05:55] progress deleted_files=20907 deleted_bytes=81027661824 (75.46GiB) elapsed=754.50s
[2026-05-27 17:06:05] progress deleted_files=21172 deleted_bytes=82104549376 (76.47GiB) elapsed=764.66s
[2026-05-27 17:06:15] progress deleted_files=21460 deleted_bytes=83211845632 (77.50GiB) elapsed=774.95s
[2026-05-27 17:06:25] progress deleted_files=21738 deleted_bytes=84308656128 (78.52GiB) elapsed=785.18s
[2026-05-27 17:06:36] progress deleted_files=22015 deleted_bytes=85407563776 (79.54GiB) elapsed=795.43s
[2026-05-27 17:06:46] progress deleted_files=22316 deleted_bytes=86512762880 (80.57GiB) elapsed=805.74s
[2026-05-27 17:06:56] progress deleted_files=22589 deleted_bytes=87629496320 (81.61GiB) elapsed=815.99s
[2026-05-27 17:07:07] progress deleted_files=22884 deleted_bytes=88715821056 (82.62GiB) elapsed=826.23s
[2026-05-27 17:07:17] progress deleted_files=23133 deleted_bytes=89813680128 (83.65GiB) elapsed=836.49s
[2026-05-27 17:07:27] progress deleted_files=23418 deleted_bytes=90927267840 (84.68GiB) elapsed=846.82s
[2026-05-27 17:07:37] progress deleted_files=23736 deleted_bytes=92021981184 (85.70GiB) elapsed=857.04s
[2026-05-27 17:07:48] progress deleted_files=24008 deleted_bytes=93128228864 (86.73GiB) elapsed=867.29s
[2026-05-27 17:07:58] progress deleted_files=24339 deleted_bytes=94233427968 (87.76GiB) elapsed=877.52s
[2026-05-27 17:08:08] progress deleted_files=24646 deleted_bytes=95321849856 (88.78GiB) elapsed=887.76s
[2026-05-27 17:08:18] sync after deletion
[2026-05-27 17:08:18] done deleted_files=24923 deleted_bytes=96307511296 (89.69GiB) elapsed=898.03s stop_reason=watch_pid_exit
