[2026-05-27 16:30:30] filesystem resolved: source=/dev/nvme0n1 target=/nvme/media fstype=ext4
[2026-05-27 16:30:30] current mount options: rw,noatime,nodiratime
[2026-05-27 16:30:30] discard_max_bytes(nvme0n1)=2199023255040
discard_state=on
mode=online_discard
mount_opt=discard
device=/dev/nvme0n1
required_source=/dev/nvme0n1
fs_source=/dev/nvme0n1
fs_target=/nvme/media
fs_fstype=ext4
fs_options=rw,noatime,nodiratime
base_dir=/home/kjh/real_ssd_test/gc
mnt=/nvme/media
data_root=/nvme/media/gc_exp
data_dir=/nvme/media/gc_exp/20260527_163030_online_discard_data
age_dir=/nvme/media/gc_exp/age_filler
fb_dir=/nvme/media/gc_exp/20260527_163030_online_discard_data/filebench
wk_dir=/nvme/media/gc_exp/20260527_163030_online_discard_data/work
log_dir=/home/kjh/real_ssd_test/gc/logs/20260527_163030_online_discard_strict_gc
runtime_sec=900
age_enable=1
gc_target_free_gib=100
run_headroom_gib=30
min_free_gib_after_run=40
fb_logical_gib=180
fb_expected_prealloc_bytes=164282499072
fb_expected_prealloc_human=153.00GiB
fb_prealloc=85
fb_meanfile_kib=1024
fb_set_count=1
fb_set_entries=184320
fb_threads=16
wk_target_gib=100
wk_target_bytes=107374182400
wk_target_human=100.00GiB
wk_min_gib=100
wk_min_bytes=107374182400
wk_min_human=100.00GiB
strict_work_min=1
delete_rate_gib_per_min=6
delete_tick_sec=1
delete_progress_sec=10
preserve_data_on_exit=1
[2026-05-27 16:30:30] mount -o remount,noatime,nodiratime,discard /nvme/media
[2026-05-27 16:30:30] age planning: free=915.80GiB desired_before_run=383.00GiB target_measurement_free=100.00GiB
[2026-05-27 16:30:30] create age filler 532.00GiB under /nvme/media/gc_exp/age_filler/age_20260527_163030_online_discard
[2026-05-27 16:47:41] generate filebench workload
[2026-05-27 16:47:41] start filebench: prealloc and runtime in one invocation
[2026-05-27 16:47:41] start concurrent work-file creation target=100.00GiB min=100.00GiB
[2026-05-27 16:47:51] waiting for filebench Running... (10s elapsed; work_created=2.86GiB)
[2026-05-27 16:48:01] waiting for filebench Running... (20s elapsed; work_created=6.32GiB)
[2026-05-27 16:48:11] waiting for filebench Running... (30s elapsed; work_created=10.08GiB)
[2026-05-27 16:48:21] waiting for filebench Running... (40s elapsed; work_created=13.80GiB)
[2026-05-27 16:48:31] waiting for filebench Running... (50s elapsed; work_created=17.02GiB)
[2026-05-27 16:48:41] waiting for filebench Running... (60s elapsed; work_created=19.84GiB)
[2026-05-27 16:48:51] waiting for filebench Running... (70s elapsed; work_created=22.98GiB)
[2026-05-27 16:49:01] waiting for filebench Running... (80s elapsed; work_created=26.60GiB)
[2026-05-27 16:49:11] waiting for filebench Running... (90s elapsed; work_created=29.93GiB)
[2026-05-27 16:49:22] waiting for filebench Running... (100s elapsed; work_created=33.27GiB)
[2026-05-27 16:49:32] waiting for filebench Running... (110s elapsed; work_created=36.20GiB)
[2026-05-27 16:49:42] waiting for filebench Running... (120s elapsed; work_created=39.76GiB)
[2026-05-27 16:49:52] waiting for filebench Running... (130s elapsed; work_created=43.58GiB)
[2026-05-27 16:50:02] waiting for filebench Running... (140s elapsed; work_created=46.29GiB)
[2026-05-27 16:50:12] waiting for filebench Running... (150s elapsed; work_created=50.38GiB)
[2026-05-27 16:50:22] waiting for filebench Running... (160s elapsed; work_created=54.26GiB)
[2026-05-27 16:50:32] waiting for filebench Running... (170s elapsed; work_created=58.13GiB)
[2026-05-27 16:50:42] waiting for filebench Running... (180s elapsed; work_created=61.88GiB)
[2026-05-27 16:50:52] waiting for filebench Running... (190s elapsed; work_created=65.85GiB)
[2026-05-27 16:51:02] waiting for filebench Running... (200s elapsed; work_created=69.76GiB)
[2026-05-27 16:51:12] waiting for filebench Running... (210s elapsed; work_created=73.80GiB)
[2026-05-27 16:51:23] waiting for filebench Running... (220s elapsed; work_created=77.49GiB)
[2026-05-27 16:51:33] waiting for filebench Running... (230s elapsed; work_created=81.20GiB)
[2026-05-27 16:51:43] waiting for filebench Running... (240s elapsed; work_created=84.57GiB)
[2026-05-27 16:51:53] waiting for filebench Running... (250s elapsed; work_created=89.02GiB)
[2026-05-27 16:52:03] waiting for filebench Running... (260s elapsed; work_created=94.56GiB)
[2026-05-27 16:52:13] waiting for filebench Running... (270s elapsed; work_created=99.64GiB)
[2026-05-27 16:52:23] waiting for filebench Running... (280s elapsed; work_created=100.00GiB)
[2026-05-27 16:52:33] waiting for filebench Running... (290s elapsed; work_created=100.00GiB)
[2026-05-27 16:52:43] waiting for filebench Running... (300s elapsed; work_created=100.00GiB)
[2026-05-27 16:52:53] waiting for filebench Running... (310s elapsed; work_created=100.00GiB)
[2026-05-27 16:53:03] waiting for filebench Running... (320s elapsed; work_created=100.00GiB)
[2026-05-27 16:53:13] waiting for filebench Running... (330s elapsed; work_created=100.00GiB)
[2026-05-27 16:53:17] filebench reached Running state; preallocation phase is done
[2026-05-27 16:53:19] work creation stopped created=100.00GiB min=100.00GiB target=100.00GiB
[2026-05-27 16:53:20] measurement begins: filebench runtime + delete stream
[2026-05-27 16:53:20] start delete worker while filebench is running rate=6.00GiB/min progress_sec=10
[2026-05-27 17:08:18] filebench exit rc=0
[2026-05-27 17:08:20] done: /home/kjh/real_ssd_test/gc/logs/20260527_163030_online_discard_strict_gc
[2026-05-27 17:08:20] data left in: /nvme/media/gc_exp/20260527_163030_online_discard_data
[2026-05-27 17:08:20] restore mount option: mount -o remount,nodiscard /nvme/media
[2026-05-27 17:08:20] experiment data preserved under: /nvme/media/gc_exp/20260527_163030_online_discard_data
[2026-05-27 17:08:20] age filler preserved under: /nvme/media/gc_exp/age_filler
[2026-05-27 17:08:20] logs preserved under: /home/kjh/real_ssd_test/gc/logs/20260527_163030_online_discard_strict_gc
