===== 2026-05-27 16:05:35 =====
[mounted] /dev/nvme0n1 -> /nvme/media
Filesystem      Size  Used Avail Use% Mounted on
/dev/nvme0n1    916G  449G  468G  49% /nvme/media
SOURCE       TARGET      FSTYPE OPTIONS
/dev/nvme0n1 /nvme/media ext4   rw,noatime,nodiratime

===== 2026-05-27 16:05:45 =====
[mounted] /dev/nvme0n1 -> /nvme/media
Filesystem      Size  Used Avail Use% Mounted on
/dev/nvme0n1    916G  455G  461G  50% /nvme/media
SOURCE       TARGET      FSTYPE OPTIONS
/dev/nvme0n1 /nvme/media ext4   rw,noatime,nodiratime

===== 2026-05-27 16:05:55 =====
[mounted] /dev/nvme0n1 -> /nvme/media
Filesystem      Size  Used Avail Use% Mounted on
/dev/nvme0n1    916G  461G  456G  51% /nvme/media
SOURCE       TARGET      FSTYPE OPTIONS
/dev/nvme0n1 /nvme/media ext4   rw,noatime,nodiratime

===== 2026-05-27 16:06:05 =====
[mounted] /dev/nvme0n1 -> /nvme/media
Filesystem      Size  Used Avail Use% Mounted on
/dev/nvme0n1    916G  467G  450G  51% /nvme/media
SOURCE       TARGET      FSTYPE OPTIONS
/dev/nvme0n1 /nvme/media ext4   rw,noatime,nodiratime

===== 2026-05-27 16:06:15 =====
[mounted] /dev/nvme0n1 -> /nvme/media
Filesystem      Size  Used Avail Use% Mounted on
/dev/nvme0n1    916G  473G  444G  52% /nvme/media
SOURCE       TARGET      FSTYPE OPTIONS
/dev/nvme0n1 /nvme/media ext4   rw,noatime,nodiratime

===== 2026-05-27 16:06:25 =====
[mounted] /dev/nvme0n1 -> /nvme/media
Filesystem      Size  Used Avail Use% Mounted on
/dev/nvme0n1    916G  480G  437G  53% /nvme/media
SOURCE       TARGET      FSTYPE OPTIONS
/dev/nvme0n1 /nvme/media ext4   rw,noatime,nodiratime

===== 2026-05-27 16:06:35 =====
[mounted] /dev/nvme0n1 -> /nvme/media
Filesystem      Size  Used Avail Use% Mounted on
/dev/nvme0n1    916G  486G  431G  53% /nvme/media
SOURCE       TARGET      FSTYPE OPTIONS
/dev/nvme0n1 /nvme/media ext4   rw,noatime,nodiratime

===== 2026-05-27 16:06:45 =====
[mounted] /dev/nvme0n1 -> /nvme/media
Filesystem      Size  Used Avail Use% Mounted on
/dev/nvme0n1    916G  491G  426G  54% /nvme/media
SOURCE       TARGET      FSTYPE OPTIONS
/dev/nvme0n1 /nvme/media ext4   rw,noatime,nodiratime

===== 2026-05-27 16:06:55 =====
[mounted] /dev/nvme0n1 -> /nvme/media
Filesystem      Size  Used Avail Use% Mounted on
/dev/nvme0n1    916G  497G  420G  55% /nvme/media
SOURCE       TARGET      FSTYPE OPTIONS
/dev/nvme0n1 /nvme/media ext4   rw,noatime,nodiratime

===== 2026-05-27 16:07:05 =====
[mounted] /dev/nvme0n1 -> /nvme/media
Filesystem      Size  Used Avail Use% Mounted on
/dev/nvme0n1    916G  502G  415G  55% /nvme/media
SOURCE       TARGET      FSTYPE OPTIONS
/dev/nvme0n1 /nvme/media ext4   rw,noatime,nodiratime

===== 2026-05-27 16:07:15 =====
[mounted] /dev/nvme0n1 -> /nvme/media
Filesystem      Size  Used Avail Use% Mounted on
/dev/nvme0n1    916G  507G  410G  56% /nvme/media
SOURCE       TARGET      FSTYPE OPTIONS
/dev/nvme0n1 /nvme/media ext4   rw,noatime,nodiratime

===== 2026-05-27 16:07:25 =====
[mounted] /dev/nvme0n1 -> /nvme/media
Filesystem      Size  Used Avail Use% Mounted on
/dev/nvme0n1    916G  511G  406G  56% /nvme/media
SOURCE       TARGET      FSTYPE OPTIONS
/dev/nvme0n1 /nvme/media ext4   rw,noatime,nodiratime

===== 2026-05-27 16:07:35 =====
[mounted] /dev/nvme0n1 -> /nvme/media
Filesystem      Size  Used Avail Use% Mounted on
/dev/nvme0n1    916G  515G  402G  57% /nvme/media
SOURCE       TARGET      FSTYPE OPTIONS
/dev/nvme0n1 /nvme/media ext4   rw,noatime,nodiratime

===== 2026-05-27 16:07:45 =====
[mounted] /dev/nvme0n1 -> /nvme/media
Filesystem      Size  Used Avail Use% Mounted on
/dev/nvme0n1    916G  520G  397G  57% /nvme/media
SOURCE       TARGET      FSTYPE OPTIONS
/dev/nvme0n1 /nvme/media ext4   rw,noatime,nodiratime

===== 2026-05-27 16:07:55 =====
[mounted] /dev/nvme0n1 -> /nvme/media
Filesystem      Size  Used Avail Use% Mounted on
/dev/nvme0n1    916G  525G  392G  58% /nvme/media
SOURCE       TARGET      FSTYPE OPTIONS
/dev/nvme0n1 /nvme/media ext4   rw,noatime,nodiratime

===== 2026-05-27 16:08:05 =====
[mounted] /dev/nvme0n1 -> /nvme/media
Filesystem      Size  Used Avail Use% Mounted on
/dev/nvme0n1    916G  530G  387G  58% /nvme/media
SOURCE       TARGET      FSTYPE OPTIONS
/dev/nvme0n1 /nvme/media ext4   rw,noatime,nodiratime

===== 2026-05-27 16:08:15 =====
[mounted] /dev/nvme0n1 -> /nvme/media
Filesystem      Size  Used Avail Use% Mounted on
/dev/nvme0n1    916G  535G  382G  59% /nvme/media
SOURCE       TARGET      FSTYPE OPTIONS
/dev/nvme0n1 /nvme/media ext4   rw,noatime,nodiratime

===== 2026-05-27 16:08:25 =====
[mounted] /dev/nvme0n1 -> /nvme/media
Filesystem      Size  Used Avail Use% Mounted on
/dev/nvme0n1    916G  543G  374G  60% /nvme/media
SOURCE       TARGET      FSTYPE OPTIONS
/dev/nvme0n1 /nvme/media ext4   rw,noatime,nodiratime

===== 2026-05-27 16:08:35 =====
[mounted] /dev/nvme0n1 -> /nvme/media
Filesystem      Size  Used Avail Use% Mounted on
/dev/nvme0n1    916G  549G  368G  60% /nvme/media
SOURCE       TARGET      FSTYPE OPTIONS
/dev/nvme0n1 /nvme/media ext4   rw,noatime,nodiratime

===== 2026-05-27 16:08:45 =====
[mounted] /dev/nvme0n1 -> /nvme/media
Filesystem      Size  Used Avail Use% Mounted on
/dev/nvme0n1    916G  554G  363G  61% /nvme/media
SOURCE       TARGET      FSTYPE OPTIONS
/dev/nvme0n1 /nvme/media ext4   rw,noatime,nodiratime

===== 2026-05-27 16:08:55 =====
[mounted] /dev/nvme0n1 -> /nvme/media
Filesystem      Size  Used Avail Use% Mounted on
/dev/nvme0n1    916G  559G  358G  61% /nvme/media
SOURCE       TARGET      FSTYPE OPTIONS
/dev/nvme0n1 /nvme/media ext4   rw,noatime,nodiratime

===== 2026-05-27 16:09:05 =====
[mounted] /dev/nvme0n1 -> /nvme/media
Filesystem      Size  Used Avail Use% Mounted on
/dev/nvme0n1    916G  566G  351G  62% /nvme/media
SOURCE       TARGET      FSTYPE OPTIONS
/dev/nvme0n1 /nvme/media ext4   rw,noatime,nodiratime

===== 2026-05-27 16:09:15 =====
[mounted] /dev/nvme0n1 -> /nvme/media
Filesystem      Size  Used Avail Use% Mounted on
/dev/nvme0n1    916G  573G  344G  63% /nvme/media
SOURCE       TARGET      FSTYPE OPTIONS
/dev/nvme0n1 /nvme/media ext4   rw,noatime,nodiratime

===== 2026-05-27 16:09:25 =====
[mounted] /dev/nvme0n1 -> /nvme/media
Filesystem      Size  Used Avail Use% Mounted on
/dev/nvme0n1    916G  579G  338G  64% /nvme/media
SOURCE       TARGET      FSTYPE OPTIONS
/dev/nvme0n1 /nvme/media ext4   rw,noatime,nodiratime

===== 2026-05-27 16:09:35 =====
[mounted] /dev/nvme0n1 -> /nvme/media
Filesystem      Size  Used Avail Use% Mounted on
/dev/nvme0n1    916G  584G  333G  64% /nvme/media
SOURCE       TARGET      FSTYPE OPTIONS
/dev/nvme0n1 /nvme/media ext4   rw,noatime,nodiratime

===== 2026-05-27 16:09:45 =====
[mounted] /dev/nvme0n1 -> /nvme/media
Filesystem      Size  Used Avail Use% Mounted on
/dev/nvme0n1    916G  590G  327G  65% /nvme/media
SOURCE       TARGET      FSTYPE OPTIONS
/dev/nvme0n1 /nvme/media ext4   rw,noatime,nodiratime

===== 2026-05-27 16:09:55 =====
[mounted] /dev/nvme0n1 -> /nvme/media
Filesystem      Size  Used Avail Use% Mounted on
/dev/nvme0n1    916G  595G  321G  65% /nvme/media
SOURCE       TARGET      FSTYPE OPTIONS
/dev/nvme0n1 /nvme/media ext4   rw,noatime,nodiratime

===== 2026-05-27 16:10:05 =====
[mounted] /dev/nvme0n1 -> /nvme/media
Filesystem      Size  Used Avail Use% Mounted on
/dev/nvme0n1    916G  601G  316G  66% /nvme/media
SOURCE       TARGET      FSTYPE OPTIONS
/dev/nvme0n1 /nvme/media ext4   rw,noatime,nodiratime

===== 2026-05-27 16:10:15 =====
[mounted] /dev/nvme0n1 -> /nvme/media
Filesystem      Size  Used Avail Use% Mounted on
/dev/nvme0n1    916G  606G  311G  67% /nvme/media
SOURCE       TARGET      FSTYPE OPTIONS
/dev/nvme0n1 /nvme/media ext4   rw,noatime,nodiratime

===== 2026-05-27 16:10:25 =====
[mounted] /dev/nvme0n1 -> /nvme/media
Filesystem      Size  Used Avail Use% Mounted on
/dev/nvme0n1    916G  613G  304G  67% /nvme/media
SOURCE       TARGET      FSTYPE OPTIONS
/dev/nvme0n1 /nvme/media ext4   rw,noatime,nodiratime

===== 2026-05-27 16:10:36 =====
[mounted] /dev/nvme0n1 -> /nvme/media
Filesystem      Size  Used Avail Use% Mounted on
/dev/nvme0n1    916G  620G  296G  68% /nvme/media
SOURCE       TARGET      FSTYPE OPTIONS
/dev/nvme0n1 /nvme/media ext4   rw,noatime,nodiratime

===== 2026-05-27 16:10:46 =====
[mounted] /dev/nvme0n1 -> /nvme/media
Filesystem      Size  Used Avail Use% Mounted on
/dev/nvme0n1    916G  629G  288G  69% /nvme/media
SOURCE       TARGET      FSTYPE OPTIONS
/dev/nvme0n1 /nvme/media ext4   rw,noatime,nodiratime

===== 2026-05-27 16:10:56 =====
[mounted] /dev/nvme0n1 -> /nvme/media
Filesystem      Size  Used Avail Use% Mounted on
/dev/nvme0n1    916G  637G  280G  70% /nvme/media
SOURCE       TARGET      FSTYPE OPTIONS
/dev/nvme0n1 /nvme/media ext4   rw,noatime,nodiratime

===== 2026-05-27 16:11:06 =====
[mounted] /dev/nvme0n1 -> /nvme/media
Filesystem      Size  Used Avail Use% Mounted on
/dev/nvme0n1    916G  645G  272G  71% /nvme/media
SOURCE       TARGET      FSTYPE OPTIONS
/dev/nvme0n1 /nvme/media ext4   rw,noatime,nodiratime

===== 2026-05-27 16:11:16 =====
[mounted] /dev/nvme0n1 -> /nvme/media
Filesystem      Size  Used Avail Use% Mounted on
/dev/nvme0n1    916G  651G  266G  72% /nvme/media
SOURCE       TARGET      FSTYPE OPTIONS
/dev/nvme0n1 /nvme/media ext4   rw,noatime,nodiratime

===== 2026-05-27 16:11:26 =====
[mounted] /dev/nvme0n1 -> /nvme/media
Filesystem      Size  Used Avail Use% Mounted on
/dev/nvme0n1    916G  658G  259G  72% /nvme/media
SOURCE       TARGET      FSTYPE OPTIONS
/dev/nvme0n1 /nvme/media ext4   rw,noatime,nodiratime

===== 2026-05-27 16:11:36 =====
[mounted] /dev/nvme0n1 -> /nvme/media
Filesystem      Size  Used Avail Use% Mounted on
/dev/nvme0n1    916G  665G  252G  73% /nvme/media
SOURCE       TARGET      FSTYPE OPTIONS
/dev/nvme0n1 /nvme/media ext4   rw,noatime,nodiratime

===== 2026-05-27 16:11:46 =====
[mounted] /dev/nvme0n1 -> /nvme/media
Filesystem      Size  Used Avail Use% Mounted on
/dev/nvme0n1    916G  671G  246G  74% /nvme/media
SOURCE       TARGET      FSTYPE OPTIONS
/dev/nvme0n1 /nvme/media ext4   rw,noatime,nodiratime

===== 2026-05-27 16:11:56 =====
[mounted] /dev/nvme0n1 -> /nvme/media
Filesystem      Size  Used Avail Use% Mounted on
/dev/nvme0n1    916G  679G  238G  75% /nvme/media
SOURCE       TARGET      FSTYPE OPTIONS
/dev/nvme0n1 /nvme/media ext4   rw,noatime,nodiratime

===== 2026-05-27 16:12:06 =====
[mounted] /dev/nvme0n1 -> /nvme/media
Filesystem      Size  Used Avail Use% Mounted on
/dev/nvme0n1    916G  686G  231G  75% /nvme/media
SOURCE       TARGET      FSTYPE OPTIONS
/dev/nvme0n1 /nvme/media ext4   rw,noatime,nodiratime

===== 2026-05-27 16:12:16 =====
[mounted] /dev/nvme0n1 -> /nvme/media
Filesystem      Size  Used Avail Use% Mounted on
/dev/nvme0n1    916G  693G  223G  76% /nvme/media
SOURCE       TARGET      FSTYPE OPTIONS
/dev/nvme0n1 /nvme/media ext4   rw,noatime,nodiratime

===== 2026-05-27 16:12:26 =====
[mounted] /dev/nvme0n1 -> /nvme/media
Filesystem      Size  Used Avail Use% Mounted on
/dev/nvme0n1    916G  702G  215G  77% /nvme/media
SOURCE       TARGET      FSTYPE OPTIONS
/dev/nvme0n1 /nvme/media ext4   rw,noatime,nodiratime

===== 2026-05-27 16:12:36 =====
[mounted] /dev/nvme0n1 -> /nvme/media
Filesystem      Size  Used Avail Use% Mounted on
/dev/nvme0n1    916G  711G  206G  78% /nvme/media
SOURCE       TARGET      FSTYPE OPTIONS
/dev/nvme0n1 /nvme/media ext4   rw,noatime,nodiratime

===== 2026-05-27 16:12:46 =====
[mounted] /dev/nvme0n1 -> /nvme/media
Filesystem      Size  Used Avail Use% Mounted on
/dev/nvme0n1    916G  718G  198G  79% /nvme/media
SOURCE       TARGET      FSTYPE OPTIONS
/dev/nvme0n1 /nvme/media ext4   rw,noatime,nodiratime

===== 2026-05-27 16:12:56 =====
[mounted] /dev/nvme0n1 -> /nvme/media
Filesystem      Size  Used Avail Use% Mounted on
/dev/nvme0n1    916G  727G  190G  80% /nvme/media
SOURCE       TARGET      FSTYPE OPTIONS
/dev/nvme0n1 /nvme/media ext4   rw,noatime,nodiratime

===== 2026-05-27 16:13:06 =====
[mounted] /dev/nvme0n1 -> /nvme/media
Filesystem      Size  Used Avail Use% Mounted on
/dev/nvme0n1    916G  734G  183G  81% /nvme/media
SOURCE       TARGET      FSTYPE OPTIONS
/dev/nvme0n1 /nvme/media ext4   rw,noatime,nodiratime

===== 2026-05-27 16:13:16 =====
[mounted] /dev/nvme0n1 -> /nvme/media
Filesystem      Size  Used Avail Use% Mounted on
/dev/nvme0n1    916G  743G  173G  82% /nvme/media
SOURCE       TARGET      FSTYPE OPTIONS
/dev/nvme0n1 /nvme/media ext4   rw,noatime,nodiratime

===== 2026-05-27 16:13:26 =====
[mounted] /dev/nvme0n1 -> /nvme/media
Filesystem      Size  Used Avail Use% Mounted on
/dev/nvme0n1    916G  753G  164G  83% /nvme/media
SOURCE       TARGET      FSTYPE OPTIONS
/dev/nvme0n1 /nvme/media ext4   rw,noatime,nodiratime

===== 2026-05-27 16:13:36 =====
[mounted] /dev/nvme0n1 -> /nvme/media
Filesystem      Size  Used Avail Use% Mounted on
/dev/nvme0n1    916G  763G  154G  84% /nvme/media
SOURCE       TARGET      FSTYPE OPTIONS
/dev/nvme0n1 /nvme/media ext4   rw,noatime,nodiratime

===== 2026-05-27 16:13:46 =====
[mounted] /dev/nvme0n1 -> /nvme/media
Filesystem      Size  Used Avail Use% Mounted on
/dev/nvme0n1    916G  773G  144G  85% /nvme/media
SOURCE       TARGET      FSTYPE OPTIONS
/dev/nvme0n1 /nvme/media ext4   rw,noatime,nodiratime

===== 2026-05-27 16:13:56 =====
[mounted] /dev/nvme0n1 -> /nvme/media
Filesystem      Size  Used Avail Use% Mounted on
/dev/nvme0n1    916G  784G  133G  86% /nvme/media
SOURCE       TARGET      FSTYPE OPTIONS
/dev/nvme0n1 /nvme/media ext4   rw,noatime,nodiratime

===== 2026-05-27 16:14:06 =====
[mounted] /dev/nvme0n1 -> /nvme/media
Filesystem      Size  Used Avail Use% Mounted on
/dev/nvme0n1    916G  785G  131G  86% /nvme/media
SOURCE       TARGET      FSTYPE OPTIONS
/dev/nvme0n1 /nvme/media ext4   rw,noatime,nodiratime

===== 2026-05-27 16:14:16 =====
[mounted] /dev/nvme0n1 -> /nvme/media
Filesystem      Size  Used Avail Use% Mounted on
/dev/nvme0n1    916G  785G  132G  86% /nvme/media
SOURCE       TARGET      FSTYPE OPTIONS
/dev/nvme0n1 /nvme/media ext4   rw,noatime,nodiratime

===== 2026-05-27 16:14:26 =====
[mounted] /dev/nvme0n1 -> /nvme/media
Filesystem      Size  Used Avail Use% Mounted on
/dev/nvme0n1    916G  784G  133G  86% /nvme/media
SOURCE       TARGET      FSTYPE OPTIONS
/dev/nvme0n1 /nvme/media ext4   rw,noatime,nodiratime

===== 2026-05-27 16:14:36 =====
[mounted] /dev/nvme0n1 -> /nvme/media
Filesystem      Size  Used Avail Use% Mounted on
/dev/nvme0n1    916G  783G  134G  86% /nvme/media
SOURCE       TARGET      FSTYPE OPTIONS
/dev/nvme0n1 /nvme/media ext4   rw,noatime,nodiratime

===== 2026-05-27 16:14:46 =====
[mounted] /dev/nvme0n1 -> /nvme/media
Filesystem      Size  Used Avail Use% Mounted on
/dev/nvme0n1    916G  782G  135G  86% /nvme/media
SOURCE       TARGET      FSTYPE OPTIONS
/dev/nvme0n1 /nvme/media ext4   rw,noatime,nodiratime

===== 2026-05-27 16:14:56 =====
[mounted] /dev/nvme0n1 -> /nvme/media
Filesystem      Size  Used Avail Use% Mounted on
/dev/nvme0n1    916G  781G  136G  86% /nvme/media
SOURCE       TARGET      FSTYPE OPTIONS
/dev/nvme0n1 /nvme/media ext4   rw,noatime,nodiratime

===== 2026-05-27 16:15:06 =====
[mounted] /dev/nvme0n1 -> /nvme/media
Filesystem      Size  Used Avail Use% Mounted on
/dev/nvme0n1    916G  780G  137G  86% /nvme/media
SOURCE       TARGET      FSTYPE OPTIONS
/dev/nvme0n1 /nvme/media ext4   rw,noatime,nodiratime

===== 2026-05-27 16:15:16 =====
[mounted] /dev/nvme0n1 -> /nvme/media
Filesystem      Size  Used Avail Use% Mounted on
/dev/nvme0n1    916G  779G  138G  85% /nvme/media
SOURCE       TARGET      FSTYPE OPTIONS
/dev/nvme0n1 /nvme/media ext4   rw,noatime,nodiratime

===== 2026-05-27 16:15:26 =====
[mounted] /dev/nvme0n1 -> /nvme/media
Filesystem      Size  Used Avail Use% Mounted on
/dev/nvme0n1    916G  778G  139G  85% /nvme/media
SOURCE       TARGET      FSTYPE OPTIONS
/dev/nvme0n1 /nvme/media ext4   rw,noatime,nodiratime

===== 2026-05-27 16:15:36 =====
[mounted] /dev/nvme0n1 -> /nvme/media
Filesystem      Size  Used Avail Use% Mounted on
/dev/nvme0n1    916G  777G  140G  85% /nvme/media
SOURCE       TARGET      FSTYPE OPTIONS
/dev/nvme0n1 /nvme/media ext4   rw,noatime,nodiratime

===== 2026-05-27 16:15:46 =====
[mounted] /dev/nvme0n1 -> /nvme/media
Filesystem      Size  Used Avail Use% Mounted on
/dev/nvme0n1    916G  776G  141G  85% /nvme/media
SOURCE       TARGET      FSTYPE OPTIONS
/dev/nvme0n1 /nvme/media ext4   rw,noatime,nodiratime

===== 2026-05-27 16:15:56 =====
[mounted] /dev/nvme0n1 -> /nvme/media
Filesystem      Size  Used Avail Use% Mounted on
/dev/nvme0n1    916G  775G  142G  85% /nvme/media
SOURCE       TARGET      FSTYPE OPTIONS
/dev/nvme0n1 /nvme/media ext4   rw,noatime,nodiratime

===== 2026-05-27 16:16:06 =====
[mounted] /dev/nvme0n1 -> /nvme/media
Filesystem      Size  Used Avail Use% Mounted on
/dev/nvme0n1    916G  774G  143G  85% /nvme/media
SOURCE       TARGET      FSTYPE OPTIONS
/dev/nvme0n1 /nvme/media ext4   rw,noatime,nodiratime

===== 2026-05-27 16:16:16 =====
[mounted] /dev/nvme0n1 -> /nvme/media
Filesystem      Size  Used Avail Use% Mounted on
/dev/nvme0n1    916G  773G  144G  85% /nvme/media
SOURCE       TARGET      FSTYPE OPTIONS
/dev/nvme0n1 /nvme/media ext4   rw,noatime,nodiratime

===== 2026-05-27 16:16:26 =====
[mounted] /dev/nvme0n1 -> /nvme/media
Filesystem      Size  Used Avail Use% Mounted on
/dev/nvme0n1    916G  772G  145G  85% /nvme/media
SOURCE       TARGET      FSTYPE OPTIONS
/dev/nvme0n1 /nvme/media ext4   rw,noatime,nodiratime

===== 2026-05-27 16:16:36 =====
[mounted] /dev/nvme0n1 -> /nvme/media
Filesystem      Size  Used Avail Use% Mounted on
/dev/nvme0n1    916G  771G  146G  85% /nvme/media
SOURCE       TARGET      FSTYPE OPTIONS
/dev/nvme0n1 /nvme/media ext4   rw,noatime,nodiratime

===== 2026-05-27 16:16:46 =====
[mounted] /dev/nvme0n1 -> /nvme/media
Filesystem      Size  Used Avail Use% Mounted on
/dev/nvme0n1    916G  770G  147G  85% /nvme/media
SOURCE       TARGET      FSTYPE OPTIONS
/dev/nvme0n1 /nvme/media ext4   rw,noatime,nodiratime

===== 2026-05-27 16:16:56 =====
[mounted] /dev/nvme0n1 -> /nvme/media
Filesystem      Size  Used Avail Use% Mounted on
/dev/nvme0n1    916G  769G  148G  84% /nvme/media
SOURCE       TARGET      FSTYPE OPTIONS
/dev/nvme0n1 /nvme/media ext4   rw,noatime,nodiratime

===== 2026-05-27 16:17:06 =====
[mounted] /dev/nvme0n1 -> /nvme/media
Filesystem      Size  Used Avail Use% Mounted on
/dev/nvme0n1    916G  768G  149G  84% /nvme/media
SOURCE       TARGET      FSTYPE OPTIONS
/dev/nvme0n1 /nvme/media ext4   rw,noatime,nodiratime

===== 2026-05-27 16:17:16 =====
[mounted] /dev/nvme0n1 -> /nvme/media
Filesystem      Size  Used Avail Use% Mounted on
/dev/nvme0n1    916G  767G  150G  84% /nvme/media
SOURCE       TARGET      FSTYPE OPTIONS
/dev/nvme0n1 /nvme/media ext4   rw,noatime,nodiratime

===== 2026-05-27 16:17:26 =====
[mounted] /dev/nvme0n1 -> /nvme/media
Filesystem      Size  Used Avail Use% Mounted on
/dev/nvme0n1    916G  766G  151G  84% /nvme/media
SOURCE       TARGET      FSTYPE OPTIONS
/dev/nvme0n1 /nvme/media ext4   rw,noatime,nodiratime

===== 2026-05-27 16:17:36 =====
[mounted] /dev/nvme0n1 -> /nvme/media
Filesystem      Size  Used Avail Use% Mounted on
/dev/nvme0n1    916G  765G  152G  84% /nvme/media
SOURCE       TARGET      FSTYPE OPTIONS
/dev/nvme0n1 /nvme/media ext4   rw,noatime,nodiratime

===== 2026-05-27 16:17:46 =====
[mounted] /dev/nvme0n1 -> /nvme/media
Filesystem      Size  Used Avail Use% Mounted on
/dev/nvme0n1    916G  764G  153G  84% /nvme/media
SOURCE       TARGET      FSTYPE OPTIONS
/dev/nvme0n1 /nvme/media ext4   rw,noatime,nodiratime

===== 2026-05-27 16:17:56 =====
[mounted] /dev/nvme0n1 -> /nvme/media
Filesystem      Size  Used Avail Use% Mounted on
/dev/nvme0n1    916G  763G  154G  84% /nvme/media
SOURCE       TARGET      FSTYPE OPTIONS
/dev/nvme0n1 /nvme/media ext4   rw,noatime,nodiratime

===== 2026-05-27 16:18:06 =====
[mounted] /dev/nvme0n1 -> /nvme/media
Filesystem      Size  Used Avail Use% Mounted on
/dev/nvme0n1    916G  762G  155G  84% /nvme/media
SOURCE       TARGET      FSTYPE OPTIONS
/dev/nvme0n1 /nvme/media ext4   rw,noatime,nodiratime

===== 2026-05-27 16:18:16 =====
[mounted] /dev/nvme0n1 -> /nvme/media
Filesystem      Size  Used Avail Use% Mounted on
/dev/nvme0n1    916G  761G  156G  84% /nvme/media
SOURCE       TARGET      FSTYPE OPTIONS
/dev/nvme0n1 /nvme/media ext4   rw,noatime,nodiratime

===== 2026-05-27 16:18:26 =====
[mounted] /dev/nvme0n1 -> /nvme/media
Filesystem      Size  Used Avail Use% Mounted on
/dev/nvme0n1    916G  760G  157G  83% /nvme/media
SOURCE       TARGET      FSTYPE OPTIONS
/dev/nvme0n1 /nvme/media ext4   rw,noatime,nodiratime

===== 2026-05-27 16:18:36 =====
[mounted] /dev/nvme0n1 -> /nvme/media
Filesystem      Size  Used Avail Use% Mounted on
/dev/nvme0n1    916G  759G  158G  83% /nvme/media
SOURCE       TARGET      FSTYPE OPTIONS
/dev/nvme0n1 /nvme/media ext4   rw,noatime,nodiratime

===== 2026-05-27 16:18:46 =====
[mounted] /dev/nvme0n1 -> /nvme/media
Filesystem      Size  Used Avail Use% Mounted on
/dev/nvme0n1    916G  758G  159G  83% /nvme/media
SOURCE       TARGET      FSTYPE OPTIONS
/dev/nvme0n1 /nvme/media ext4   rw,noatime,nodiratime

===== 2026-05-27 16:18:56 =====
[mounted] /dev/nvme0n1 -> /nvme/media
Filesystem      Size  Used Avail Use% Mounted on
/dev/nvme0n1    916G  757G  160G  83% /nvme/media
SOURCE       TARGET      FSTYPE OPTIONS
/dev/nvme0n1 /nvme/media ext4   rw,noatime,nodiratime

===== 2026-05-27 16:19:06 =====
[mounted] /dev/nvme0n1 -> /nvme/media
Filesystem      Size  Used Avail Use% Mounted on
/dev/nvme0n1    916G  756G  161G  83% /nvme/media
SOURCE       TARGET      FSTYPE OPTIONS
/dev/nvme0n1 /nvme/media ext4   rw,noatime,nodiratime

===== 2026-05-27 16:19:16 =====
[mounted] /dev/nvme0n1 -> /nvme/media
Filesystem      Size  Used Avail Use% Mounted on
/dev/nvme0n1    916G  755G  162G  83% /nvme/media
SOURCE       TARGET      FSTYPE OPTIONS
/dev/nvme0n1 /nvme/media ext4   rw,noatime,nodiratime

===== 2026-05-27 16:19:27 =====
[mounted] /dev/nvme0n1 -> /nvme/media
Filesystem      Size  Used Avail Use% Mounted on
/dev/nvme0n1    916G  754G  163G  83% /nvme/media
SOURCE       TARGET      FSTYPE OPTIONS
/dev/nvme0n1 /nvme/media ext4   rw,noatime,nodiratime

===== 2026-05-27 16:19:37 =====
[mounted] /dev/nvme0n1 -> /nvme/media
Filesystem      Size  Used Avail Use% Mounted on
/dev/nvme0n1    916G  753G  164G  83% /nvme/media
SOURCE       TARGET      FSTYPE OPTIONS
/dev/nvme0n1 /nvme/media ext4   rw,noatime,nodiratime

===== 2026-05-27 16:19:47 =====
[mounted] /dev/nvme0n1 -> /nvme/media
Filesystem      Size  Used Avail Use% Mounted on
/dev/nvme0n1    916G  752G  165G  83% /nvme/media
SOURCE       TARGET      FSTYPE OPTIONS
/dev/nvme0n1 /nvme/media ext4   rw,noatime,nodiratime

===== 2026-05-27 16:19:57 =====
[mounted] /dev/nvme0n1 -> /nvme/media
Filesystem      Size  Used Avail Use% Mounted on
/dev/nvme0n1    916G  751G  166G  82% /nvme/media
SOURCE       TARGET      FSTYPE OPTIONS
/dev/nvme0n1 /nvme/media ext4   rw,noatime,nodiratime

===== 2026-05-27 16:20:07 =====
[mounted] /dev/nvme0n1 -> /nvme/media
Filesystem      Size  Used Avail Use% Mounted on
/dev/nvme0n1    916G  750G  167G  82% /nvme/media
SOURCE       TARGET      FSTYPE OPTIONS
/dev/nvme0n1 /nvme/media ext4   rw,noatime,nodiratime

===== 2026-05-27 16:20:17 =====
[mounted] /dev/nvme0n1 -> /nvme/media
Filesystem      Size  Used Avail Use% Mounted on
/dev/nvme0n1    916G  749G  168G  82% /nvme/media
SOURCE       TARGET      FSTYPE OPTIONS
/dev/nvme0n1 /nvme/media ext4   rw,noatime,nodiratime

===== 2026-05-27 16:20:27 =====
[mounted] /dev/nvme0n1 -> /nvme/media
Filesystem      Size  Used Avail Use% Mounted on
/dev/nvme0n1    916G  748G  169G  82% /nvme/media
SOURCE       TARGET      FSTYPE OPTIONS
/dev/nvme0n1 /nvme/media ext4   rw,noatime,nodiratime

===== 2026-05-27 16:20:37 =====
[mounted] /dev/nvme0n1 -> /nvme/media
Filesystem      Size  Used Avail Use% Mounted on
/dev/nvme0n1    916G  747G  170G  82% /nvme/media
SOURCE       TARGET      FSTYPE OPTIONS
/dev/nvme0n1 /nvme/media ext4   rw,noatime,nodiratime

===== 2026-05-27 16:20:47 =====
[mounted] /dev/nvme0n1 -> /nvme/media
Filesystem      Size  Used Avail Use% Mounted on
/dev/nvme0n1    916G  746G  171G  82% /nvme/media
SOURCE       TARGET      FSTYPE OPTIONS
/dev/nvme0n1 /nvme/media ext4   rw,noatime,nodiratime

===== 2026-05-27 16:20:57 =====
[mounted] /dev/nvme0n1 -> /nvme/media
Filesystem      Size  Used Avail Use% Mounted on
/dev/nvme0n1    916G  745G  172G  82% /nvme/media
SOURCE       TARGET      FSTYPE OPTIONS
/dev/nvme0n1 /nvme/media ext4   rw,noatime,nodiratime

===== 2026-05-27 16:21:07 =====
[mounted] /dev/nvme0n1 -> /nvme/media
Filesystem      Size  Used Avail Use% Mounted on
/dev/nvme0n1    916G  744G  173G  82% /nvme/media
SOURCE       TARGET      FSTYPE OPTIONS
/dev/nvme0n1 /nvme/media ext4   rw,noatime,nodiratime

===== 2026-05-27 16:21:17 =====
[mounted] /dev/nvme0n1 -> /nvme/media
Filesystem      Size  Used Avail Use% Mounted on
/dev/nvme0n1    916G  743G  174G  82% /nvme/media
SOURCE       TARGET      FSTYPE OPTIONS
/dev/nvme0n1 /nvme/media ext4   rw,noatime,nodiratime

===== 2026-05-27 16:21:27 =====
[mounted] /dev/nvme0n1 -> /nvme/media
Filesystem      Size  Used Avail Use% Mounted on
/dev/nvme0n1    916G  742G  175G  81% /nvme/media
SOURCE       TARGET      FSTYPE OPTIONS
/dev/nvme0n1 /nvme/media ext4   rw,noatime,nodiratime

===== 2026-05-27 16:21:37 =====
[mounted] /dev/nvme0n1 -> /nvme/media
Filesystem      Size  Used Avail Use% Mounted on
/dev/nvme0n1    916G  741G  176G  81% /nvme/media
SOURCE       TARGET      FSTYPE OPTIONS
/dev/nvme0n1 /nvme/media ext4   rw,noatime,nodiratime

===== 2026-05-27 16:21:47 =====
[mounted] /dev/nvme0n1 -> /nvme/media
Filesystem      Size  Used Avail Use% Mounted on
/dev/nvme0n1    916G  740G  177G  81% /nvme/media
SOURCE       TARGET      FSTYPE OPTIONS
/dev/nvme0n1 /nvme/media ext4   rw,noatime,nodiratime

===== 2026-05-27 16:21:57 =====
[mounted] /dev/nvme0n1 -> /nvme/media
Filesystem      Size  Used Avail Use% Mounted on
/dev/nvme0n1    916G  739G  178G  81% /nvme/media
SOURCE       TARGET      FSTYPE OPTIONS
/dev/nvme0n1 /nvme/media ext4   rw,noatime,nodiratime

===== 2026-05-27 16:22:07 =====
[mounted] /dev/nvme0n1 -> /nvme/media
Filesystem      Size  Used Avail Use% Mounted on
/dev/nvme0n1    916G  738G  178G  81% /nvme/media
SOURCE       TARGET      FSTYPE OPTIONS
/dev/nvme0n1 /nvme/media ext4   rw,noatime,nodiratime

===== 2026-05-27 16:22:17 =====
[mounted] /dev/nvme0n1 -> /nvme/media
Filesystem      Size  Used Avail Use% Mounted on
/dev/nvme0n1    916G  737G  179G  81% /nvme/media
SOURCE       TARGET      FSTYPE OPTIONS
/dev/nvme0n1 /nvme/media ext4   rw,noatime,nodiratime

===== 2026-05-27 16:22:27 =====
[mounted] /dev/nvme0n1 -> /nvme/media
Filesystem      Size  Used Avail Use% Mounted on
/dev/nvme0n1    916G  736G  180G  81% /nvme/media
SOURCE       TARGET      FSTYPE OPTIONS
/dev/nvme0n1 /nvme/media ext4   rw,noatime,nodiratime

===== 2026-05-27 16:22:37 =====
[mounted] /dev/nvme0n1 -> /nvme/media
Filesystem      Size  Used Avail Use% Mounted on
/dev/nvme0n1    916G  735G  182G  81% /nvme/media
SOURCE       TARGET      FSTYPE OPTIONS
/dev/nvme0n1 /nvme/media ext4   rw,noatime,nodiratime

===== 2026-05-27 16:22:47 =====
[mounted] /dev/nvme0n1 -> /nvme/media
Filesystem      Size  Used Avail Use% Mounted on
/dev/nvme0n1    916G  734G  183G  81% /nvme/media
SOURCE       TARGET      FSTYPE OPTIONS
/dev/nvme0n1 /nvme/media ext4   rw,noatime,nodiratime

===== 2026-05-27 16:22:57 =====
[mounted] /dev/nvme0n1 -> /nvme/media
Filesystem      Size  Used Avail Use% Mounted on
/dev/nvme0n1    916G  733G  183G  81% /nvme/media
SOURCE       TARGET      FSTYPE OPTIONS
/dev/nvme0n1 /nvme/media ext4   rw,noatime,nodiratime

===== 2026-05-27 16:23:07 =====
[mounted] /dev/nvme0n1 -> /nvme/media
Filesystem      Size  Used Avail Use% Mounted on
/dev/nvme0n1    916G  732G  184G  80% /nvme/media
SOURCE       TARGET      FSTYPE OPTIONS
/dev/nvme0n1 /nvme/media ext4   rw,noatime,nodiratime

===== 2026-05-27 16:23:17 =====
[mounted] /dev/nvme0n1 -> /nvme/media
Filesystem      Size  Used Avail Use% Mounted on
/dev/nvme0n1    916G  731G  185G  80% /nvme/media
SOURCE       TARGET      FSTYPE OPTIONS
/dev/nvme0n1 /nvme/media ext4   rw,noatime,nodiratime

===== 2026-05-27 16:23:27 =====
[mounted] /dev/nvme0n1 -> /nvme/media
Filesystem      Size  Used Avail Use% Mounted on
/dev/nvme0n1    916G  730G  186G  80% /nvme/media
SOURCE       TARGET      FSTYPE OPTIONS
/dev/nvme0n1 /nvme/media ext4   rw,noatime,nodiratime

===== 2026-05-27 16:23:37 =====
[mounted] /dev/nvme0n1 -> /nvme/media
Filesystem      Size  Used Avail Use% Mounted on
/dev/nvme0n1    916G  729G  187G  80% /nvme/media
SOURCE       TARGET      FSTYPE OPTIONS
/dev/nvme0n1 /nvme/media ext4   rw,noatime,nodiratime

===== 2026-05-27 16:23:47 =====
[mounted] /dev/nvme0n1 -> /nvme/media
Filesystem      Size  Used Avail Use% Mounted on
/dev/nvme0n1    916G  728G  188G  80% /nvme/media
SOURCE       TARGET      FSTYPE OPTIONS
/dev/nvme0n1 /nvme/media ext4   rw,noatime,nodiratime

===== 2026-05-27 16:23:57 =====
[mounted] /dev/nvme0n1 -> /nvme/media
Filesystem      Size  Used Avail Use% Mounted on
/dev/nvme0n1    916G  727G  189G  80% /nvme/media
SOURCE       TARGET      FSTYPE OPTIONS
/dev/nvme0n1 /nvme/media ext4   rw,noatime,nodiratime

===== 2026-05-27 16:24:07 =====
[mounted] /dev/nvme0n1 -> /nvme/media
Filesystem      Size  Used Avail Use% Mounted on
/dev/nvme0n1    916G  726G  190G  80% /nvme/media
SOURCE       TARGET      FSTYPE OPTIONS
/dev/nvme0n1 /nvme/media ext4   rw,noatime,nodiratime

===== 2026-05-27 16:24:17 =====
[mounted] /dev/nvme0n1 -> /nvme/media
Filesystem      Size  Used Avail Use% Mounted on
/dev/nvme0n1    916G  725G  191G  80% /nvme/media
SOURCE       TARGET      FSTYPE OPTIONS
/dev/nvme0n1 /nvme/media ext4   rw,noatime,nodiratime

===== 2026-05-27 16:24:27 =====
[mounted] /dev/nvme0n1 -> /nvme/media
Filesystem      Size  Used Avail Use% Mounted on
/dev/nvme0n1    916G  724G  192G  80% /nvme/media
SOURCE       TARGET      FSTYPE OPTIONS
/dev/nvme0n1 /nvme/media ext4   rw,noatime,nodiratime

===== 2026-05-27 16:24:37 =====
[mounted] /dev/nvme0n1 -> /nvme/media
Filesystem      Size  Used Avail Use% Mounted on
/dev/nvme0n1    916G  723G  193G  79% /nvme/media
SOURCE       TARGET      FSTYPE OPTIONS
/dev/nvme0n1 /nvme/media ext4   rw,noatime,nodiratime

===== 2026-05-27 16:24:47 =====
[mounted] /dev/nvme0n1 -> /nvme/media
Filesystem      Size  Used Avail Use% Mounted on
/dev/nvme0n1    916G  722G  194G  79% /nvme/media
SOURCE       TARGET      FSTYPE OPTIONS
/dev/nvme0n1 /nvme/media ext4   rw,noatime,nodiratime

===== 2026-05-27 16:24:57 =====
[mounted] /dev/nvme0n1 -> /nvme/media
Filesystem      Size  Used Avail Use% Mounted on
/dev/nvme0n1    916G  721G  195G  79% /nvme/media
SOURCE       TARGET      FSTYPE OPTIONS
/dev/nvme0n1 /nvme/media ext4   rw,noatime,nodiratime

===== 2026-05-27 16:25:07 =====
[mounted] /dev/nvme0n1 -> /nvme/media
Filesystem      Size  Used Avail Use% Mounted on
/dev/nvme0n1    916G  720G  196G  79% /nvme/media
SOURCE       TARGET      FSTYPE OPTIONS
/dev/nvme0n1 /nvme/media ext4   rw,noatime,nodiratime

===== 2026-05-27 16:25:17 =====
[mounted] /dev/nvme0n1 -> /nvme/media
Filesystem      Size  Used Avail Use% Mounted on
/dev/nvme0n1    916G  719G  197G  79% /nvme/media
SOURCE       TARGET      FSTYPE OPTIONS
/dev/nvme0n1 /nvme/media ext4   rw,noatime,nodiratime

===== 2026-05-27 16:25:28 =====
[mounted] /dev/nvme0n1 -> /nvme/media
Filesystem      Size  Used Avail Use% Mounted on
/dev/nvme0n1    916G  718G  198G  79% /nvme/media
SOURCE       TARGET      FSTYPE OPTIONS
/dev/nvme0n1 /nvme/media ext4   rw,noatime,nodiratime

===== 2026-05-27 16:25:38 =====
[mounted] /dev/nvme0n1 -> /nvme/media
Filesystem      Size  Used Avail Use% Mounted on
/dev/nvme0n1    916G  717G  199G  79% /nvme/media
SOURCE       TARGET      FSTYPE OPTIONS
/dev/nvme0n1 /nvme/media ext4   rw,noatime,nodiratime

===== 2026-05-27 16:25:48 =====
[mounted] /dev/nvme0n1 -> /nvme/media
Filesystem      Size  Used Avail Use% Mounted on
/dev/nvme0n1    916G  716G  200G  79% /nvme/media
SOURCE       TARGET      FSTYPE OPTIONS
/dev/nvme0n1 /nvme/media ext4   rw,noatime,nodiratime

===== 2026-05-27 16:25:58 =====
[mounted] /dev/nvme0n1 -> /nvme/media
Filesystem      Size  Used Avail Use% Mounted on
/dev/nvme0n1    916G  715G  201G  79% /nvme/media
SOURCE       TARGET      FSTYPE OPTIONS
/dev/nvme0n1 /nvme/media ext4   rw,noatime,nodiratime

===== 2026-05-27 16:26:08 =====
[mounted] /dev/nvme0n1 -> /nvme/media
Filesystem      Size  Used Avail Use% Mounted on
/dev/nvme0n1    916G  714G  202G  78% /nvme/media
SOURCE       TARGET      FSTYPE OPTIONS
/dev/nvme0n1 /nvme/media ext4   rw,noatime,nodiratime

===== 2026-05-27 16:26:18 =====
[mounted] /dev/nvme0n1 -> /nvme/media
Filesystem      Size  Used Avail Use% Mounted on
/dev/nvme0n1    916G  713G  203G  78% /nvme/media
SOURCE       TARGET      FSTYPE OPTIONS
/dev/nvme0n1 /nvme/media ext4   rw,noatime,nodiratime

===== 2026-05-27 16:26:28 =====
[mounted] /dev/nvme0n1 -> /nvme/media
Filesystem      Size  Used Avail Use% Mounted on
/dev/nvme0n1    916G  712G  204G  78% /nvme/media
SOURCE       TARGET      FSTYPE OPTIONS
/dev/nvme0n1 /nvme/media ext4   rw,noatime,nodiratime

===== 2026-05-27 16:26:38 =====
[mounted] /dev/nvme0n1 -> /nvme/media
Filesystem      Size  Used Avail Use% Mounted on
/dev/nvme0n1    916G  711G  205G  78% /nvme/media
SOURCE       TARGET      FSTYPE OPTIONS
/dev/nvme0n1 /nvme/media ext4   rw,noatime,nodiratime

===== 2026-05-27 16:26:48 =====
[mounted] /dev/nvme0n1 -> /nvme/media
Filesystem      Size  Used Avail Use% Mounted on
/dev/nvme0n1    916G  710G  206G  78% /nvme/media
SOURCE       TARGET      FSTYPE OPTIONS
/dev/nvme0n1 /nvme/media ext4   rw,noatime,nodiratime

===== 2026-05-27 16:26:58 =====
[mounted] /dev/nvme0n1 -> /nvme/media
Filesystem      Size  Used Avail Use% Mounted on
/dev/nvme0n1    916G  709G  207G  78% /nvme/media
SOURCE       TARGET      FSTYPE OPTIONS
/dev/nvme0n1 /nvme/media ext4   rw,noatime,nodiratime

===== 2026-05-27 16:27:08 =====
[mounted] /dev/nvme0n1 -> /nvme/media
Filesystem      Size  Used Avail Use% Mounted on
/dev/nvme0n1    916G  708G  208G  78% /nvme/media
SOURCE       TARGET      FSTYPE OPTIONS
/dev/nvme0n1 /nvme/media ext4   rw,noatime,nodiratime

===== 2026-05-27 16:27:18 =====
[mounted] /dev/nvme0n1 -> /nvme/media
Filesystem      Size  Used Avail Use% Mounted on
/dev/nvme0n1    916G  707G  209G  78% /nvme/media
SOURCE       TARGET      FSTYPE OPTIONS
/dev/nvme0n1 /nvme/media ext4   rw,noatime,nodiratime

===== 2026-05-27 16:27:28 =====
[mounted] /dev/nvme0n1 -> /nvme/media
Filesystem      Size  Used Avail Use% Mounted on
/dev/nvme0n1    916G  706G  210G  78% /nvme/media
SOURCE       TARGET      FSTYPE OPTIONS
/dev/nvme0n1 /nvme/media ext4   rw,noatime,nodiratime

===== 2026-05-27 16:27:38 =====
[mounted] /dev/nvme0n1 -> /nvme/media
Filesystem      Size  Used Avail Use% Mounted on
/dev/nvme0n1    916G  706G  211G  77% /nvme/media
SOURCE       TARGET      FSTYPE OPTIONS
/dev/nvme0n1 /nvme/media ext4   rw,noatime,nodiratime

===== 2026-05-27 16:27:48 =====
[mounted] /dev/nvme0n1 -> /nvme/media
Filesystem      Size  Used Avail Use% Mounted on
/dev/nvme0n1    916G  704G  212G  77% /nvme/media
SOURCE       TARGET      FSTYPE OPTIONS
/dev/nvme0n1 /nvme/media ext4   rw,noatime,nodiratime

===== 2026-05-27 16:27:58 =====
[mounted] /dev/nvme0n1 -> /nvme/media
Filesystem      Size  Used Avail Use% Mounted on
/dev/nvme0n1    916G  703G  213G  77% /nvme/media
SOURCE       TARGET      FSTYPE OPTIONS
/dev/nvme0n1 /nvme/media ext4   rw,noatime,nodiratime

===== 2026-05-27 16:28:08 =====
[mounted] /dev/nvme0n1 -> /nvme/media
Filesystem      Size  Used Avail Use% Mounted on
/dev/nvme0n1    916G  702G  214G  77% /nvme/media
SOURCE       TARGET      FSTYPE OPTIONS
/dev/nvme0n1 /nvme/media ext4   rw,noatime,nodiratime

===== 2026-05-27 16:28:18 =====
[mounted] /dev/nvme0n1 -> /nvme/media
Filesystem      Size  Used Avail Use% Mounted on
/dev/nvme0n1    916G  701G  215G  77% /nvme/media
SOURCE       TARGET      FSTYPE OPTIONS
/dev/nvme0n1 /nvme/media ext4   rw,noatime,nodiratime

===== 2026-05-27 16:28:28 =====
[mounted] /dev/nvme0n1 -> /nvme/media
Filesystem      Size  Used Avail Use% Mounted on
/dev/nvme0n1    916G  700G  216G  77% /nvme/media
SOURCE       TARGET      FSTYPE OPTIONS
/dev/nvme0n1 /nvme/media ext4   rw,noatime,nodiratime

===== 2026-05-27 16:28:38 =====
[mounted] /dev/nvme0n1 -> /nvme/media
Filesystem      Size  Used Avail Use% Mounted on
/dev/nvme0n1    916G  700G  217G  77% /nvme/media
SOURCE       TARGET      FSTYPE OPTIONS
/dev/nvme0n1 /nvme/media ext4   rw,noatime,nodiratime

===== 2026-05-27 16:28:48 =====
[mounted] /dev/nvme0n1 -> /nvme/media
Filesystem      Size  Used Avail Use% Mounted on
/dev/nvme0n1    916G  699G  218G  77% /nvme/media
SOURCE       TARGET      FSTYPE OPTIONS
/dev/nvme0n1 /nvme/media ext4   rw,noatime,nodiratime

===== 2026-05-27 16:28:58 =====
[mounted] /dev/nvme0n1 -> /nvme/media
Filesystem      Size  Used Avail Use% Mounted on
/dev/nvme0n1    916G  698G  219G  77% /nvme/media
SOURCE       TARGET      FSTYPE OPTIONS
/dev/nvme0n1 /nvme/media ext4   rw,noatime,nodiratime

===== 2026-05-27 16:29:08 =====
[mounted] /dev/nvme0n1 -> /nvme/media
Filesystem      Size  Used Avail Use% Mounted on
/dev/nvme0n1    916G  697G  219G  77% /nvme/media
SOURCE       TARGET      FSTYPE OPTIONS
/dev/nvme0n1 /nvme/media ext4   rw,noatime,nodiratime

