[2026-05-27 22:30:10] start create base=/nvme/media/gc_exp/age_filler/age_20260527_223010_online_discard target=559419490304 (521.00GiB) sizes=[1073741824] weights=[1.0]
[2026-05-27 22:30:11] progress files=1 bytes=1073741824 (1.00GiB) rate=1.96GiB/s
[2026-05-27 22:30:42] progress files=15 bytes=16106127360 (15.00GiB) rate=483.13MiB/s
[2026-05-27 22:31:15] progress files=19 bytes=20401094656 (19.00GiB) rate=301.30MiB/s
[2026-05-27 22:31:47] progress files=23 bytes=24696061952 (23.00GiB) rate=243.95MiB/s
[2026-05-27 22:32:22] progress files=28 bytes=30064771072 (28.00GiB) rate=216.61MiB/s
[2026-05-27 22:32:56] progress files=33 bytes=35433480192 (33.00GiB) rate=203.06MiB/s
[2026-05-27 22:33:29] progress files=37 bytes=39728447488 (37.00GiB) rate=190.85MiB/s
[2026-05-27 22:34:00] progress files=41 bytes=44023414784 (41.00GiB) rate=182.71MiB/s
[2026-05-27 22:34:30] progress files=46 bytes=49392123904 (46.00GiB) rate=180.87MiB/s
[2026-05-27 22:35:07] progress files=51 bytes=54760833024 (51.00GiB) rate=176.14MiB/s
[2026-05-27 22:35:39] progress files=57 bytes=61203283968 (57.00GiB) rate=177.43MiB/s
[2026-05-27 22:36:11] progress files=63 bytes=67645734912 (63.00GiB) rate=178.92MiB/s
[2026-05-27 22:36:47] progress files=68 bytes=73014444032 (68.00GiB) rate=175.38MiB/s
[2026-05-27 22:37:23] progress files=74 bytes=79456894976 (74.00GiB) rate=175.13MiB/s
[2026-05-27 22:37:57] progress files=81 bytes=86973087744 (81.00GiB) rate=177.49MiB/s
[2026-05-27 22:38:31] progress files=87 bytes=93415538688 (87.00GiB) rate=177.67MiB/s
[2026-05-27 22:39:03] progress files=92 bytes=98784247808 (92.00GiB) rate=176.80MiB/s
[2026-05-27 22:39:40] progress files=99 bytes=106300440576 (99.00GiB) rate=177.86MiB/s
[2026-05-27 22:40:15] progress files=105 bytes=112742891520 (105.00GiB) rate=177.69MiB/s
[2026-05-27 22:40:48] progress files=111 bytes=119185342464 (111.00GiB) rate=178.31MiB/s
[2026-05-27 22:41:19] progress files=117 bytes=125627793408 (117.00GiB) rate=179.13MiB/s
[2026-05-27 22:41:50] progress files=123 bytes=132070244352 (123.00GiB) rate=180.05MiB/s
[2026-05-27 22:42:21] progress files=128 bytes=137438953472 (128.00GiB) rate=179.25MiB/s
[2026-05-27 22:42:51] progress files=133 bytes=142807662592 (133.00GiB) rate=178.89MiB/s
[2026-05-27 22:43:24] progress files=141 bytes=151397597184 (141.00GiB) rate=181.77MiB/s
[2026-05-27 22:43:56] progress files=147 bytes=157840048128 (147.00GiB) rate=182.35MiB/s
[2026-05-27 22:44:26] progress files=153 bytes=164282499072 (153.00GiB) rate=183.07MiB/s
[2026-05-27 22:44:59] progress files=159 bytes=170724950016 (159.00GiB) rate=183.07MiB/s
[2026-05-27 22:45:31] progress files=165 bytes=177167400960 (165.00GiB) rate=183.39MiB/s
[2026-05-27 22:46:05] progress files=172 bytes=184683593728 (172.00GiB) rate=184.50MiB/s
[2026-05-27 22:46:40] progress files=179 bytes=192199786496 (179.00GiB) rate=185.16MiB/s
[2026-05-27 22:47:13] progress files=185 bytes=198642237440 (185.00GiB) rate=185.23MiB/s
[2026-05-27 22:47:43] progress files=190 bytes=204010946560 (190.00GiB) rate=184.72MiB/s
[2026-05-27 22:48:14] progress files=195 bytes=209379655680 (195.00GiB) rate=184.25MiB/s
[2026-05-27 22:48:46] progress files=200 bytes=214748364800 (200.00GiB) rate=183.46MiB/s
[2026-05-27 22:49:19] progress files=206 bytes=221190815744 (206.00GiB) rate=183.64MiB/s
[2026-05-27 22:49:52] progress files=211 bytes=226559524864 (211.00GiB) rate=182.81MiB/s
[2026-05-27 22:50:23] progress files=216 bytes=231928233984 (216.00GiB) rate=182.33MiB/s
[2026-05-27 22:50:58] progress files=221 bytes=237296943104 (221.00GiB) rate=181.38MiB/s
[2026-05-27 22:51:31] progress files=230 bytes=246960619520 (230.00GiB) rate=183.90MiB/s
[2026-05-27 22:52:02] progress files=239 bytes=256624295936 (239.00GiB) rate=186.51MiB/s
[2026-05-27 22:52:37] progress files=246 bytes=264140488704 (246.00GiB) rate=186.98MiB/s
[2026-05-27 22:53:08] progress files=253 bytes=271656681472 (253.00GiB) rate=187.96MiB/s
[2026-05-27 22:53:39] progress files=260 bytes=279172874240 (260.00GiB) rate=188.92MiB/s
[2026-05-27 22:54:11] progress files=267 bytes=286689067008 (267.00GiB) rate=189.75MiB/s
[2026-05-27 22:54:45] progress files=275 bytes=295279001600 (275.00GiB) rate=190.97MiB/s
[2026-05-27 22:55:18] progress files=283 bytes=303868936192 (283.00GiB) rate=192.15MiB/s
[2026-05-27 22:55:50] progress files=289 bytes=310311387136 (289.00GiB) rate=192.22MiB/s
[2026-05-27 22:56:24] progress files=295 bytes=316753838080 (295.00GiB) rate=191.97MiB/s
[2026-05-27 22:57:01] progress files=301 bytes=323196289024 (301.00GiB) rate=191.39MiB/s
[2026-05-27 22:57:32] progress files=309 bytes=331786223616 (309.00GiB) rate=192.68MiB/s
[2026-05-27 22:58:07] progress files=314 bytes=337154932736 (314.00GiB) rate=191.77MiB/s
[2026-05-27 22:58:48] progress files=322 bytes=345744867328 (322.00GiB) rate=191.94MiB/s
[2026-05-27 22:59:20] progress files=329 bytes=353261060096 (329.00GiB) rate=192.56MiB/s
[2026-05-27 22:59:54] progress files=335 bytes=359703511040 (335.00GiB) rate=192.30MiB/s
[2026-05-27 23:00:25] progress files=341 bytes=366145961984 (341.00GiB) rate=192.37MiB/s
[2026-05-27 23:01:03] progress files=348 bytes=373662154752 (348.00GiB) rate=192.35MiB/s
[2026-05-27 23:01:35] progress files=354 bytes=380104605696 (354.00GiB) rate=192.30MiB/s
[2026-05-27 23:02:06] progress files=358 bytes=384399572992 (358.00GiB) rate=191.30MiB/s
[2026-05-27 23:02:37] progress files=364 bytes=390842023936 (364.00GiB) rate=191.49MiB/s
[2026-05-27 23:03:11] progress files=370 bytes=397284474880 (370.00GiB) rate=191.28MiB/s
[2026-05-27 23:03:44] progress files=376 bytes=403726925824 (376.00GiB) rate=191.20MiB/s
[2026-05-27 23:04:19] progress files=382 bytes=410169376768 (382.00GiB) rate=190.93MiB/s
[2026-05-27 23:04:52] progress files=387 bytes=415538085888 (387.00GiB) rate=190.37MiB/s
[2026-05-27 23:05:24] progress files=392 bytes=420906795008 (392.00GiB) rate=189.91MiB/s
[2026-05-27 23:05:57] progress files=398 bytes=427349245952 (398.00GiB) rate=189.81MiB/s
[2026-05-27 23:06:32] progress files=403 bytes=432717955072 (403.00GiB) rate=189.14MiB/s
[2026-05-27 23:07:05] progress files=409 bytes=439160406016 (409.00GiB) rate=189.07MiB/s
[2026-05-27 23:07:37] progress files=416 bytes=446676598784 (416.00GiB) rate=189.56MiB/s
[2026-05-27 23:08:07] progress files=421 bytes=452045307904 (421.00GiB) rate=189.30MiB/s
[2026-05-27 23:08:38] progress files=428 bytes=459561500672 (428.00GiB) rate=189.87MiB/s
[2026-05-27 23:09:10] progress files=434 bytes=466003951616 (434.00GiB) rate=189.94MiB/s
[2026-05-27 23:09:43] progress files=444 bytes=476741369856 (444.00GiB) rate=191.56MiB/s
[2026-05-27 23:10:16] progress files=452 bytes=485331304448 (452.00GiB) rate=192.36MiB/s
[2026-05-27 23:10:49] progress files=463 bytes=497142464512 (463.00GiB) rate=194.36MiB/s
[2026-05-27 23:11:22] progress files=472 bytes=506806140928 (472.00GiB) rate=195.49MiB/s
[2026-05-27 23:11:58] progress files=482 bytes=517543559168 (482.00GiB) rate=196.80MiB/s
[2026-05-27 23:12:29] progress files=492 bytes=528280977408 (492.00GiB) rate=198.43MiB/s
[2026-05-27 23:13:00] progress files=504 bytes=541165879296 (504.00GiB) rate=200.82MiB/s
[2026-05-27 23:13:31] progress files=512 bytes=549755813888 (512.00GiB) rate=201.57MiB/s
[2026-05-27 23:14:04] progress files=519 bytes=557272006656 (519.00GiB) rate=201.75MiB/s
[2026-05-27 23:14:13] sync created files
[2026-05-27 23:14:18] done files=521 bytes=559419490304 (521.00GiB) elapsed=2647.75s stop_reason=target_reached
