[2026-05-27 22:30:10] initial fs_source=/dev/nvme0n1 fs_target=/nvme/media fs_fstype=ext4 fs_avail=933324070912 fs_avail_human=869.23GiB
Filesystem      Size  Used Avail Use% Mounted on
/dev/nvme0n1    916G   48K  870G   1% /nvme/media
SOURCE       TARGET      FSTYPE OPTIONS
/dev/nvme0n1 /nvme/media ext4   rw,noatime,nodiratime,stripe=32
[2026-05-27 22:30:10] after_remount fs_source=/dev/nvme0n1 fs_target=/nvme/media fs_fstype=ext4 fs_avail=933324070912 fs_avail_human=869.23GiB
Filesystem      Size  Used Avail Use% Mounted on
/dev/nvme0n1    916G   48K  870G   1% /nvme/media
SOURCE       TARGET      FSTYPE OPTIONS
/dev/nvme0n1 /nvme/media ext4   rw,noatime,nodiratime,discard,stripe=32
[2026-05-27 23:14:18] after_age fs_source=/dev/nvme0n1 fs_target=/nvme/media fs_fstype=ext4 fs_avail=373902405632 fs_avail_human=348.22GiB
Filesystem      Size  Used Avail Use% Mounted on
/dev/nvme0n1    916G  522G  349G  60% /nvme/media
SOURCE       TARGET      FSTYPE OPTIONS
/dev/nvme0n1 /nvme/media ext4   rw,noatime,nodiratime,discard,stripe=32
[2026-05-27 23:27:32] filebench_running data_dir=/nvme/media/gc_exp/20260527_223010_online_discard_data fb_files=131258 fb_bytes=137654738563 work_files=27746 work_bytes=107376041984 age_bytes=559419531264 fs_avail=128878620672 fs_avail_human=120.03GiB
[2026-05-27 23:27:32] filebench_running fs_source=/dev/nvme0n1 fs_target=/nvme/media fs_fstype=ext4 fs_avail=128860082176 fs_avail_human=120.01GiB
Filesystem      Size  Used Avail Use% Mounted on
/dev/nvme0n1    916G  750G  121G  87% /nvme/media
SOURCE       TARGET      FSTYPE OPTIONS
/dev/nvme0n1 /nvme/media ext4   rw,noatime,nodiratime,discard,stripe=32
[2026-05-27 23:27:32] work_ready data_dir=/nvme/media/gc_exp/20260527_223010_online_discard_data fb_files=131260 fb_bytes=137654625537 work_files=27746 work_bytes=107376041984 age_bytes=559419531264 fs_avail=128863952896 fs_avail_human=120.01GiB
[2026-05-27 23:27:32] work_ready fs_source=/dev/nvme0n1 fs_target=/nvme/media fs_fstype=ext4 fs_avail=128863838208 fs_avail_human=120.01GiB
Filesystem      Size  Used Avail Use% Mounted on
/dev/nvme0n1    916G  750G  121G  87% /nvme/media
SOURCE       TARGET      FSTYPE OPTIONS
/dev/nvme0n1 /nvme/media ext4   rw,noatime,nodiratime,discard,stripe=32
[2026-05-27 23:27:32] measurement_begin mount_opt=discard discard_state=on data_dir=/nvme/media/gc_exp/20260527_223010_online_discard_data
[2026-05-27 23:42:34] after_run data_dir=/nvme/media/gc_exp/20260527_223010_online_discard_data fb_files=131259 fb_bytes=138461843058 work_files=2815 work_bytes=11012956160 age_bytes=559419531264 fs_avail=224276676608 fs_avail_human=208.87GiB
[2026-05-27 23:42:34] after_run fs_source=/dev/nvme0n1 fs_target=/nvme/media fs_fstype=ext4 fs_avail=224276676608 fs_avail_human=208.87GiB
Filesystem      Size  Used Avail Use% Mounted on
/dev/nvme0n1    916G  661G  209G  76% /nvme/media
SOURCE       TARGET      FSTYPE OPTIONS
/dev/nvme0n1 /nvme/media ext4   rw,noatime,nodiratime,discard,stripe=32
