[2026-05-27 23:27:33] start delete entries=27746 rate=6442450944/min (6.00GiB/min) runtime=900.0s watch_pid=7893 progress_sec=10.0
[2026-05-27 23:27:33] progress deleted_files=1 deleted_bytes=4194304 (4.00MiB) elapsed=0.00s
[2026-05-27 23:27:43] progress deleted_files=309 deleted_bytes=1091567616 (1.02GiB) elapsed=10.10s
[2026-05-27 23:27:53] progress deleted_files=556 deleted_bytes=2162163712 (2.01GiB) elapsed=20.14s
[2026-05-27 23:28:03] progress deleted_files=875 deleted_bytes=3254779904 (3.03GiB) elapsed=30.25s
[2026-05-27 23:28:13] progress deleted_files=1155 deleted_bytes=4328521728 (4.03GiB) elapsed=40.29s
[2026-05-27 23:28:23] progress deleted_files=1397 deleted_bytes=5409603584 (5.04GiB) elapsed=50.35s
[2026-05-27 23:28:33] progress deleted_files=1682 deleted_bytes=6485442560 (6.04GiB) elapsed=60.39s
[2026-05-27 23:28:43] progress deleted_files=1969 deleted_bytes=7563378688 (7.04GiB) elapsed=70.44s
[2026-05-27 23:28:53] progress deleted_files=2270 deleted_bytes=8678014976 (8.08GiB) elapsed=80.88s
[2026-05-27 23:29:04] progress deleted_files=2541 deleted_bytes=9833545728 (9.16GiB) elapsed=91.45s
[2026-05-27 23:29:15] progress deleted_files=2835 deleted_bytes=10943987712 (10.19GiB) elapsed=101.92s
[2026-05-27 23:29:25] progress deleted_files=3090 deleted_bytes=12054429696 (11.23GiB) elapsed=112.25s
[2026-05-27 23:29:35] progress deleted_files=3373 deleted_bytes=13140754432 (12.24GiB) elapsed=122.38s
[2026-05-27 23:29:45] progress deleted_files=3632 deleted_bytes=14239662080 (13.26GiB) elapsed=132.49s
[2026-05-27 23:29:55] progress deleted_files=3939 deleted_bytes=15338569728 (14.29GiB) elapsed=142.77s
[2026-05-27 23:30:05] progress deleted_files=4227 deleted_bytes=16423845888 (15.30GiB) elapsed=152.84s
[2026-05-27 23:30:16] progress deleted_files=4497 deleted_bytes=17518559232 (16.32GiB) elapsed=163.04s
[2026-05-27 23:30:26] progress deleted_files=4790 deleted_bytes=18621661184 (17.34GiB) elapsed=173.36s
[2026-05-27 23:30:36] progress deleted_files=5083 deleted_bytes=19734200320 (18.38GiB) elapsed=183.79s
[2026-05-27 23:30:47] progress deleted_files=5368 deleted_bytes=20844642304 (19.41GiB) elapsed=194.14s
[2026-05-27 23:30:57] progress deleted_files=5666 deleted_bytes=21937258496 (20.43GiB) elapsed=204.31s
[2026-05-27 23:31:07] progress deleted_files=5934 deleted_bytes=23042457600 (21.46GiB) elapsed=214.57s
[2026-05-27 23:31:17] progress deleted_files=6221 deleted_bytes=24154996736 (22.50GiB) elapsed=224.87s
[2026-05-27 23:31:28] progress deleted_files=6525 deleted_bytes=25272778752 (23.54GiB) elapsed=235.34s
[2026-05-27 23:31:38] progress deleted_files=6794 deleted_bytes=26385317888 (24.57GiB) elapsed=245.70s
[2026-05-27 23:31:49] progress deleted_files=7044 deleted_bytes=27474788352 (25.59GiB) elapsed=255.92s
[2026-05-27 23:31:59] progress deleted_files=7352 deleted_bytes=28568453120 (26.61GiB) elapsed=266.06s
[2026-05-27 23:32:09] progress deleted_files=7642 deleted_bytes=29665263616 (27.63GiB) elapsed=276.27s
[2026-05-27 23:32:19] progress deleted_files=7910 deleted_bytes=30757879808 (28.65GiB) elapsed=286.35s
[2026-05-27 23:32:29] progress deleted_files=8195 deleted_bytes=31858884608 (29.67GiB) elapsed=296.69s
[2026-05-27 23:32:40] progress deleted_files=8503 deleted_bytes=33018609664 (30.75GiB) elapsed=307.59s
[2026-05-27 23:32:51] progress deleted_files=8759 deleted_bytes=34142683136 (31.80GiB) elapsed=317.99s
[2026-05-27 23:33:01] progress deleted_files=9063 deleted_bytes=35279339520 (32.86GiB) elapsed=328.61s
[2026-05-27 23:33:12] progress deleted_files=9383 deleted_bytes=36417044480 (33.92GiB) elapsed=339.21s
[2026-05-27 23:33:22] progress deleted_files=9655 deleted_bytes=37529583616 (34.95GiB) elapsed=349.51s
[2026-05-27 23:33:32] progress deleted_files=9908 deleted_bytes=38628491264 (35.98GiB) elapsed=359.77s
[2026-05-27 23:33:42] progress deleted_files=10195 deleted_bytes=39715864576 (36.99GiB) elapsed=369.87s
[2026-05-27 23:33:53] progress deleted_files=10477 deleted_bytes=40832598016 (38.03GiB) elapsed=380.18s
[2026-05-27 23:34:03] progress deleted_files=10753 deleted_bytes=41908436992 (39.03GiB) elapsed=390.31s
[2026-05-27 23:34:13] progress deleted_files=11058 deleted_bytes=43017830400 (40.06GiB) elapsed=400.63s
[2026-05-27 23:34:23] progress deleted_files=11354 deleted_bytes=44111495168 (41.08GiB) elapsed=410.83s
[2026-05-27 23:34:34] progress deleted_files=11616 deleted_bytes=45226131456 (42.12GiB) elapsed=421.28s
[2026-05-27 23:34:44] progress deleted_files=11906 deleted_bytes=46351253504 (43.17GiB) elapsed=431.67s
[2026-05-27 23:34:54] progress deleted_files=12207 deleted_bytes=47453306880 (44.19GiB) elapsed=441.89s
[2026-05-27 23:35:05] progress deleted_files=12496 deleted_bytes=48561651712 (45.23GiB) elapsed=452.24s
[2026-05-27 23:35:15] progress deleted_files=12774 deleted_bytes=49671045120 (46.26GiB) elapsed=462.49s
[2026-05-27 23:35:25] progress deleted_files=13085 deleted_bytes=50767855616 (47.28GiB) elapsed=472.84s
[2026-05-27 23:35:36] progress deleted_files=13376 deleted_bytes=51872006144 (48.31GiB) elapsed=483.09s
[2026-05-27 23:35:46] progress deleted_files=13643 deleted_bytes=53001322496 (49.36GiB) elapsed=493.52s
[2026-05-27 23:35:57] progress deleted_files=13922 deleted_bytes=54130638848 (50.41GiB) elapsed=504.13s
[2026-05-27 23:36:07] progress deleted_files=14214 deleted_bytes=55229546496 (51.44GiB) elapsed=514.36s
[2026-05-27 23:36:17] progress deleted_files=14478 deleted_bytes=56346279936 (52.48GiB) elapsed=524.76s
[2026-05-27 23:36:28] progress deleted_files=14781 deleted_bytes=57507053568 (53.56GiB) elapsed=535.59s
[2026-05-27 23:36:38] progress deleted_files=15042 deleted_bytes=58620641280 (54.59GiB) elapsed=545.88s
[2026-05-27 23:36:49] progress deleted_files=15324 deleted_bytes=59718500352 (55.62GiB) elapsed=556.18s
[2026-05-27 23:36:59] progress deleted_files=15639 deleted_bytes=60866691072 (56.69GiB) elapsed=566.78s
[2026-05-27 23:37:10] progress deleted_files=15929 deleted_bytes=61969793024 (57.71GiB) elapsed=577.20s
[2026-05-27 23:37:20] progress deleted_files=16227 deleted_bytes=63103303680 (58.77GiB) elapsed=587.71s
[2026-05-27 23:37:31] progress deleted_files=16578 deleted_bytes=64229474304 (59.82GiB) elapsed=598.31s
[2026-05-27 23:37:41] progress deleted_files=16863 deleted_bytes=65358790656 (60.87GiB) elapsed=608.72s
[2026-05-27 23:37:52] progress deleted_files=17127 deleted_bytes=66478669824 (61.91GiB) elapsed=619.15s
[2026-05-27 23:38:03] progress deleted_files=17459 deleted_bytes=67644686336 (63.00GiB) elapsed=629.99s
[2026-05-27 23:38:13] progress deleted_files=17755 deleted_bytes=68779245568 (64.06GiB) elapsed=640.57s
[2026-05-27 23:38:24] progress deleted_files=18062 deleted_bytes=69903319040 (65.10GiB) elapsed=650.93s
[2026-05-27 23:38:34] progress deleted_files=18390 deleted_bytes=70992789504 (66.12GiB) elapsed=661.13s
[2026-05-27 23:38:44] progress deleted_files=18651 deleted_bytes=72100085760 (67.15GiB) elapsed=671.47s
[2026-05-27 23:38:54] progress deleted_files=18927 deleted_bytes=73194799104 (68.17GiB) elapsed=681.69s
[2026-05-27 23:39:04] progress deleted_files=19209 deleted_bytes=74289512448 (69.19GiB) elapsed=691.88s
[2026-05-27 23:39:15] progress deleted_files=19499 deleted_bytes=75414634496 (70.24GiB) elapsed=702.34s
[2026-05-27 23:39:25] progress deleted_files=19763 deleted_bytes=76518785024 (71.26GiB) elapsed=712.61s
[2026-05-27 23:39:36] progress deleted_files=20017 deleted_bytes=77631324160 (72.30GiB) elapsed=723.04s
[2026-05-27 23:39:46] progress deleted_files=20301 deleted_bytes=78756446208 (73.35GiB) elapsed=733.42s
[2026-05-27 23:39:56] progress deleted_files=20565 deleted_bytes=79857451008 (74.37GiB) elapsed=743.61s
[2026-05-27 23:40:07] progress deleted_files=20890 deleted_bytes=80953212928 (75.39GiB) elapsed=754.09s
[2026-05-27 23:40:17] progress deleted_files=21162 deleted_bytes=82062606336 (76.43GiB) elapsed=764.28s
[2026-05-27 23:40:27] progress deleted_files=21445 deleted_bytes=83148931072 (77.44GiB) elapsed=774.38s
[2026-05-27 23:40:37] progress deleted_files=21718 deleted_bytes=84249935872 (78.46GiB) elapsed=784.61s
[2026-05-27 23:40:48] progress deleted_files=21999 deleted_bytes=85349892096 (79.49GiB) elapsed=794.95s
[2026-05-27 23:40:58] progress deleted_files=22297 deleted_bytes=86455091200 (80.52GiB) elapsed=805.15s
[2026-05-27 23:41:08] progress deleted_files=22572 deleted_bytes=87548755968 (81.54GiB) elapsed=815.37s
[2026-05-27 23:41:18] progress deleted_files=22876 deleted_bytes=88666537984 (82.58GiB) elapsed=825.77s
[2026-05-27 23:41:29] progress deleted_files=23122 deleted_bytes=89767542784 (83.60GiB) elapsed=835.99s
[2026-05-27 23:41:39] progress deleted_files=23406 deleted_bytes=90873790464 (84.63GiB) elapsed=846.31s
[2026-05-27 23:41:49] progress deleted_files=23717 deleted_bytes=91976892416 (85.66GiB) elapsed=856.59s
[2026-05-27 23:41:59] progress deleted_files=23989 deleted_bytes=93064265728 (86.67GiB) elapsed=866.74s
[2026-05-27 23:42:09] progress deleted_files=24316 deleted_bytes=94155833344 (87.69GiB) elapsed=876.90s
[2026-05-27 23:42:20] progress deleted_files=24631 deleted_bytes=95258935296 (88.72GiB) elapsed=887.12s
[2026-05-27 23:42:30] progress deleted_files=24931 deleted_bytes=96363085824 (89.75GiB) elapsed=897.34s
[2026-05-27 23:42:31] sync after deletion
[2026-05-27 23:42:31] done deleted_files=24931 deleted_bytes=96363085824 (89.75GiB) elapsed=898.70s stop_reason=watch_pid_exit
