Filebench Version 1.5-alpha3
0.000: Allocated 177MB of shared memory
0.005: Populating and pre-allocating filesets
0.060: fbset0 populated: 163840 files, avg. dir. width = 64, avg. dir. depth = 2.9, 0 leafdirs, 163840.000MB total size
0.060: Removing fbset0 tree (if exists)
0.062: Pre-allocating directories in fbset0 tree
0.114: Pre-allocating files in fbset0 tree
790.425: Waiting for pre-allocation to finish (in case of a parallel pre-allocation)
790.425: Population and pre-allocation of filesets completed
790.425: Starting 1 fbproc0 instances
791.433: Running...
1691.527: Run took 900 seconds...
1691.531: Per-Operation Breakdown
delete0              143299ops      159ops/s   0.0mb/s    0.645ms/op [0.016ms - 197.205ms]
stat0                143299ops      159ops/s   0.0mb/s    0.294ms/op [0.002ms - 227.589ms]
close_append0        143299ops      159ops/s   0.0mb/s    0.007ms/op [0.001ms - 7.456ms]
append0              143299ops      159ops/s   1.2mb/s    3.093ms/op [0.007ms - 611.517ms]
open_append0         143300ops      159ops/s   0.0mb/s    0.645ms/op [0.003ms - 195.871ms]
close_read0          143300ops      159ops/s   0.0mb/s    0.008ms/op [0.001ms - 11.801ms]
read0                143300ops      159ops/s 159.5mb/s   16.552ms/op [0.133ms - 566.760ms]
open_read0           143301ops      159ops/s   0.0mb/s    0.639ms/op [0.004ms - 243.401ms]
close_create0        143301ops      159ops/s   0.0mb/s    0.009ms/op [0.001ms - 11.790ms]
write0               143301ops      159ops/s 159.2mb/s   76.734ms/op [0.503ms - 1426.064ms]
create0              143315ops      159ops/s   0.0mb/s    1.758ms/op [0.014ms - 173.991ms]
1691.531: IO Summary: 1576314 ops 1751.276 ops/s 159/318 rd/wr 320.0mb/s 9.126ms/op
1691.531: Shutting down processes
