[2026-05-27 23:14:18] start create base=/nvme/media/gc_exp/20260527_223010_online_discard_data/work target=107374182400 (100.00GiB) sizes=[1048576, 4194304, 16777216] weights=[5.0, 3.0, 1.0]
[2026-05-27 23:14:18] progress files=1 bytes=4194304 (4.00MiB) rate=945.42MiB/s
[2026-05-27 23:14:28] progress files=642 bytes=2472542208 (2.30GiB) rate=235.11MiB/s
[2026-05-27 23:14:38] progress files=968 bytes=3808428032 (3.55GiB) rate=180.96MiB/s
[2026-05-27 23:14:48] progress files=1249 bytes=4851761152 (4.52GiB) rate=153.72MiB/s
[2026-05-27 23:14:58] progress files=1872 bytes=7055867904 (6.57GiB) rate=167.46MiB/s
[2026-05-27 23:15:08] progress files=2116 bytes=8139046912 (7.58GiB) rate=154.65MiB/s
[2026-05-27 23:15:18] progress files=2506 bytes=9626976256 (8.97GiB) rate=152.38MiB/s
[2026-05-27 23:15:28] progress files=2893 bytes=11155800064 (10.39GiB) rate=151.30MiB/s
[2026-05-27 23:15:39] progress files=3278 bytes=12629049344 (11.76GiB) rate=148.53MiB/s
[2026-05-27 23:15:49] progress files=3728 bytes=14418968576 (13.43GiB) rate=150.87MiB/s
[2026-05-27 23:15:59] progress files=4112 bytes=15888023552 (14.80GiB) rate=149.77MiB/s
[2026-05-27 23:16:09] progress files=4455 bytes=17178820608 (16.00GiB) rate=147.32MiB/s
[2026-05-27 23:16:19] progress files=4679 bytes=18077450240 (16.84GiB) rate=142.21MiB/s
[2026-05-27 23:16:29] progress files=4951 bytes=19183697920 (17.87GiB) rate=139.36MiB/s
[2026-05-27 23:16:39] progress files=5241 bytes=20356005888 (18.96GiB) rate=137.40MiB/s
[2026-05-27 23:16:49] progress files=5694 bytes=21960327168 (20.45GiB) rate=138.35MiB/s
[2026-05-27 23:16:59] progress files=6078 bytes=23410507776 (21.80GiB) rate=138.32MiB/s
[2026-05-27 23:17:09] progress files=6365 bytes=24554504192 (22.87GiB) rate=136.61MiB/s
[2026-05-27 23:17:19] progress files=6648 bytes=25562185728 (23.81GiB) rate=134.35MiB/s
[2026-05-27 23:17:29] progress files=6959 bytes=26753368064 (24.92GiB) rate=133.26MiB/s
[2026-05-27 23:17:40] progress files=7203 bytes=27767341056 (25.86GiB) rate=131.29MiB/s
[2026-05-27 23:17:50] progress files=7576 bytes=29180821504 (27.18GiB) rate=131.42MiB/s
[2026-05-27 23:18:00] progress files=7860 bytes=30327963648 (28.25GiB) rate=130.43MiB/s
[2026-05-27 23:18:10] progress files=8171 bytes=31547457536 (29.38GiB) rate=129.81MiB/s
[2026-05-27 23:18:20] progress files=8736 bytes=33778827264 (31.46GiB) rate=133.12MiB/s
[2026-05-27 23:18:30] progress files=9211 bytes=35708207104 (33.26GiB) rate=135.10MiB/s
[2026-05-27 23:18:40] progress files=9643 bytes=37334548480 (34.77GiB) rate=135.83MiB/s
[2026-05-27 23:18:50] progress files=10335 bytes=39815479296 (37.08GiB) rate=139.52MiB/s
[2026-05-27 23:19:00] progress files=10847 bytes=41585475584 (38.73GiB) rate=140.55MiB/s
[2026-05-27 23:19:10] progress files=11254 bytes=43132125184 (40.17GiB) rate=140.78MiB/s
[2026-05-27 23:19:21] progress files=11604 bytes=44688211968 (41.62GiB) rate=140.74MiB/s
[2026-05-27 23:19:31] progress files=12220 bytes=47001370624 (43.77GiB) rate=143.26MiB/s
[2026-05-27 23:19:41] progress files=12593 bytes=48546971648 (45.21GiB) rate=143.28MiB/s
[2026-05-27 23:19:51] progress files=13038 bytes=50142904320 (46.70GiB) rate=143.54MiB/s
[2026-05-27 23:20:02] progress files=13404 bytes=51624542208 (48.08GiB) rate=143.14MiB/s
[2026-05-27 23:20:12] progress files=14197 bytes=54529097728 (50.78GiB) rate=146.89MiB/s
[2026-05-27 23:20:22] progress files=14528 bytes=56005492736 (52.16GiB) rate=146.70MiB/s
[2026-05-27 23:20:32] progress files=14915 bytes=57465110528 (53.52GiB) rate=146.49MiB/s
[2026-05-27 23:20:42] progress files=15185 bytes=58610155520 (54.58GiB) rate=145.51MiB/s
[2026-05-27 23:20:52] progress files=15563 bytes=60110667776 (55.98GiB) rate=145.45MiB/s
[2026-05-27 23:21:02] progress files=16037 bytes=61982375936 (57.73GiB) rate=146.18MiB/s
[2026-05-27 23:21:12] progress files=16412 bytes=63460868096 (59.10GiB) rate=146.00MiB/s
[2026-05-27 23:21:23] progress files=16932 bytes=65534951424 (61.03GiB) rate=147.22MiB/s
[2026-05-27 23:21:33] progress files=17452 bytes=67564994560 (62.92GiB) rate=148.28MiB/s
[2026-05-27 23:21:43] progress files=17752 bytes=68719476736 (64.00GiB) rate=147.32MiB/s
[2026-05-27 23:21:53] progress files=18280 bytes=70644662272 (65.79GiB) rate=148.04MiB/s
[2026-05-27 23:22:03] progress files=18668 bytes=71995228160 (67.05GiB) rate=147.59MiB/s
[2026-05-27 23:22:13] progress files=18971 bytes=73206333440 (68.18GiB) rate=146.90MiB/s
[2026-05-27 23:22:23] progress files=19369 bytes=74655465472 (69.53GiB) rate=146.72MiB/s
[2026-05-27 23:22:33] progress files=20175 bytes=77620838400 (72.29GiB) rate=149.46MiB/s
[2026-05-27 23:22:43] progress files=20577 bytes=79124496384 (73.69GiB) rate=149.34MiB/s
[2026-05-27 23:22:53] progress files=21093 bytes=81018224640 (75.45GiB) rate=149.94MiB/s
[2026-05-27 23:23:03] progress files=21600 bytes=83116425216 (77.41GiB) rate=150.88MiB/s
[2026-05-27 23:23:14] progress files=21904 bytes=84356890624 (78.56GiB) rate=150.21MiB/s
[2026-05-27 23:23:24] progress files=22199 bytes=85515567104 (79.64GiB) rate=149.48MiB/s
[2026-05-27 23:23:34] progress files=22648 bytes=87172317184 (81.19GiB) rate=149.63MiB/s
[2026-05-27 23:23:44] progress files=22915 bytes=88257593344 (82.20GiB) rate=148.80MiB/s
[2026-05-27 23:23:54] progress files=23209 bytes=89471844352 (83.33GiB) rate=148.22MiB/s
[2026-05-27 23:24:04] progress files=23486 bytes=90605355008 (84.38GiB) rate=147.53MiB/s
[2026-05-27 23:24:14] progress files=23789 bytes=91832188928 (85.53GiB) rate=146.99MiB/s
[2026-05-27 23:24:24] progress files=24125 bytes=93200580608 (86.80GiB) rate=146.68MiB/s
[2026-05-27 23:24:34] progress files=24510 bytes=94812241920 (88.30GiB) rate=146.79MiB/s
[2026-05-27 23:24:44] progress files=24723 bytes=95661588480 (89.09GiB) rate=145.70MiB/s
[2026-05-27 23:24:54] progress files=25319 bytes=97890861056 (91.17GiB) rate=146.70MiB/s
[2026-05-27 23:25:06] progress files=25551 bytes=98882813952 (92.09GiB) rate=145.55MiB/s
[2026-05-27 23:25:17] progress files=26109 bytes=101028200448 (94.09GiB) rate=146.30MiB/s
[2026-05-27 23:25:27] progress files=26386 bytes=102070484992 (95.06GiB) rate=145.51MiB/s
[2026-05-27 23:25:38] progress files=26690 bytes=103354990592 (96.26GiB) rate=145.00MiB/s
[2026-05-27 23:25:48] progress files=26989 bytes=104473821184 (97.30GiB) rate=144.43MiB/s
[2026-05-27 23:25:58] progress files=27376 bytes=106065559552 (98.78GiB) rate=144.53MiB/s
[2026-05-27 23:26:02] sync created files
[2026-05-27 23:26:02] done files=27746 bytes=107374182400 (100.00GiB) elapsed=704.13s stop_reason=target_reached
