[2026-05-27 15:50:10] initial fs_source=/dev/nvme0n1 fs_target=/nvme/media fs_fstype=ext4 fs_avail=983334313984 fs_avail_human=915.80GiB
Filesystem      Size  Used Avail Use% Mounted on
/dev/nvme0n1    916G   48K  916G   1% /nvme/media
SOURCE       TARGET      FSTYPE OPTIONS
/dev/nvme0n1 /nvme/media ext4   rw,noatime,nodiratime
[2026-05-27 15:50:10] after_remount fs_source=/dev/nvme0n1 fs_target=/nvme/media fs_fstype=ext4 fs_avail=983334313984 fs_avail_human=915.80GiB
Filesystem      Size  Used Avail Use% Mounted on
/dev/nvme0n1    916G   48K  916G   1% /nvme/media
SOURCE       TARGET      FSTYPE OPTIONS
/dev/nvme0n1 /nvme/media ext4   rw,noatime,nodiratime
[2026-05-27 16:08:12] after_age fs_source=/dev/nvme0n1 fs_target=/nvme/media fs_fstype=ext4 fs_avail=412101447680 fs_avail_human=383.80GiB
Filesystem      Size  Used Avail Use% Mounted on
/dev/nvme0n1    916G  533G  384G  59% /nvme/media
SOURCE       TARGET      FSTYPE OPTIONS
/dev/nvme0n1 /nvme/media ext4   rw,noatime,nodiratime
[2026-05-27 16:14:00] filebench_running data_dir=/nvme/media/gc_exp/20260527_155009_nodiscard_data fb_files=156955 fb_bytes=164511796107 work_files=27746 work_bytes=107376041984 age_bytes=571230691328 fs_avail=140211740672 fs_avail_human=130.58GiB
[2026-05-27 16:14:00] filebench_running fs_source=/dev/nvme0n1 fs_target=/nvme/media fs_fstype=ext4 fs_avail=140198559744 fs_avail_human=130.57GiB
Filesystem      Size  Used Avail Use% Mounted on
/dev/nvme0n1    916G  786G  131G  86% /nvme/media
SOURCE       TARGET      FSTYPE OPTIONS
/dev/nvme0n1 /nvme/media ext4   rw,noatime,nodiratime
[2026-05-27 16:14:01] work_ready data_dir=/nvme/media/gc_exp/20260527_155009_nodiscard_data fb_files=156872 fb_bytes=164387787977 work_files=27746 work_bytes=107376041984 age_bytes=571230691328 fs_avail=140196769792 fs_avail_human=130.57GiB
[2026-05-27 16:14:01] work_ready fs_source=/dev/nvme0n1 fs_target=/nvme/media fs_fstype=ext4 fs_avail=140188266496 fs_avail_human=130.56GiB
Filesystem      Size  Used Avail Use% Mounted on
/dev/nvme0n1    916G  786G  131G  86% /nvme/media
SOURCE       TARGET      FSTYPE OPTIONS
/dev/nvme0n1 /nvme/media ext4   rw,noatime,nodiratime
[2026-05-27 16:14:01] measurement_begin mount_opt=nodiscard discard_state=off data_dir=/nvme/media/gc_exp/20260527_155009_nodiscard_data
[2026-05-27 16:29:02] after_run data_dir=/nvme/media/gc_exp/20260527_155009_nodiscard_data fb_files=156873 fb_bytes=165799427231 work_files=2821 work_bytes=11063287808 age_bytes=571230691328 fs_avail=235035766784 fs_avail_human=218.89GiB
[2026-05-27 16:29:02] after_run fs_source=/dev/nvme0n1 fs_target=/nvme/media fs_fstype=ext4 fs_avail=235035766784 fs_avail_human=218.89GiB
Filesystem      Size  Used Avail Use% Mounted on
/dev/nvme0n1    916G  697G  219G  77% /nvme/media
SOURCE       TARGET      FSTYPE OPTIONS
/dev/nvme0n1 /nvme/media ext4   rw,noatime,nodiratime
