[2026-05-27 16:14:01] start delete entries=27746 rate=6442450944/min (6.00GiB/min) runtime=900.0s watch_pid=13370 progress_sec=10.0
[2026-05-27 16:14:01] progress deleted_files=1 deleted_bytes=4194304 (4.00MiB) elapsed=0.00s
[2026-05-27 16:14:12] progress deleted_files=309 deleted_bytes=1091567616 (1.02GiB) elapsed=10.07s
[2026-05-27 16:14:22] progress deleted_files=584 deleted_bytes=2219835392 (2.07GiB) elapsed=20.72s
[2026-05-27 16:14:33] progress deleted_files=906 deleted_bytes=3343908864 (3.11GiB) elapsed=31.15s
[2026-05-27 16:14:43] progress deleted_files=1179 deleted_bytes=4463788032 (4.16GiB) elapsed=41.50s
[2026-05-27 16:14:53] progress deleted_files=1437 deleted_bytes=5564792832 (5.18GiB) elapsed=51.88s
[2026-05-27 16:15:04] progress deleted_files=1737 deleted_bytes=6687817728 (6.23GiB) elapsed=62.37s
[2026-05-27 16:15:14] progress deleted_files=2029 deleted_bytes=7815036928 (7.28GiB) elapsed=72.79s
[2026-05-27 16:15:25] progress deleted_files=2334 deleted_bytes=8937013248 (8.32GiB) elapsed=83.13s
[2026-05-27 16:15:35] progress deleted_files=2585 deleted_bytes=10043260928 (9.35GiB) elapsed=93.40s
[2026-05-27 16:15:45] progress deleted_files=2874 deleted_bytes=11151605760 (10.39GiB) elapsed=103.71s
[2026-05-27 16:15:56] progress deleted_files=3147 deleted_bytes=12252610560 (11.41GiB) elapsed=114.09s
[2026-05-27 16:16:06] progress deleted_files=3416 deleted_bytes=13358858240 (12.44GiB) elapsed=124.41s
[2026-05-27 16:16:16] progress deleted_files=3697 deleted_bytes=14452523008 (13.46GiB) elapsed=134.63s
[2026-05-27 16:16:26] progress deleted_files=3998 deleted_bytes=15551430656 (14.48GiB) elapsed=144.88s
[2026-05-27 16:16:37] progress deleted_files=4283 deleted_bytes=16655581184 (15.51GiB) elapsed=155.16s
[2026-05-27 16:16:47] progress deleted_files=4565 deleted_bytes=17759731712 (16.54GiB) elapsed=165.49s
[2026-05-27 16:16:57] progress deleted_files=4854 deleted_bytes=18871222272 (17.58GiB) elapsed=175.67s
[2026-05-27 16:17:07] progress deleted_files=5148 deleted_bytes=19959644160 (18.59GiB) elapsed=185.89s
[2026-05-27 16:17:18] progress deleted_files=5434 deleted_bytes=21064843264 (19.62GiB) elapsed=196.18s
[2026-05-27 16:17:28] progress deleted_files=5725 deleted_bytes=22150119424 (20.63GiB) elapsed=206.30s
[2026-05-27 16:17:38] progress deleted_files=5987 deleted_bytes=23249027072 (21.65GiB) elapsed=216.42s
[2026-05-27 16:17:48] progress deleted_files=6272 deleted_bytes=24331157504 (22.66GiB) elapsed=226.57s
[2026-05-27 16:17:58] progress deleted_files=6564 deleted_bytes=25417482240 (23.67GiB) elapsed=236.70s
[2026-05-27 16:18:08] progress deleted_files=6823 deleted_bytes=26510098432 (24.69GiB) elapsed=246.76s
[2026-05-27 16:18:19] progress deleted_files=7084 deleted_bytes=27582791680 (25.69GiB) elapsed=257.17s
[2026-05-27 16:18:29] progress deleted_files=7403 deleted_bytes=28706865152 (26.74GiB) elapsed=267.40s
[2026-05-27 16:18:39] progress deleted_files=7672 deleted_bytes=29803675648 (27.76GiB) elapsed=277.55s
[2026-05-27 16:18:49] progress deleted_files=7954 deleted_bytes=30895243264 (28.77GiB) elapsed=287.71s
[2026-05-27 16:19:00] progress deleted_files=8235 deleted_bytes=32007782400 (29.81GiB) elapsed=298.07s
[2026-05-27 16:19:10] progress deleted_files=8520 deleted_bytes=33099350016 (30.83GiB) elapsed=308.19s
[2026-05-27 16:19:20] progress deleted_files=8773 deleted_bytes=34188820480 (31.84GiB) elapsed=318.34s
[2026-05-27 16:19:30] progress deleted_files=9063 deleted_bytes=35279339520 (32.86GiB) elapsed=328.56s
[2026-05-27 16:19:40] progress deleted_files=9370 deleted_bytes=36378247168 (33.88GiB) elapsed=338.77s
[2026-05-27 16:19:51] progress deleted_files=9647 deleted_bytes=37480300544 (34.91GiB) elapsed=349.05s
[2026-05-27 16:20:01] progress deleted_files=9892 deleted_bytes=38564528128 (35.92GiB) elapsed=359.17s
[2026-05-27 16:20:11] progress deleted_files=10182 deleted_bytes=39670775808 (36.95GiB) elapsed=369.48s
[2026-05-27 16:20:21] progress deleted_files=10460 deleted_bytes=40764440576 (37.96GiB) elapsed=379.66s
[2026-05-27 16:20:31] progress deleted_files=10738 deleted_bytes=41861251072 (38.99GiB) elapsed=389.81s
[2026-05-27 16:20:42] progress deleted_files=11045 deleted_bytes=42960158720 (40.01GiB) elapsed=400.08s
[2026-05-27 16:20:52] progress deleted_files=11343 deleted_bytes=44055920640 (41.03GiB) elapsed=410.32s
[2026-05-27 16:21:02] progress deleted_files=11594 deleted_bytes=45162168320 (42.06GiB) elapsed=420.61s
[2026-05-27 16:21:12] progress deleted_files=11878 deleted_bytes=46252687360 (43.08GiB) elapsed=430.78s
[2026-05-27 16:21:22] progress deleted_files=12183 deleted_bytes=47355789312 (44.10GiB) elapsed=441.03s
[2026-05-27 16:21:33] progress deleted_files=12468 deleted_bytes=48475668480 (45.15GiB) elapsed=451.48s
[2026-05-27 16:21:43] progress deleted_files=12754 deleted_bytes=49580867584 (46.18GiB) elapsed=461.76s
[2026-05-27 16:21:54] progress deleted_files=13067 deleted_bytes=50695503872 (47.21GiB) elapsed=472.13s
[2026-05-27 16:22:04] progress deleted_files=13351 deleted_bytes=51804897280 (48.25GiB) elapsed=482.45s
[2026-05-27 16:22:14] progress deleted_files=13624 deleted_bytes=52902756352 (49.27GiB) elapsed=492.68s
[2026-05-27 16:22:24] progress deleted_files=13897 deleted_bytes=54013198336 (50.30GiB) elapsed=503.03s
[2026-05-27 16:22:35] progress deleted_files=14183 deleted_bytes=55115251712 (51.33GiB) elapsed=513.31s
[2026-05-27 16:22:45] progress deleted_files=14446 deleted_bytes=56215207936 (52.35GiB) elapsed=523.44s
[2026-05-27 16:22:55] progress deleted_files=14733 deleted_bytes=57318309888 (53.38GiB) elapsed=533.70s
[2026-05-27 16:23:06] progress deleted_files=15003 deleted_bytes=58428751872 (54.42GiB) elapsed=544.16s
[2026-05-27 16:23:16] progress deleted_files=15281 deleted_bytes=59531853824 (55.44GiB) elapsed=554.43s
[2026-05-27 16:23:26] progress deleted_files=15569 deleted_bytes=60648587264 (56.48GiB) elapsed=564.81s
[2026-05-27 16:23:37] progress deleted_files=15864 deleted_bytes=61766369280 (57.52GiB) elapsed=575.12s
[2026-05-27 16:23:47] progress deleted_files=16148 deleted_bytes=62853742592 (58.54GiB) elapsed=585.39s
[2026-05-27 16:23:57] progress deleted_files=16490 deleted_bytes=63967330304 (59.57GiB) elapsed=595.62s
[2026-05-27 16:24:07] progress deleted_files=16799 deleted_bytes=65049460736 (60.58GiB) elapsed=605.83s
[2026-05-27 16:24:18] progress deleted_files=17061 deleted_bytes=66154659840 (61.61GiB) elapsed=616.11s
[2026-05-27 16:24:28] progress deleted_files=17342 deleted_bytes=67248324608 (62.63GiB) elapsed=626.27s
[2026-05-27 16:24:38] progress deleted_files=17648 deleted_bytes=68346183680 (63.65GiB) elapsed=636.44s
[2026-05-27 16:24:48] progress deleted_files=17925 deleted_bytes=69429362688 (64.66GiB) elapsed=646.60s
[2026-05-27 16:24:58] progress deleted_files=18260 deleted_bytes=70526173184 (65.68GiB) elapsed=656.96s
[2026-05-27 16:25:09] progress deleted_files=18531 deleted_bytes=71647100928 (66.73GiB) elapsed=667.22s
[2026-05-27 16:25:19] progress deleted_files=18825 deleted_bytes=72738668544 (67.74GiB) elapsed=677.44s
[2026-05-27 16:25:29] progress deleted_files=19076 deleted_bytes=73832333312 (68.76GiB) elapsed=687.60s
[2026-05-27 16:25:39] progress deleted_files=19379 deleted_bytes=74930192384 (69.78GiB) elapsed=697.85s
[2026-05-27 16:25:50] progress deleted_files=19661 deleted_bytes=76034342912 (70.81GiB) elapsed=708.12s
[2026-05-27 16:26:00] progress deleted_files=19904 deleted_bytes=77138493440 (71.84GiB) elapsed=718.32s
[2026-05-27 16:26:10] progress deleted_files=20172 deleted_bytes=78231109632 (72.86GiB) elapsed=728.54s
[2026-05-27 16:26:20] progress deleted_files=20456 deleted_bytes=79321628672 (73.87GiB) elapsed=738.79s
[2026-05-27 16:26:30] progress deleted_files=20732 deleted_bytes=80425779200 (74.90GiB) elapsed=749.02s
[2026-05-27 16:26:41] progress deleted_files=21028 deleted_bytes=81532026880 (75.93GiB) elapsed=759.33s
[2026-05-27 16:26:51] progress deleted_files=21314 deleted_bytes=82627788800 (76.95GiB) elapsed=769.49s
[2026-05-27 16:27:01] progress deleted_files=21603 deleted_bytes=83714113536 (77.96GiB) elapsed=779.66s
[2026-05-27 16:27:11] progress deleted_files=21866 deleted_bytes=84807778304 (78.98GiB) elapsed=789.84s
[2026-05-27 16:27:22] progress deleted_files=22157 deleted_bytes=85924511744 (80.02GiB) elapsed=800.16s
[2026-05-27 16:27:32] progress deleted_files=22437 deleted_bytes=87013982208 (81.04GiB) elapsed=810.36s
[2026-05-27 16:27:42] progress deleted_files=22755 deleted_bytes=88118132736 (82.07GiB) elapsed=820.62s
[2026-05-27 16:27:52] progress deleted_files=22993 deleted_bytes=89207603200 (83.08GiB) elapsed=830.74s
[2026-05-27 16:28:02] progress deleted_files=23273 deleted_bytes=90306510848 (84.10GiB) elapsed=840.92s
[2026-05-27 16:28:13] progress deleted_files=23545 deleted_bytes=91393884160 (85.12GiB) elapsed=851.16s
[2026-05-27 16:28:23] progress deleted_files=23853 deleted_bytes=92484403200 (86.13GiB) elapsed=861.34s
[2026-05-27 16:28:33] progress deleted_files=24165 deleted_bytes=93591699456 (87.16GiB) elapsed=871.60s
[2026-05-27 16:28:43] progress deleted_files=24461 deleted_bytes=94675927040 (88.17GiB) elapsed=881.75s
[2026-05-27 16:28:53] progress deleted_files=24760 deleted_bytes=95765397504 (89.19GiB) elapsed=891.89s
[2026-05-27 16:28:59] sync after deletion
[2026-05-27 16:29:01] done deleted_files=24925 deleted_bytes=96312754176 (89.70GiB) elapsed=899.15s stop_reason=watch_pid_exit
