Filebench Version 1.5-alpha3
0.000: Allocated 177MB of shared memory
0.005: Populating and pre-allocating filesets
0.067: fbset0 populated: 184320 files, avg. dir. width = 64, avg. dir. depth = 2.9, 0 leafdirs, 184320.000MB total size
0.067: Removing fbset0 tree (if exists)
0.068: Pre-allocating directories in fbset0 tree
0.127: Pre-allocating files in fbset0 tree
345.039: Waiting for pre-allocation to finish (in case of a parallel pre-allocation)
345.039: Population and pre-allocation of filesets completed
345.039: Starting 1 fbproc0 instances
346.047: Running...
1246.127: Run took 900 seconds...
1246.132: Per-Operation Breakdown
delete0              332939ops      370ops/s   0.0mb/s    0.603ms/op [0.016ms - 221.748ms]
stat0                332939ops      370ops/s   0.0mb/s    0.269ms/op [0.002ms - 184.700ms]
close_append0        332939ops      370ops/s   0.0mb/s    0.006ms/op [0.001ms - 4.945ms]
append0              332939ops      370ops/s   2.9mb/s    1.293ms/op [0.001ms - 406.464ms]
open_append0         332939ops      370ops/s   0.0mb/s    0.571ms/op [0.004ms - 198.476ms]
close_read0          332939ops      370ops/s   0.0mb/s    0.008ms/op [0.001ms - 6.356ms]
read0                332939ops      370ops/s 371.4mb/s   10.890ms/op [0.134ms - 230.935ms]
open_read0           332940ops      370ops/s   0.0mb/s    1.119ms/op [0.004ms - 200.438ms]
close_create0        332940ops      370ops/s   0.0mb/s    0.008ms/op [0.001ms - 5.287ms]
write0               332940ops      370ops/s 369.9mb/s   27.998ms/op [0.517ms - 663.401ms]
create0              332955ops      370ops/s   0.0mb/s    0.384ms/op [0.014ms - 157.905ms]
1246.132: IO Summary: 3662348 ops 4068.907 ops/s 370/740 rd/wr 744.1mb/s 3.923ms/op
1246.132: Shutting down processes
