[2026-05-27 15:50:10] filesystem resolved: source=/dev/nvme0n1 target=/nvme/media fstype=ext4
[2026-05-27 15:50:10] current mount options: rw,noatime,nodiratime
discard_state=off
mode=nodiscard
mount_opt=nodiscard
device=/dev/nvme0n1
required_source=/dev/nvme0n1
fs_source=/dev/nvme0n1
fs_target=/nvme/media
fs_fstype=ext4
fs_options=rw,noatime,nodiratime
base_dir=/home/kjh/real_ssd_test/gc
mnt=/nvme/media
data_root=/nvme/media/gc_exp
data_dir=/nvme/media/gc_exp/20260527_155009_nodiscard_data
age_dir=/nvme/media/gc_exp/age_filler
fb_dir=/nvme/media/gc_exp/20260527_155009_nodiscard_data/filebench
wk_dir=/nvme/media/gc_exp/20260527_155009_nodiscard_data/work
log_dir=/home/kjh/real_ssd_test/gc/logs/20260527_155009_nodiscard_strict_gc
runtime_sec=900
age_enable=1
gc_target_free_gib=100
run_headroom_gib=30
min_free_gib_after_run=40
fb_logical_gib=180
fb_expected_prealloc_bytes=164282499072
fb_expected_prealloc_human=153.00GiB
fb_prealloc=85
fb_meanfile_kib=1024
fb_set_count=1
fb_set_entries=184320
fb_threads=16
wk_target_gib=100
wk_target_bytes=107374182400
wk_target_human=100.00GiB
wk_min_gib=100
wk_min_bytes=107374182400
wk_min_human=100.00GiB
strict_work_min=1
delete_rate_gib_per_min=6
delete_tick_sec=1
delete_progress_sec=10
preserve_data_on_exit=1
[2026-05-27 15:50:10] mount -o remount,noatime,nodiratime,nodiscard /nvme/media
[2026-05-27 15:50:10] age planning: free=915.80GiB desired_before_run=383.00GiB target_measurement_free=100.00GiB
[2026-05-27 15:50:10] create age filler 532.00GiB under /nvme/media/gc_exp/age_filler/age_20260527_155009_nodiscard
[2026-05-27 16:08:12] generate filebench workload
[2026-05-27 16:08:12] start filebench: prealloc and runtime in one invocation
[2026-05-27 16:08:12] start concurrent work-file creation target=100.00GiB min=100.00GiB
[2026-05-27 16:08:22] waiting for filebench Running... (10s elapsed; work_created=3.80GiB)
[2026-05-27 16:08:32] waiting for filebench Running... (20s elapsed; work_created=7.33GiB)
[2026-05-27 16:08:42] waiting for filebench Running... (30s elapsed; work_created=10.08GiB)
[2026-05-27 16:08:52] waiting for filebench Running... (40s elapsed; work_created=12.93GiB)
[2026-05-27 16:09:02] waiting for filebench Running... (50s elapsed; work_created=16.53GiB)
[2026-05-27 16:09:12] waiting for filebench Running... (60s elapsed; work_created=20.72GiB)
[2026-05-27 16:09:23] waiting for filebench Running... (70s elapsed; work_created=23.87GiB)
[2026-05-27 16:09:33] waiting for filebench Running... (80s elapsed; work_created=26.60GiB)
[2026-05-27 16:09:43] waiting for filebench Running... (90s elapsed; work_created=29.43GiB)
[2026-05-27 16:09:53] waiting for filebench Running... (100s elapsed; work_created=32.73GiB)
[2026-05-27 16:10:03] waiting for filebench Running... (110s elapsed; work_created=36.20GiB)
[2026-05-27 16:10:13] waiting for filebench Running... (120s elapsed; work_created=38.85GiB)
[2026-05-27 16:10:23] waiting for filebench Running... (130s elapsed; work_created=42.32GiB)
[2026-05-27 16:10:33] waiting for filebench Running... (140s elapsed; work_created=45.94GiB)
[2026-05-27 16:10:43] waiting for filebench Running... (150s elapsed; work_created=50.38GiB)
[2026-05-27 16:10:53] waiting for filebench Running... (160s elapsed; work_created=54.75GiB)
[2026-05-27 16:11:03] waiting for filebench Running... (170s elapsed; work_created=58.61GiB)
[2026-05-27 16:11:13] waiting for filebench Running... (180s elapsed; work_created=62.30GiB)
[2026-05-27 16:11:23] waiting for filebench Running... (190s elapsed; work_created=65.85GiB)
[2026-05-27 16:11:34] waiting for filebench Running... (200s elapsed; work_created=69.76GiB)
[2026-05-27 16:11:44] waiting for filebench Running... (210s elapsed; work_created=72.52GiB)
[2026-05-27 16:11:54] waiting for filebench Running... (220s elapsed; work_created=76.54GiB)
[2026-05-27 16:12:04] waiting for filebench Running... (230s elapsed; work_created=80.76GiB)
[2026-05-27 16:12:14] waiting for filebench Running... (240s elapsed; work_created=84.57GiB)
[2026-05-27 16:12:24] waiting for filebench Running... (250s elapsed; work_created=89.02GiB)
[2026-05-27 16:12:34] waiting for filebench Running... (260s elapsed; work_created=94.11GiB)
[2026-05-27 16:12:44] waiting for filebench Running... (270s elapsed; work_created=98.39GiB)
[2026-05-27 16:12:54] waiting for filebench Running... (280s elapsed; work_created=100.00GiB)
[2026-05-27 16:13:04] waiting for filebench Running... (290s elapsed; work_created=100.00GiB)
[2026-05-27 16:13:14] waiting for filebench Running... (300s elapsed; work_created=100.00GiB)
[2026-05-27 16:13:24] waiting for filebench Running... (310s elapsed; work_created=100.00GiB)
[2026-05-27 16:13:35] waiting for filebench Running... (320s elapsed; work_created=100.00GiB)
[2026-05-27 16:13:45] waiting for filebench Running... (330s elapsed; work_created=100.00GiB)
[2026-05-27 16:13:55] waiting for filebench Running... (340s elapsed; work_created=100.00GiB)
[2026-05-27 16:13:59] filebench reached Running state; preallocation phase is done
[2026-05-27 16:14:00] work creation stopped created=100.00GiB min=100.00GiB target=100.00GiB
[2026-05-27 16:14:01] measurement begins: filebench runtime + delete stream
[2026-05-27 16:14:01] start delete worker while filebench is running rate=6.00GiB/min progress_sec=10
[2026-05-27 16:28:59] filebench exit rc=0
[2026-05-27 16:29:02] done: /home/kjh/real_ssd_test/gc/logs/20260527_155009_nodiscard_strict_gc
[2026-05-27 16:29:02] data left in: /nvme/media/gc_exp/20260527_155009_nodiscard_data
[2026-05-27 16:29:02] restore mount option: mount -o remount,nodiscard /nvme/media
[2026-05-27 16:29:02] experiment data preserved under: /nvme/media/gc_exp/20260527_155009_nodiscard_data
[2026-05-27 16:29:02] age filler preserved under: /nvme/media/gc_exp/age_filler
[2026-05-27 16:29:02] logs preserved under: /home/kjh/real_ssd_test/gc/logs/20260527_155009_nodiscard_strict_gc
